Archive member included to satisfy reference by file (symbol)

/usr/lib/gcc/arm-none-eabi/12.2.1/thumb/v7e-m+fp/hard/libgcc.a(_arm_addsubdf3.o)
                              CMakeFiles/FreshmanProject-stm32.elf.dir/UC/Mpu6050.c.obj (__aeabi_dadd)
/usr/lib/gcc/arm-none-eabi/12.2.1/thumb/v7e-m+fp/hard/libgcc.a(_arm_muldivdf3.o)
                              CMakeFiles/FreshmanProject-stm32.elf.dir/UC/Mpu6050.c.obj (__aeabi_ddiv)
/usr/lib/gcc/arm-none-eabi/12.2.1/thumb/v7e-m+fp/hard/libgcc.a(_arm_truncdfsf2.o)
                              CMakeFiles/FreshmanProject-stm32.elf.dir/UC/Mpu6050.c.obj (__aeabi_d2f)
/usr/lib/gcc/arm-none-eabi/12.2.1/thumb/v7e-m+fp/hard/libgcc.a(_aeabi_uldivmod.o)
                              CMakeFiles/FreshmanProject-stm32.elf.dir/Drivers/STM32F4xx_HAL_Driver/Src/stm32f4xx_hal_rcc.c.obj (__aeabi_uldivmod)
/usr/lib/gcc/arm-none-eabi/12.2.1/thumb/v7e-m+fp/hard/libgcc.a(_udivmoddi4.o)
                              /usr/lib/gcc/arm-none-eabi/12.2.1/thumb/v7e-m+fp/hard/libgcc.a(_aeabi_uldivmod.o) (__udivmoddi4)
/usr/lib/gcc/arm-none-eabi/12.2.1/thumb/v7e-m+fp/hard/libgcc.a(_dvmd_tls.o)
                              /usr/lib/gcc/arm-none-eabi/12.2.1/thumb/v7e-m+fp/hard/libgcc.a(_aeabi_uldivmod.o) (__aeabi_ldiv0)
/usr/lib/gcc/arm-none-eabi/12.2.1/../../../arm-none-eabi/lib/thumb/v7e-m+fp/hard/libg.a(lib_a-atexit.o)
                              /usr/lib/gcc/arm-none-eabi/12.2.1/../../../arm-none-eabi/lib/thumb/v7e-m+fp/hard/crt0.o (atexit)
/usr/lib/gcc/arm-none-eabi/12.2.1/../../../arm-none-eabi/lib/thumb/v7e-m+fp/hard/libg.a(lib_a-errno.o)
                              CMakeFiles/FreshmanProject-stm32.elf.dir/Core/Src/syscalls.c.obj (__errno)
/usr/lib/gcc/arm-none-eabi/12.2.1/../../../arm-none-eabi/lib/thumb/v7e-m+fp/hard/libg.a(lib_a-exit.o)
                              /usr/lib/gcc/arm-none-eabi/12.2.1/../../../arm-none-eabi/lib/thumb/v7e-m+fp/hard/crt0.o (exit)
/usr/lib/gcc/arm-none-eabi/12.2.1/../../../arm-none-eabi/lib/thumb/v7e-m+fp/hard/libg.a(lib_a-fini.o)
                              /usr/lib/gcc/arm-none-eabi/12.2.1/../../../arm-none-eabi/lib/thumb/v7e-m+fp/hard/crt0.o (__libc_fini_array)
/usr/lib/gcc/arm-none-eabi/12.2.1/../../../arm-none-eabi/lib/thumb/v7e-m+fp/hard/libg.a(lib_a-impure.o)
                              /usr/lib/gcc/arm-none-eabi/12.2.1/../../../arm-none-eabi/lib/thumb/v7e-m+fp/hard/libg.a(lib_a-exit.o) (_global_impure_ptr)
/usr/lib/gcc/arm-none-eabi/12.2.1/../../../arm-none-eabi/lib/thumb/v7e-m+fp/hard/libg.a(lib_a-init.o)
                              /usr/lib/gcc/arm-none-eabi/12.2.1/../../../arm-none-eabi/lib/thumb/v7e-m+fp/hard/crt0.o (__libc_init_array)
/usr/lib/gcc/arm-none-eabi/12.2.1/../../../arm-none-eabi/lib/thumb/v7e-m+fp/hard/libg.a(lib_a-malloc.o)
                              CMakeFiles/FreshmanProject-stm32.elf.dir/UC/Serial_Servo.c.obj (malloc)
/usr/lib/gcc/arm-none-eabi/12.2.1/../../../arm-none-eabi/lib/thumb/v7e-m+fp/hard/libg.a(lib_a-mallocr.o)
                              /usr/lib/gcc/arm-none-eabi/12.2.1/../../../arm-none-eabi/lib/thumb/v7e-m+fp/hard/libg.a(lib_a-malloc.o) (_malloc_r)
/usr/lib/gcc/arm-none-eabi/12.2.1/../../../arm-none-eabi/lib/thumb/v7e-m+fp/hard/libg.a(lib_a-memcpy.o)
                              CMakeFiles/FreshmanProject-stm32.elf.dir/Middlewares/Third_Party/FreeRTOS/Source/CMSIS_RTOS_V2/cmsis_os2.c.obj (memcpy)
/usr/lib/gcc/arm-none-eabi/12.2.1/../../../arm-none-eabi/lib/thumb/v7e-m+fp/hard/libg.a(lib_a-memset.o)
                              /usr/lib/gcc/arm-none-eabi/12.2.1/../../../arm-none-eabi/lib/thumb/v7e-m+fp/hard/crt0.o (memset)
/usr/lib/gcc/arm-none-eabi/12.2.1/../../../arm-none-eabi/lib/thumb/v7e-m+fp/hard/libg.a(lib_a-printf.o)
                              CMakeFiles/FreshmanProject-stm32.elf.dir/UC/USER_main.c.obj (printf)
/usr/lib/gcc/arm-none-eabi/12.2.1/../../../arm-none-eabi/lib/thumb/v7e-m+fp/hard/libg.a(lib_a-puts.o)
                              CMakeFiles/FreshmanProject-stm32.elf.dir/UC/USER_main.c.obj (puts)
/usr/lib/gcc/arm-none-eabi/12.2.1/../../../arm-none-eabi/lib/thumb/v7e-m+fp/hard/libg.a(lib_a-reent.o)
                              CMakeFiles/FreshmanProject-stm32.elf.dir/Middlewares/Third_Party/FreeRTOS/Source/tasks.c.obj (_reclaim_reent)
/usr/lib/gcc/arm-none-eabi/12.2.1/../../../arm-none-eabi/lib/thumb/v7e-m+fp/hard/libg.a(lib_a-sbrkr.o)
                              /usr/lib/gcc/arm-none-eabi/12.2.1/../../../arm-none-eabi/lib/thumb/v7e-m+fp/hard/libg.a(lib_a-mallocr.o) (_sbrk_r)
/usr/lib/gcc/arm-none-eabi/12.2.1/../../../arm-none-eabi/lib/thumb/v7e-m+fp/hard/libg.a(lib_a-setvbuf.o)
                              CMakeFiles/FreshmanProject-stm32.elf.dir/UC/retarget.c.obj (setvbuf)
/usr/lib/gcc/arm-none-eabi/12.2.1/../../../arm-none-eabi/lib/thumb/v7e-m+fp/hard/libg.a(lib_a-strlen.o)
                              /usr/lib/gcc/arm-none-eabi/12.2.1/../../../arm-none-eabi/lib/thumb/v7e-m+fp/hard/libg.a(lib_a-puts.o) (strlen)
[...]
Memory Configuration

Name             Origin             Length             Attributes
RAM              0x0000000020000000 0x0000000000020000 xrw
FLASH            0x0000000008000000 0x0000000000080000 xr
*default*        0x0000000000000000 0xffffffffffffffff

Linker script and memory map

LOAD /usr/lib/gcc/arm-none-eabi/12.2.1/thumb/v7e-m+fp/hard/crti.o
LOAD /usr/lib/gcc/arm-none-eabi/12.2.1/thumb/v7e-m+fp/hard/crtbegin.o
LOAD /usr/lib/gcc/arm-none-eabi/12.2.1/../../../arm-none-eabi/lib/thumb/v7e-m+fp/hard/crt0.o
LOAD CMakeFiles/FreshmanProject-stm32.elf.dir/Core/Src/freertos.c.obj
LOAD CMakeFiles/FreshmanProject-stm32.elf.dir/Core/Src/gpio.c.obj
LOAD CMakeFiles/FreshmanProject-stm32.elf.dir/Core/Src/i2c.c.obj
LOAD CMakeFiles/FreshmanProject-stm32.elf.dir/Core/Src/main.c.obj
LOAD CMakeFiles/FreshmanProject-stm32.elf.dir/Core/Src/stm32f4xx_hal_msp.c.obj
LOAD CMakeFiles/FreshmanProject-stm32.elf.dir/Core/Src/stm32f4xx_hal_timebase_tim.c.obj
LOAD CMakeFiles/FreshmanProject-stm32.elf.dir/Core/Src/stm32f4xx_it.c.obj
LOAD CMakeFiles/FreshmanProject-stm32.elf.dir/Core/Src/syscalls.c.obj
LOAD CMakeFiles/FreshmanProject-stm32.elf.dir/Core/Src/sysmem.c.obj
LOAD CMakeFiles/FreshmanProject-stm32.elf.dir/Core/Src/system_stm32f4xx.c.obj
LOAD CMakeFiles/FreshmanProject-stm32.elf.dir/Core/Src/usart.c.obj
LOAD CMakeFiles/FreshmanProject-stm32.elf.dir/Core/Startup/startup_stm32f411ceux.s.obj
LOAD CMakeFiles/FreshmanProject-stm32.elf.dir/Core/ThreadSafe/newlib_lock_glue.c.obj
LOAD CMakeFiles/FreshmanProject-stm32.elf.dir/Drivers/STM32F4xx_HAL_Driver/Src/stm32f4xx_hal.c.obj
LOAD CMakeFiles/FreshmanProject-stm32.elf.dir/Drivers/STM32F4xx_HAL_Driver/Src/stm32f4xx_hal_cortex.c.obj
LOAD CMakeFiles/FreshmanProject-stm32.elf.dir/Drivers/STM32F4xx_HAL_Driver/Src/stm32f4xx_hal_dma.c.obj
LOAD CMakeFiles/FreshmanProject-stm32.elf.dir/Drivers/STM32F4xx_HAL_Driver/Src/stm32f4xx_hal_dma_ex.c.obj
LOAD CMakeFiles/FreshmanProject-stm32.elf.dir/Drivers/STM32F4xx_HAL_Driver/Src/stm32f4xx_hal_exti.c.obj
LOAD CMakeFiles/FreshmanProject-stm32.elf.dir/Drivers/STM32F4xx_HAL_Driver/Src/stm32f4xx_hal_flash.c.obj
LOAD CMakeFiles/FreshmanProject-stm32.elf.dir/Drivers/STM32F4xx_HAL_Driver/Src/stm32f4xx_hal_flash_ex.c.obj
LOAD CMakeFiles/FreshmanProject-stm32.elf.dir/Drivers/STM32F4xx_HAL_Driver/Src/stm32f4xx_hal_flash_ramfunc.c.obj
LOAD CMakeFiles/FreshmanProject-stm32.elf.dir/Drivers/STM32F4xx_HAL_Driver/Src/stm32f4xx_hal_gpio.c.obj
LOAD CMakeFiles/FreshmanProject-stm32.elf.dir/Drivers/STM32F4xx_HAL_Driver/Src/stm32f4xx_hal_i2c.c.obj
LOAD CMakeFiles/FreshmanProject-stm32.elf.dir/Drivers/STM32F4xx_HAL_Driver/Src/stm32f4xx_hal_i2c_ex.c.obj
LOAD CMakeFiles/FreshmanProject-stm32.elf.dir/Drivers/STM32F4xx_HAL_Driver/Src/stm32f4xx_hal_pwr.c.obj
LOAD CMakeFiles/FreshmanProject-stm32.elf.dir/Drivers/STM32F4xx_HAL_Driver/Src/stm32f4xx_hal_pwr_ex.c.obj
LOAD CMakeFiles/FreshmanProject-stm32.elf.dir/Drivers/STM32F4xx_HAL_Driver/Src/stm32f4xx_hal_rcc.c.obj
LOAD CMakeFiles/FreshmanProject-stm32.elf.dir/Drivers/STM32F4xx_HAL_Driver/Src/stm32f4xx_hal_rcc_ex.c.obj
LOAD CMakeFiles/FreshmanProject-stm32.elf.dir/Drivers/STM32F4xx_HAL_Driver/Src/stm32f4xx_hal_tim.c.obj
LOAD CMakeFiles/FreshmanProject-stm32.elf.dir/Drivers/STM32F4xx_HAL_Driver/Src/stm32f4xx_hal_tim_ex.c.obj
LOAD CMakeFiles/FreshmanProject-stm32.elf.dir/Drivers/STM32F4xx_HAL_Driver/Src/stm32f4xx_hal_uart.c.obj
LOAD CMakeFiles/FreshmanProject-stm32.elf.dir/Middlewares/Third_Party/FreeRTOS/Source/CMSIS_RTOS_V2/cmsis_os2.c.obj
LOAD CMakeFiles/FreshmanProject-stm32.elf.dir/Middlewares/Third_Party/FreeRTOS/Source/croutine.c.obj
LOAD CMakeFiles/FreshmanProject-stm32.elf.dir/Middlewares/Third_Party/FreeRTOS/Source/event_groups.c.obj
LOAD CMakeFiles/FreshmanProject-stm32.elf.dir/Middlewares/Third_Party/FreeRTOS/Source/list.c.obj
LOAD CMakeFiles/FreshmanProject-stm32.elf.dir/Middlewares/Third_Party/FreeRTOS/Source/portable/GCC/ARM_CM4F/port.c.obj
LOAD CMakeFiles/FreshmanProject-stm32.elf.dir/Middlewares/Third_Party/FreeRTOS/Source/portable/MemMang/heap_4.c.obj
LOAD CMakeFiles/FreshmanProject-stm32.elf.dir/Middlewares/Third_Party/FreeRTOS/Source/queue.c.obj
LOAD CMakeFiles/FreshmanProject-stm32.elf.dir/Middlewares/Third_Party/FreeRTOS/Source/stream_buffer.c.obj
LOAD CMakeFiles/FreshmanProject-stm32.elf.dir/Middlewares/Third_Party/FreeRTOS/Source/tasks.c.obj
LOAD CMakeFiles/FreshmanProject-stm32.elf.dir/Middlewares/Third_Party/FreeRTOS/Source/timers.c.obj
LOAD CMakeFiles/FreshmanProject-stm32.elf.dir/UC/Mpu6050.c.obj
LOAD CMakeFiles/FreshmanProject-stm32.elf.dir/UC/Serial_Servo.c.obj
LOAD CMakeFiles/FreshmanProject-stm32.elf.dir/UC/USER_main.c.obj
LOAD CMakeFiles/FreshmanProject-stm32.elf.dir/UC/mapping.c.obj
LOAD CMakeFiles/FreshmanProject-stm32.elf.dir/UC/moving_average_filter.c.obj
LOAD CMakeFiles/FreshmanProject-stm32.elf.dir/UC/retarget.c.obj
LOAD CMakeFiles/FreshmanProject-stm32.elf.dir/UC/sys_delay.c.obj
START GROUP
LOAD /usr/lib/gcc/arm-none-eabi/12.2.1/thumb/v7e-m+fp/hard/libgcc.a
LOAD /usr/lib/gcc/arm-none-eabi/12.2.1/../../../arm-none-eabi/lib/thumb/v7e-m+fp/hard/libg.a
LOAD /usr/lib/gcc/arm-none-eabi/12.2.1/../../../arm-none-eabi/lib/thumb/v7e-m+fp/hard/libc.a
END GROUP
LOAD /usr/lib/gcc/arm-none-eabi/12.2.1/thumb/v7e-m+fp/hard/crtend.o
LOAD /usr/lib/gcc/arm-none-eabi/12.2.1/thumb/v7e-m+fp/hard/crtn.o
                0x0000000020020000                _estack = (ORIGIN (RAM) + LENGTH (RAM))
                0x0000000000000200                _Min_Heap_Size = 0x200
                0x0000000000000400                _Min_Stack_Size = 0x400

.isr_vector     0x0000000008000000      0x198
                0x0000000008000000                . = ALIGN (0x4)
 *(.isr_vector)
 .isr_vector    0x0000000008000000      0x198 CMakeFiles/FreshmanProject-stm32.elf.dir/Core/Startup/startup_stm32f411ceux.s.obj
                0x0000000008000000                g_pfnVectors
                0x0000000008000198                . = ALIGN (0x4)

.text           0x00000000080001c0     0xd814
                0x00000000080001c0                . = ALIGN (0x4)
 *(.text)
 .text          0x00000000080001c0       0x88 /usr/lib/gcc/arm-none-eabi/12.2.1/thumb/v7e-m+fp/hard/crtbegin.o
 .text          0x0000000008000248      0x378 /usr/lib/gcc/arm-none-eabi/12.2.1/thumb/v7e-m+fp/hard/libgcc.a(_arm_addsubdf3.o)
                0x0000000008000248                __aeabi_drsub
                0x0000000008000250                __aeabi_dsub
                0x0000000008000250                __subdf3
                0x0000000008000254                __adddf3
                0x0000000008000254                __aeabi_dadd
                0x00000000080004cc                __aeabi_ui2d
                0x00000000080004cc                __floatunsidf
                0x00000000080004ec                __floatsidf
                0x00000000080004ec                __aeabi_i2d
                0x0000000008000510                __extendsfdf2
                0x0000000008000510                __aeabi_f2d
                0x0000000008000554                __aeabi_ul2d
                0x0000000008000554                __floatundidf
                0x0000000008000564                __floatdidf
                0x0000000008000564                __aeabi_l2d
 .text          0x00000000080005c0      0x424 /usr/lib/gcc/arm-none-eabi/12.2.1/thumb/v7e-m+fp/hard/libgcc.a(_arm_muldivdf3.o)
                0x00000000080005c0                __aeabi_dmul
                0x00000000080005c0                __muldf3
                0x0000000008000814                __aeabi_ddiv
                0x0000000008000814                __divdf3
 .text          0x00000000080009e4       0xa0 /usr/lib/gcc/arm-none-eabi/12.2.1/thumb/v7e-m+fp/hard/libgcc.a(_arm_truncdfsf2.o)
                0x00000000080009e4                __aeabi_d2f
                0x00000000080009e4                __truncdfsf2
 .text          0x0000000008000a84       0x30 /usr/lib/gcc/arm-none-eabi/12.2.1/thumb/v7e-m+fp/hard/libgcc.a(_aeabi_uldivmod.o)
                0x0000000008000a84                __aeabi_uldivmod
 .text          0x0000000008000ab4      0x2bc /usr/lib/gcc/arm-none-eabi/12.2.1/thumb/v7e-m+fp/hard/libgcc.a(_udivmoddi4.o)
                0x0000000008000ab4                __udivmoddi4
 .text          0x0000000008000d70        0x4 /usr/lib/gcc/arm-none-eabi/12.2.1/thumb/v7e-m+fp/hard/libgcc.a(_dvmd_tls.o)
                0x0000000008000d70                __aeabi_ldiv0
                0x0000000008000d70                __aeabi_idiv0
 .text          0x0000000008000d74        0xc /usr/lib/gcc/arm-none-eabi/12.2.1/../../../arm-none-eabi/lib/thumb/v7e-m+fp/hard/libg.a(lib_a-atexit.o)
                0x0000000008000d74                atexit
 .text          0x0000000008000d80        0xc /usr/lib/gcc/arm-none-eabi/12.2.1/../../../arm-none-eabi/lib/thumb/v7e-m+fp/hard/libg.a(lib_a-errno.o)
                0x0000000008000d80                __errno
 .text          0x0000000008000d8c       0x2c /usr/lib/gcc/arm-none-eabi/12.2.1/../../../arm-none-eabi/lib/thumb/v7e-m+fp/hard/libg.a(lib_a-fini.o)
                0x0000000008000d8c                __libc_fini_array
 .text          0x0000000008000db8       0x48 /usr/lib/gcc/arm-none-eabi/12.2.1/../../../arm-none-eabi/lib/thumb/v7e-m+fp/hard/libg.a(lib_a-init.o)
                0x0000000008000db8                __libc_init_array
 .text          0x0000000008000e00       0x20 /usr/lib/gcc/arm-none-eabi/12.2.1/../../../arm-none-eabi/lib/thumb/v7e-m+fp/hard/libg.a(lib_a-malloc.o)
                0x0000000008000e00                malloc
                0x0000000008000e10                free
 .text          0x0000000008000e20      0x554 /usr/lib/gcc/arm-none-eabi/12.2.1/../../../arm-none-eabi/lib/thumb/v7e-m+fp/hard/libg.a(lib_a-mallocr.o)
                0x0000000008000e20                _malloc_r
 .text          0x0000000008001374      0x134 /usr/lib/gcc/arm-none-eabi/12.2.1/../../../arm-none-eabi/lib/thumb/v7e-m+fp/hard/libg.a(lib_a-memcpy.o)
                0x0000000008001374                memcpy
 .text          0x00000000080014a8       0xa4 /usr/lib/gcc/arm-none-eabi/12.2.1/../../../arm-none-eabi/lib/thumb/v7e-m+fp/hard/libg.a(lib_a-memset.o)
                0x00000000080014a8                memset
 .text          0x000000000800154c       0x48 /usr/lib/gcc/arm-none-eabi/12.2.1/../../../arm-none-eabi/lib/thumb/v7e-m+fp/hard/libg.a(lib_a-printf.o)
                0x000000000800154c                _printf_r
                0x000000000800156c                printf
 .text          0x0000000008001594       0x78 /usr/lib/gcc/arm-none-eabi/12.2.1/../../../arm-none-eabi/lib/thumb/v7e-m+fp/hard/libg.a(lib_a-puts.o)
                0x0000000008001594                _puts_r
                0x00000000080015fc                puts
 .text          0x000000000800160c       0xd8 /usr/lib/gcc/arm-none-eabi/12.2.1/../../../arm-none-eabi/lib/thumb/v7e-m+fp/hard/libg.a(lib_a-reent.o)
                0x000000000800160c                cleanup_glue
                0x0000000008001654                _reclaim_reent
 .text          0x00000000080016e4       0x24 /usr/lib/gcc/arm-none-eabi/12.2.1/../../../arm-none-eabi/lib/thumb/v7e-m+fp/hard/libg.a(lib_a-sbrkr.o)
                0x00000000080016e4                _sbrk_r
 .text          0x0000000008001708      0x174 /usr/lib/gcc/arm-none-eabi/12.2.1/../../../arm-none-eabi/lib/thumb/v7e-m+fp/hard/libg.a(lib_a-setvbuf.o)
                0x0000000008001708                setvbuf
 *fill*         0x000000000800187c        0x4 
 .text          0x0000000008001880       0xdc /usr/lib/gcc/arm-none-eabi/12.2.1/../../../arm-none-eabi/lib/thumb/v7e-m+fp/hard/libg.a(lib_a-strlen.o)
                0x0000000008001880                strlen
 *fill*         0x000000000800195c        0x4 
 .text          0x0000000008001960     0x159c /usr/lib/gcc/arm-none-eabi/12.2.1/../../../arm-none-eabi/lib/thumb/v7e-m+fp/hard/libg.a(lib_a-vfprintf.o)
                0x0000000008001960                _vfprintf_r
                0x0000000008002e74                vfprintf
 .text          0x0000000008002efc       0xd4 /usr/lib/gcc/arm-none-eabi/12.2.1/../../../arm-none-eabi/lib/thumb/v7e-m+fp/hard/libg.a(lib_a-wsetup.o)
                0x0000000008002efc                __swsetup_r
 .text          0x0000000008002fd0       0x68 /usr/lib/gcc/arm-none-eabi/12.2.1/../../../arm-none-eabi/lib/thumb/v7e-m+fp/hard/libg.a(lib_a-__atexit.o)
                0x0000000008002fd0                __register_exitproc
 .text          0x0000000008003038     0x1064 /usr/lib/gcc/arm-none-eabi/12.2.1/../../../arm-none-eabi/lib/thumb/v7e-m+fp/hard/libg.a(lib_a-dtoa.o)
                0x0000000008003160                _dtoa_r
 .text          0x000000000800409c      0x1ac /usr/lib/gcc/arm-none-eabi/12.2.1/../../../arm-none-eabi/lib/thumb/v7e-m+fp/hard/libg.a(lib_a-fflush.o)
                0x000000000800409c                __sflush_r
                0x00000000080041cc                _fflush_r
                0x00000000080041f8                fflush
 .text          0x0000000008004248      0x218 /usr/lib/gcc/arm-none-eabi/12.2.1/../../../arm-none-eabi/lib/thumb/v7e-m+fp/hard/libg.a(lib_a-findfp.o)
                0x000000000800424c                _cleanup_r
                0x0000000008004334                __sfmoreglue
                0x0000000008004364                __sfp
                0x000000000800440c                _cleanup
                0x0000000008004420                __sinit
                0x0000000008004428                __sfp_lock_acquire
                0x000000000800442c                __sfp_lock_release
                0x0000000008004430                __sinit_lock_acquire
                0x0000000008004434                __sinit_lock_release
                0x0000000008004438                __fp_lock_all
                0x000000000800444c                __fp_unlock_all
 .text          0x0000000008004460      0x2ac /usr/lib/gcc/arm-none-eabi/12.2.1/../../../arm-none-eabi/lib/thumb/v7e-m+fp/hard/libg.a(lib_a-freer.o)
                0x0000000008004460                _malloc_trim_r
                0x0000000008004500                _free_r
 .text          0x000000000800470c      0x2f0 /usr/lib/gcc/arm-none-eabi/12.2.1/../../../arm-none-eabi/lib/thumb/v7e-m+fp/hard/libg.a(lib_a-fvwrite.o)
                0x000000000800470c                __sfvwrite_r
 .text          0x00000000080049fc       0x88 /usr/lib/gcc/arm-none-eabi/12.2.1/../../../arm-none-eabi/lib/thumb/v7e-m+fp/hard/libg.a(lib_a-fwalk.o)
                0x00000000080049fc                _fwalk
                0x0000000008004a3c                _fwalk_reent
 .text          0x0000000008004a84       0x14 /usr/lib/gcc/arm-none-eabi/12.2.1/../../../arm-none-eabi/lib/thumb/v7e-m+fp/hard/libg.a(lib_a-localeconv.o)
                0x0000000008004a84                __localeconv_l
                0x0000000008004a88                _localeconv_r
                0x0000000008004a90                localeconv
 .text          0x0000000008004a98      0x140 /usr/lib/gcc/arm-none-eabi/12.2.1/../../../arm-none-eabi/lib/thumb/v7e-m+fp/hard/libg.a(lib_a-makebuf.o)
                0x0000000008004a98                __smakebuf_r
                0x0000000008004b78                __swhatbuf_r
 *fill*         0x0000000008004bd8        0x8 
 .text          0x0000000008004be0       0xa0 /usr/lib/gcc/arm-none-eabi/12.2.1/../../../arm-none-eabi/lib/thumb/v7e-m+fp/hard/libg.a(lib_a-memchr.o)
                0x0000000008004be0                memchr
 .text          0x0000000008004c80       0xf8 /usr/lib/gcc/arm-none-eabi/12.2.1/../../../arm-none-eabi/lib/thumb/v7e-m+fp/hard/libg.a(lib_a-memmove.o)
                0x0000000008004c80                memmove
 .text          0x0000000008004d78      0xaa0 /usr/lib/gcc/arm-none-eabi/12.2.1/../../../arm-none-eabi/lib/thumb/v7e-m+fp/hard/libg.a(lib_a-mprec.o)
                0x0000000008004d78                _Balloc
                0x0000000008004dc4                _Bfree
                0x0000000008004dd8                __multadd
                0x0000000008004e80                __s2b
                0x0000000008004f34                __hi0bits
                0x0000000008004f74                __lo0bits
                0x0000000008004fd4                __i2b
                0x0000000008005030                __multiply
                0x000000000800518c                __pow5mult
                0x000000000800524c                __lshift
                0x000000000800533c                __mcmp
                0x0000000008005380                __mdiff
                0x00000000080054cc                __ulp
                0x000000000800552c                __b2d
                0x00000000080055ec                __d2b
                0x00000000080056bc                __ratio
                0x0000000008005718                _mprec_log10
                0x0000000008005758                __copybits
                0x00000000080057b4                __any_on
 .text          0x0000000008005818      0x3d8 /usr/lib/gcc/arm-none-eabi/12.2.1/../../../arm-none-eabi/lib/thumb/v7e-m+fp/hard/libg.a(lib_a-reallocr.o)
                0x0000000008005818                _realloc_r
 .text          0x0000000008005bf0       0x90 /usr/lib/gcc/arm-none-eabi/12.2.1/../../../arm-none-eabi/lib/thumb/v7e-m+fp/hard/libg.a(lib_a-stdio.o)
                0x0000000008005bf0                __sread
                0x0000000008005c14                __seofread
                0x0000000008005c18                __swrite
                0x0000000008005c58                __sseek
                0x0000000008005c78                __sclose
 .text          0x0000000008005c80      0xd44 /usr/lib/gcc/arm-none-eabi/12.2.1/../../../arm-none-eabi/lib/thumb/v7e-m+fp/hard/libg.a(lib_a-vfiprintf.o)
                0x0000000008005cf8                __sprint_r
                0x0000000008005d10                _vfiprintf_r
                0x000000000800693c                vfiprintf
 .text          0x00000000080069c4       0x2c /usr/lib/gcc/arm-none-eabi/12.2.1/../../../arm-none-eabi/lib/thumb/v7e-m+fp/hard/libg.a(lib_a-writer.o)
                0x00000000080069c4                _write_r
 .text          0x00000000080069f0       0x4c /usr/lib/gcc/arm-none-eabi/12.2.1/../../../arm-none-eabi/lib/thumb/v7e-m+fp/hard/libg.a(lib_a-assert.o)
                0x00000000080069f0                __assert_func
                0x0000000008006a30                __assert
 .text          0x0000000008006a3c       0x60 /usr/lib/gcc/arm-none-eabi/12.2.1/../../../arm-none-eabi/lib/thumb/v7e-m+fp/hard/libg.a(lib_a-callocr.o)
                0x0000000008006a3c                _calloc_r
 .text          0x0000000008006a9c       0x24 /usr/lib/gcc/arm-none-eabi/12.2.1/../../../arm-none-eabi/lib/thumb/v7e-m+fp/hard/libg.a(lib_a-closer.o)
                0x0000000008006a9c                _close_r
 .text          0x0000000008006ac0       0xd4 /usr/lib/gcc/arm-none-eabi/12.2.1/../../../arm-none-eabi/lib/thumb/v7e-m+fp/hard/libg.a(lib_a-fclose.o)
                0x0000000008006b24                _fclose_r
                0x0000000008006b58                fclose
 .text          0x0000000008006b94       0x44 /usr/lib/gcc/arm-none-eabi/12.2.1/../../../arm-none-eabi/lib/thumb/v7e-m+fp/hard/libg.a(lib_a-fiprintf.o)
                0x0000000008006b94                _fiprintf_r
                0x0000000008006bb0                fiprintf
 .text          0x0000000008006bd8      0x118 /usr/lib/gcc/arm-none-eabi/12.2.1/../../../arm-none-eabi/lib/thumb/v7e-m+fp/hard/libg.a(lib_a-fputwc.o)
                0x0000000008006bd8                __fputwc
                0x0000000008006c80                _fputwc_r
                0x0000000008006ca8                fputwc
 .text          0x0000000008006cf0       0x2c /usr/lib/gcc/arm-none-eabi/12.2.1/../../../arm-none-eabi/lib/thumb/v7e-m+fp/hard/libg.a(lib_a-fstatr.o)
                0x0000000008006cf0                _fstat_r
 .text          0x0000000008006d1c       0x24 /usr/lib/gcc/arm-none-eabi/12.2.1/../../../arm-none-eabi/lib/thumb/v7e-m+fp/hard/libg.a(lib_a-isattyr.o)
                0x0000000008006d1c                _isatty_r
 .text          0x0000000008006d40       0x8c /usr/lib/gcc/arm-none-eabi/12.2.1/../../../arm-none-eabi/lib/thumb/v7e-m+fp/hard/libg.a(lib_a-locale.o)
                0x0000000008006d40                _setlocale_r
                0x0000000008006d80                __locale_mb_cur_max
                0x0000000008006d8c                setlocale
 .text          0x0000000008006dcc       0x2c /usr/lib/gcc/arm-none-eabi/12.2.1/../../../arm-none-eabi/lib/thumb/v7e-m+fp/hard/libg.a(lib_a-lseekr.o)
                0x0000000008006dcc                _lseek_r
 .text          0x0000000008006df8       0x40 /usr/lib/gcc/arm-none-eabi/12.2.1/../../../arm-none-eabi/lib/thumb/v7e-m+fp/hard/libg.a(lib_a-mbtowc_r.o)
                0x0000000008006df8                _mbtowc_r
                0x0000000008006e0c                __ascii_mbtowc
 .text          0x0000000008006e38       0x2c /usr/lib/gcc/arm-none-eabi/12.2.1/../../../arm-none-eabi/lib/thumb/v7e-m+fp/hard/libg.a(lib_a-readr.o)
                0x0000000008006e38                _read_r
 *fill*         0x0000000008006e64       0x1c 
 .text          0x0000000008006e80      0x2dc /usr/lib/gcc/arm-none-eabi/12.2.1/../../../arm-none-eabi/lib/thumb/v7e-m+fp/hard/libg.a(lib_a-strcmp.o)
                0x0000000008006e88                strcmp
 .text          0x000000000800715c       0xc8 /usr/lib/gcc/arm-none-eabi/12.2.1/../../../arm-none-eabi/lib/thumb/v7e-m+fp/hard/libg.a(lib_a-wbuf.o)
                0x000000000800715c                __swbuf_r
                0x000000000800720c                __swbuf
 .text          0x0000000008007224       0x88 /usr/lib/gcc/arm-none-eabi/12.2.1/../../../arm-none-eabi/lib/thumb/v7e-m+fp/hard/libg.a(lib_a-wcrtomb.o)
                0x0000000008007224                _wcrtomb_r
                0x0000000008007260                wcrtomb
 .text          0x00000000080072ac       0x30 /usr/lib/gcc/arm-none-eabi/12.2.1/../../../arm-none-eabi/lib/thumb/v7e-m+fp/hard/libg.a(lib_a-wctomb_r.o)
                0x00000000080072ac                _wctomb_r
                0x00000000080072c0                __ascii_wctomb
 .text          0x00000000080072dc       0x10 /usr/lib/gcc/arm-none-eabi/12.2.1/../../../arm-none-eabi/lib/thumb/v7e-m+fp/hard/libg.a(lib_a-abort.o)
                0x00000000080072dc                abort
 .text          0x00000000080072ec      0x288 /usr/lib/gcc/arm-none-eabi/12.2.1/../../../arm-none-eabi/lib/thumb/v7e-m+fp/hard/libg.a(lib_a-signal.o)
                0x00000000080072ec                _init_signal_r
                0x000000000800731c                _signal_r
                0x0000000008007368                _raise_r
                0x00000000080073c0                __sigtramp_r
                0x0000000008007424                raise
                0x0000000008007480                signal
                0x00000000080074d4                _init_signal
                0x000000000800750c                __sigtramp
 .text          0x0000000008007574       0x30 /usr/lib/gcc/arm-none-eabi/12.2.1/../../../arm-none-eabi/lib/thumb/v7e-m+fp/hard/libg.a(lib_a-signalr.o)
                0x0000000008007574                _kill_r
                0x00000000080075a0                _getpid_r
 .text          0x00000000080075a4      0x110 /usr/lib/gcc/arm-none-eabi/12.2.1/thumb/v7e-m+fp/hard/libgcc.a(_arm_cmpdf2.o)
                0x00000000080075a4                __gtdf2
                0x00000000080075a4                __gedf2
                0x00000000080075ac                __ltdf2
                0x00000000080075ac                __ledf2
                0x00000000080075b4                __cmpdf2
                0x00000000080075b4                __eqdf2
                0x00000000080075b4                __nedf2
                0x0000000008007630                __aeabi_cdrcmple
                0x0000000008007640                __aeabi_cdcmple
                0x0000000008007640                __aeabi_cdcmpeq
                0x0000000008007650                __aeabi_dcmpeq
                0x0000000008007664                __aeabi_dcmplt
                0x0000000008007678                __aeabi_dcmple
                0x000000000800768c                __aeabi_dcmpge
                0x00000000080076a0                __aeabi_dcmpgt
 .text          0x00000000080076b4       0x2c /usr/lib/gcc/arm-none-eabi/12.2.1/thumb/v7e-m+fp/hard/libgcc.a(_arm_unorddf2.o)
                0x00000000080076b4                __aeabi_dcmpun
                0x00000000080076b4                __unorddf2
 .text          0x00000000080076e0       0x50 /usr/lib/gcc/arm-none-eabi/12.2.1/thumb/v7e-m+fp/hard/libgcc.a(_arm_fixdfsi.o)
                0x00000000080076e0                __fixdfsi
                0x00000000080076e0                __aeabi_d2iz
 .text          0x0000000008007730       0x78 /usr/lib/gcc/arm-none-eabi/12.2.1/../../../arm-none-eabi/lib/thumb/v7e-m+fp/hard/libm.a(lib_a-w_asin.o)
                0x0000000008007730                asin
 .text          0x00000000080077a8        0x4 /usr/lib/gcc/arm-none-eabi/12.2.1/../../../arm-none-eabi/lib/thumb/v7e-m+fp/hard/libm.a(lib_a-w_atan2.o)
                0x00000000080077a8                atan2
 .text          0x00000000080077ac       0x74 /usr/lib/gcc/arm-none-eabi/12.2.1/../../../arm-none-eabi/lib/thumb/v7e-m+fp/hard/libm.a(lib_a-w_sqrt.o)
                0x00000000080077ac                sqrt
 .text          0x0000000008007820      0x4a4 /usr/lib/gcc/arm-none-eabi/12.2.1/../../../arm-none-eabi/lib/thumb/v7e-m+fp/hard/libm.a(lib_a-e_asin.o)
                0x0000000008007820                __ieee754_asin
 *fill*         0x0000000008007cc4        0x4 
 .text          0x0000000008007cc8      0x1a8 /usr/lib/gcc/arm-none-eabi/12.2.1/../../../arm-none-eabi/lib/thumb/v7e-m+fp/hard/libm.a(lib_a-e_atan2.o)
                0x0000000008007cc8                __ieee754_atan2
 .text          0x0000000008007e70      0x198 /usr/lib/gcc/arm-none-eabi/12.2.1/../../../arm-none-eabi/lib/thumb/v7e-m+fp/hard/libm.a(lib_a-e_sqrt.o)
                0x0000000008007e70                __ieee754_sqrt
 .text          0x0000000008008008      0x334 /usr/lib/gcc/arm-none-eabi/12.2.1/../../../arm-none-eabi/lib/thumb/v7e-m+fp/hard/libm.a(lib_a-s_atan.o)
                0x0000000008008008                atan
 .text          0x000000000800833c       0x14 /usr/lib/gcc/arm-none-eabi/12.2.1/../../../arm-none-eabi/lib/thumb/v7e-m+fp/hard/libm.a(lib_a-s_fabs.o)
                0x000000000800833c                fabs
 .text          0x0000000008008350       0x10 /usr/lib/gcc/arm-none-eabi/12.2.1/../../../arm-none-eabi/lib/thumb/v7e-m+fp/hard/libm.a(lib_a-s_nan.o)
                0x0000000008008350                nan
 *(.text*)
 .text.MX_FREERTOS_Init
                0x0000000008008360       0x54 CMakeFiles/FreshmanProject-stm32.elf.dir/Core/Src/freertos.c.obj
                0x0000000008008360                MX_FREERTOS_Init
 .text.MX_GPIO_Init
                0x00000000080083b4       0x94 CMakeFiles/FreshmanProject-stm32.elf.dir/Core/Src/gpio.c.obj
                0x00000000080083b4                MX_GPIO_Init
 .text.MX_I2C1_Init
                0x0000000008008448       0x3c CMakeFiles/FreshmanProject-stm32.elf.dir/Core/Src/i2c.c.obj
                0x0000000008008448                MX_I2C1_Init
 .text.HAL_I2C_MspInit
                0x0000000008008484       0x70 CMakeFiles/FreshmanProject-stm32.elf.dir/Core/Src/i2c.c.obj
                0x0000000008008484                HAL_I2C_MspInit
 .text.HAL_TIM_PeriodElapsedCallback
                0x00000000080084f4       0x18 CMakeFiles/FreshmanProject-stm32.elf.dir/Core/Src/main.c.obj
                0x00000000080084f4                HAL_TIM_PeriodElapsedCallback
 .text.Error_Handler
                0x000000000800850c        0x4 CMakeFiles/FreshmanProject-stm32.elf.dir/Core/Src/main.c.obj
                0x000000000800850c                Error_Handler
 .text.SystemClock_Config
                0x0000000008008510       0x88 CMakeFiles/FreshmanProject-stm32.elf.dir/Core/Src/main.c.obj
                0x0000000008008510                SystemClock_Config
 .text.main     0x0000000008008598       0x34 CMakeFiles/FreshmanProject-stm32.elf.dir/Core/Src/main.c.obj
                0x0000000008008598                main
 .text.HAL_MspInit
                0x00000000080085cc       0x44 CMakeFiles/FreshmanProject-stm32.elf.dir/Core/Src/stm32f4xx_hal_msp.c.obj
                0x00000000080085cc                HAL_MspInit
 .text.HAL_InitTick
                0x0000000008008610       0x94 CMakeFiles/FreshmanProject-stm32.elf.dir/Core/Src/stm32f4xx_hal_timebase_tim.c.obj
                0x0000000008008610                HAL_InitTick
 .text.NMI_Handler
                0x00000000080086a4        0x2 CMakeFiles/FreshmanProject-stm32.elf.dir/Core/Src/stm32f4xx_it.c.obj
                0x00000000080086a4                NMI_Handler
 .text.HardFault_Handler
                0x00000000080086a6        0x2 CMakeFiles/FreshmanProject-stm32.elf.dir/Core/Src/stm32f4xx_it.c.obj
                0x00000000080086a6                HardFault_Handler
 .text.MemManage_Handler
                0x00000000080086a8        0x2 CMakeFiles/FreshmanProject-stm32.elf.dir/Core/Src/stm32f4xx_it.c.obj
                0x00000000080086a8                MemManage_Handler
 .text.BusFault_Handler
                0x00000000080086aa        0x2 CMakeFiles/FreshmanProject-stm32.elf.dir/Core/Src/stm32f4xx_it.c.obj
                0x00000000080086aa                BusFault_Handler
 .text.UsageFault_Handler
                0x00000000080086ac        0x2 CMakeFiles/FreshmanProject-stm32.elf.dir/Core/Src/stm32f4xx_it.c.obj
                0x00000000080086ac                UsageFault_Handler
 .text.DebugMon_Handler
                0x00000000080086ae        0x2 CMakeFiles/FreshmanProject-stm32.elf.dir/Core/Src/stm32f4xx_it.c.obj
                0x00000000080086ae                DebugMon_Handler
 .text.TIM1_UP_TIM10_IRQHandler
                0x00000000080086b0       0x10 CMakeFiles/FreshmanProject-stm32.elf.dir/Core/Src/stm32f4xx_it.c.obj
                0x00000000080086b0                TIM1_UP_TIM10_IRQHandler
 .text.USART1_IRQHandler
                0x00000000080086c0       0x10 CMakeFiles/FreshmanProject-stm32.elf.dir/Core/Src/stm32f4xx_it.c.obj
                0x00000000080086c0                USART1_IRQHandler
 .text._getpid  0x00000000080086d0        0x4 CMakeFiles/FreshmanProject-stm32.elf.dir/Core/Src/syscalls.c.obj
                0x00000000080086d0                _getpid
 .text._kill    0x00000000080086d4       0x10 CMakeFiles/FreshmanProject-stm32.elf.dir/Core/Src/syscalls.c.obj
                0x00000000080086d4                _kill
 .text._exit    0x00000000080086e4        0xc CMakeFiles/FreshmanProject-stm32.elf.dir/Core/Src/syscalls.c.obj
                0x00000000080086e4                _exit
 .text._sbrk    0x00000000080086f0       0x48 CMakeFiles/FreshmanProject-stm32.elf.dir/Core/Src/sysmem.c.obj
                0x00000000080086f0                _sbrk
 .text.SystemInit
                0x0000000008008738       0x14 CMakeFiles/FreshmanProject-stm32.elf.dir/Core/Src/system_stm32f4xx.c.obj
                0x0000000008008738                SystemInit
 .text.MX_USART1_UART_Init
                0x000000000800874c       0x34 CMakeFiles/FreshmanProject-stm32.elf.dir/Core/Src/usart.c.obj
                0x000000000800874c                MX_USART1_UART_Init
 .text.MX_USART2_UART_Init
                0x0000000008008780       0x34 CMakeFiles/FreshmanProject-stm32.elf.dir/Core/Src/usart.c.obj
                0x0000000008008780                MX_USART2_UART_Init
 .text.HAL_UART_MspInit
                0x00000000080087b4       0xd0 CMakeFiles/FreshmanProject-stm32.elf.dir/Core/Src/usart.c.obj
                0x00000000080087b4                HAL_UART_MspInit
 .text.Reset_Handler
                0x0000000008008884       0x50 CMakeFiles/FreshmanProject-stm32.elf.dir/Core/Startup/startup_stm32f411ceux.s.obj
                0x0000000008008884                Reset_Handler
 .text.Default_Handler
                0x00000000080088d4        0x2 CMakeFiles/FreshmanProject-stm32.elf.dir/Core/Startup/startup_stm32f411ceux.s.obj
                0x00000000080088d4                RTC_Alarm_IRQHandler
                0x00000000080088d4                EXTI2_IRQHandler
                0x00000000080088d4                SPI4_IRQHandler
                0x00000000080088d4                TIM1_CC_IRQHandler
                0x00000000080088d4                DMA2_Stream5_IRQHandler
                0x00000000080088d4                DMA1_Stream5_IRQHandler
                0x00000000080088d4                PVD_IRQHandler
                0x00000000080088d4                SDIO_IRQHandler
                0x00000000080088d4                TAMP_STAMP_IRQHandler
                0x00000000080088d4                EXTI3_IRQHandler
                0x00000000080088d4                I2C3_ER_IRQHandler
                0x00000000080088d4                EXTI0_IRQHandler
                0x00000000080088d4                I2C2_EV_IRQHandler
                0x00000000080088d4                DMA1_Stream2_IRQHandler
                0x00000000080088d4                FPU_IRQHandler
                0x00000000080088d4                DMA2_Stream2_IRQHandler
                0x00000000080088d4                SPI1_IRQHandler
                0x00000000080088d4                TIM1_BRK_TIM9_IRQHandler
                0x00000000080088d4                DMA2_Stream3_IRQHandler
                0x00000000080088d4                USART6_IRQHandler
                0x00000000080088d4                DMA2_Stream0_IRQHandler
                0x00000000080088d4                TIM4_IRQHandler
                0x00000000080088d4                I2C1_EV_IRQHandler
                0x00000000080088d4                DMA1_Stream6_IRQHandler
                0x00000000080088d4                DMA1_Stream1_IRQHandler
                0x00000000080088d4                TIM3_IRQHandler
                0x00000000080088d4                RCC_IRQHandler
                0x00000000080088d4                Default_Handler
                0x00000000080088d4                EXTI15_10_IRQHandler
                0x00000000080088d4                ADC_IRQHandler
                0x00000000080088d4                DMA1_Stream7_IRQHandler
                0x00000000080088d4                SPI5_IRQHandler
                0x00000000080088d4                TIM5_IRQHandler
                0x00000000080088d4                DMA2_Stream7_IRQHandler
                0x00000000080088d4                I2C3_EV_IRQHandler
                0x00000000080088d4                EXTI9_5_IRQHandler
                0x00000000080088d4                RTC_WKUP_IRQHandler
                0x00000000080088d4                SPI2_IRQHandler
                0x00000000080088d4                DMA1_Stream0_IRQHandler
                0x00000000080088d4                EXTI4_IRQHandler
                0x00000000080088d4                WWDG_IRQHandler
                0x00000000080088d4                TIM2_IRQHandler
                0x00000000080088d4                OTG_FS_WKUP_IRQHandler
                0x00000000080088d4                TIM1_TRG_COM_TIM11_IRQHandler
                0x00000000080088d4                EXTI1_IRQHandler
                0x00000000080088d4                USART2_IRQHandler
                0x00000000080088d4                I2C2_ER_IRQHandler
                0x00000000080088d4                DMA2_Stream1_IRQHandler
                0x00000000080088d4                FLASH_IRQHandler
                0x00000000080088d4                DMA2_Stream4_IRQHandler
                0x00000000080088d4                OTG_FS_IRQHandler
                0x00000000080088d4                SPI3_IRQHandler
                0x00000000080088d4                DMA1_Stream4_IRQHandler
                0x00000000080088d4                I2C1_ER_IRQHandler
                0x00000000080088d4                DMA2_Stream6_IRQHandler
                0x00000000080088d4                DMA1_Stream3_IRQHandler
 .text.stm32_lock_acquire
                0x00000000080088d6       0x20 CMakeFiles/FreshmanProject-stm32.elf.dir/Core/ThreadSafe/newlib_lock_glue.c.obj
 .text.stm32_lock_release
                0x00000000080088f6       0x20 CMakeFiles/FreshmanProject-stm32.elf.dir/Core/ThreadSafe/newlib_lock_glue.c.obj
 *fill*         0x0000000008008916        0x2 
 .text.__malloc_lock
                0x0000000008008918       0x10 CMakeFiles/FreshmanProject-stm32.elf.dir/Core/ThreadSafe/newlib_lock_glue.c.obj
                0x0000000008008918                __malloc_lock
 .text.__malloc_unlock
                0x0000000008008928       0x10 CMakeFiles/FreshmanProject-stm32.elf.dir/Core/ThreadSafe/newlib_lock_glue.c.obj
                0x0000000008008928                __malloc_unlock
 .text.HAL_Init
                0x0000000008008938       0x34 CMakeFiles/FreshmanProject-stm32.elf.dir/Drivers/STM32F4xx_HAL_Driver/Src/stm32f4xx_hal.c.obj
                0x0000000008008938                HAL_Init
 .text.HAL_IncTick
                0x000000000800896c       0x18 CMakeFiles/FreshmanProject-stm32.elf.dir/Drivers/STM32F4xx_HAL_Driver/Src/stm32f4xx_hal.c.obj
                0x000000000800896c                HAL_IncTick
 .text.HAL_GetTick
                0x0000000008008984        0xc CMakeFiles/FreshmanProject-stm32.elf.dir/Drivers/STM32F4xx_HAL_Driver/Src/stm32f4xx_hal.c.obj
                0x0000000008008984                HAL_GetTick
 .text.__NVIC_SetPriority
                0x0000000008008990       0x28 CMakeFiles/FreshmanProject-stm32.elf.dir/Drivers/STM32F4xx_HAL_Driver/Src/stm32f4xx_hal_cortex.c.obj
 .text.NVIC_EncodePriority
                0x00000000080089b8       0x3e CMakeFiles/FreshmanProject-stm32.elf.dir/Drivers/STM32F4xx_HAL_Driver/Src/stm32f4xx_hal_cortex.c.obj
 *fill*         0x00000000080089f6        0x2 
 .text.HAL_NVIC_SetPriorityGrouping
                0x00000000080089f8       0x24 CMakeFiles/FreshmanProject-stm32.elf.dir/Drivers/STM32F4xx_HAL_Driver/Src/stm32f4xx_hal_cortex.c.obj
                0x00000000080089f8                HAL_NVIC_SetPriorityGrouping
 .text.HAL_NVIC_SetPriority
                0x0000000008008a1c       0x20 CMakeFiles/FreshmanProject-stm32.elf.dir/Drivers/STM32F4xx_HAL_Driver/Src/stm32f4xx_hal_cortex.c.obj
                0x0000000008008a1c                HAL_NVIC_SetPriority
 .text.HAL_NVIC_EnableIRQ
                0x0000000008008a3c       0x1c CMakeFiles/FreshmanProject-stm32.elf.dir/Drivers/STM32F4xx_HAL_Driver/Src/stm32f4xx_hal_cortex.c.obj
                0x0000000008008a3c                HAL_NVIC_EnableIRQ
 .text.HAL_DMA_Abort
                0x0000000008008a58       0x94 CMakeFiles/FreshmanProject-stm32.elf.dir/Drivers/STM32F4xx_HAL_Driver/Src/stm32f4xx_hal_dma.c.obj
                0x0000000008008a58                HAL_DMA_Abort
 .text.HAL_DMA_Abort_IT
                0x0000000008008aec       0x26 CMakeFiles/FreshmanProject-stm32.elf.dir/Drivers/STM32F4xx_HAL_Driver/Src/stm32f4xx_hal_dma.c.obj
                0x0000000008008aec                HAL_DMA_Abort_IT
 *fill*         0x0000000008008b12        0x2 
 .text.HAL_GPIO_Init
                0x0000000008008b14      0x1c8 CMakeFiles/FreshmanProject-stm32.elf.dir/Drivers/STM32F4xx_HAL_Driver/Src/stm32f4xx_hal_gpio.c.obj
                0x0000000008008b14                HAL_GPIO_Init
 .text.HAL_GPIO_WritePin
                0x0000000008008cdc        0xc CMakeFiles/FreshmanProject-stm32.elf.dir/Drivers/STM32F4xx_HAL_Driver/Src/stm32f4xx_hal_gpio.c.obj
                0x0000000008008cdc                HAL_GPIO_WritePin
 .text.HAL_GPIO_TogglePin
                0x0000000008008ce8       0x12 CMakeFiles/FreshmanProject-stm32.elf.dir/Drivers/STM32F4xx_HAL_Driver/Src/stm32f4xx_hal_gpio.c.obj
                0x0000000008008ce8                HAL_GPIO_TogglePin
 .text.I2C_IsAcknowledgeFailed
                0x0000000008008cfa       0x32 CMakeFiles/FreshmanProject-stm32.elf.dir/Drivers/STM32F4xx_HAL_Driver/Src/stm32f4xx_hal_i2c.c.obj
 .text.I2C_WaitOnFlagUntilTimeout
                0x0000000008008d2c       0x7c CMakeFiles/FreshmanProject-stm32.elf.dir/Drivers/STM32F4xx_HAL_Driver/Src/stm32f4xx_hal_i2c.c.obj
 .text.I2C_WaitOnMasterAddressFlagUntilTimeout
                0x0000000008008da8       0xaa CMakeFiles/FreshmanProject-stm32.elf.dir/Drivers/STM32F4xx_HAL_Driver/Src/stm32f4xx_hal_i2c.c.obj
 .text.I2C_WaitOnTXEFlagUntilTimeout
                0x0000000008008e52       0x54 CMakeFiles/FreshmanProject-stm32.elf.dir/Drivers/STM32F4xx_HAL_Driver/Src/stm32f4xx_hal_i2c.c.obj
 *fill*         0x0000000008008ea6        0x2 
 .text.I2C_RequestMemoryWrite
                0x0000000008008ea8       0xd8 CMakeFiles/FreshmanProject-stm32.elf.dir/Drivers/STM32F4xx_HAL_Driver/Src/stm32f4xx_hal_i2c.c.obj
 .text.I2C_RequestMemoryRead
                0x0000000008008f80      0x154 CMakeFiles/FreshmanProject-stm32.elf.dir/Drivers/STM32F4xx_HAL_Driver/Src/stm32f4xx_hal_i2c.c.obj
 .text.I2C_WaitOnBTFFlagUntilTimeout
                0x00000000080090d4       0x54 CMakeFiles/FreshmanProject-stm32.elf.dir/Drivers/STM32F4xx_HAL_Driver/Src/stm32f4xx_hal_i2c.c.obj
 .text.I2C_WaitOnRXNEFlagUntilTimeout
                0x0000000008009128       0x6a CMakeFiles/FreshmanProject-stm32.elf.dir/Drivers/STM32F4xx_HAL_Driver/Src/stm32f4xx_hal_i2c.c.obj
 *fill*         0x0000000008009192        0x2 
 .text.HAL_I2C_Init
                0x0000000008009194      0x1bc CMakeFiles/FreshmanProject-stm32.elf.dir/Drivers/STM32F4xx_HAL_Driver/Src/stm32f4xx_hal_i2c.c.obj
                0x0000000008009194                HAL_I2C_Init
 .text.HAL_I2C_Mem_Write
                0x0000000008009350      0x164 CMakeFiles/FreshmanProject-stm32.elf.dir/Drivers/STM32F4xx_HAL_Driver/Src/stm32f4xx_hal_i2c.c.obj
                0x0000000008009350                HAL_I2C_Mem_Write
 .text.HAL_I2C_Mem_Read
                0x00000000080094b4      0x2e4 CMakeFiles/FreshmanProject-stm32.elf.dir/Drivers/STM32F4xx_HAL_Driver/Src/stm32f4xx_hal_i2c.c.obj
                0x00000000080094b4                HAL_I2C_Mem_Read
 .text.HAL_RCC_OscConfig
                0x0000000008009798      0x3f8 CMakeFiles/FreshmanProject-stm32.elf.dir/Drivers/STM32F4xx_HAL_Driver/Src/stm32f4xx_hal_rcc.c.obj
                0x0000000008009798                HAL_RCC_OscConfig
 .text.HAL_RCC_GetSysClockFreq
                0x0000000008009b90       0xa8 CMakeFiles/FreshmanProject-stm32.elf.dir/Drivers/STM32F4xx_HAL_Driver/Src/stm32f4xx_hal_rcc.c.obj
                0x0000000008009b90                HAL_RCC_GetSysClockFreq
 .text.HAL_RCC_ClockConfig
                0x0000000008009c38      0x160 CMakeFiles/FreshmanProject-stm32.elf.dir/Drivers/STM32F4xx_HAL_Driver/Src/stm32f4xx_hal_rcc.c.obj
                0x0000000008009c38                HAL_RCC_ClockConfig
 .text.HAL_RCC_GetHCLKFreq
                0x0000000008009d98        0xc CMakeFiles/FreshmanProject-stm32.elf.dir/Drivers/STM32F4xx_HAL_Driver/Src/stm32f4xx_hal_rcc.c.obj
                0x0000000008009d98                HAL_RCC_GetHCLKFreq
 .text.HAL_RCC_GetPCLK1Freq
                0x0000000008009da4       0x20 CMakeFiles/FreshmanProject-stm32.elf.dir/Drivers/STM32F4xx_HAL_Driver/Src/stm32f4xx_hal_rcc.c.obj
                0x0000000008009da4                HAL_RCC_GetPCLK1Freq
 .text.HAL_RCC_GetPCLK2Freq
                0x0000000008009dc4       0x20 CMakeFiles/FreshmanProject-stm32.elf.dir/Drivers/STM32F4xx_HAL_Driver/Src/stm32f4xx_hal_rcc.c.obj
                0x0000000008009dc4                HAL_RCC_GetPCLK2Freq
 .text.HAL_RCC_GetClockConfig
                0x0000000008009de4       0x3c CMakeFiles/FreshmanProject-stm32.elf.dir/Drivers/STM32F4xx_HAL_Driver/Src/stm32f4xx_hal_rcc.c.obj
                0x0000000008009de4                HAL_RCC_GetClockConfig
 .text.HAL_TIM_Base_MspInit
                0x0000000008009e20        0x2 CMakeFiles/FreshmanProject-stm32.elf.dir/Drivers/STM32F4xx_HAL_Driver/Src/stm32f4xx_hal_tim.c.obj
                0x0000000008009e20                HAL_TIM_Base_MspInit
 *fill*         0x0000000008009e22        0x2 
 .text.HAL_TIM_Base_Start_IT
                0x0000000008009e24       0x78 CMakeFiles/FreshmanProject-stm32.elf.dir/Drivers/STM32F4xx_HAL_Driver/Src/stm32f4xx_hal_tim.c.obj
                0x0000000008009e24                HAL_TIM_Base_Start_IT
 .text.HAL_TIM_OC_DelayElapsedCallback
                0x0000000008009e9c        0x2 CMakeFiles/FreshmanProject-stm32.elf.dir/Drivers/STM32F4xx_HAL_Driver/Src/stm32f4xx_hal_tim.c.obj
                0x0000000008009e9c                HAL_TIM_OC_DelayElapsedCallback
 .text.HAL_TIM_IC_CaptureCallback
                0x0000000008009e9e        0x2 CMakeFiles/FreshmanProject-stm32.elf.dir/Drivers/STM32F4xx_HAL_Driver/Src/stm32f4xx_hal_tim.c.obj
                0x0000000008009e9e                HAL_TIM_IC_CaptureCallback
 .text.HAL_TIM_PWM_PulseFinishedCallback
                0x0000000008009ea0        0x2 CMakeFiles/FreshmanProject-stm32.elf.dir/Drivers/STM32F4xx_HAL_Driver/Src/stm32f4xx_hal_tim.c.obj
                0x0000000008009ea0                HAL_TIM_PWM_PulseFinishedCallback
 .text.HAL_TIM_TriggerCallback
                0x0000000008009ea2        0x2 CMakeFiles/FreshmanProject-stm32.elf.dir/Drivers/STM32F4xx_HAL_Driver/Src/stm32f4xx_hal_tim.c.obj
                0x0000000008009ea2                HAL_TIM_TriggerCallback
 .text.HAL_TIM_IRQHandler
                0x0000000008009ea4      0x17a CMakeFiles/FreshmanProject-stm32.elf.dir/Drivers/STM32F4xx_HAL_Driver/Src/stm32f4xx_hal_tim.c.obj
                0x0000000008009ea4                HAL_TIM_IRQHandler
 *fill*         0x000000000800a01e        0x2 
 .text.TIM_Base_SetConfig
                0x000000000800a020       0x9c CMakeFiles/FreshmanProject-stm32.elf.dir/Drivers/STM32F4xx_HAL_Driver/Src/stm32f4xx_hal_tim.c.obj
                0x000000000800a020                TIM_Base_SetConfig
 .text.HAL_TIM_Base_Init
                0x000000000800a0bc       0x58 CMakeFiles/FreshmanProject-stm32.elf.dir/Drivers/STM32F4xx_HAL_Driver/Src/stm32f4xx_hal_tim.c.obj
                0x000000000800a0bc                HAL_TIM_Base_Init
 .text.HAL_TIMEx_CommutCallback
                0x000000000800a114        0x2 CMakeFiles/FreshmanProject-stm32.elf.dir/Drivers/STM32F4xx_HAL_Driver/Src/stm32f4xx_hal_tim_ex.c.obj
                0x000000000800a114                HAL_TIMEx_CommutCallback
 .text.HAL_TIMEx_BreakCallback
                0x000000000800a116        0x2 CMakeFiles/FreshmanProject-stm32.elf.dir/Drivers/STM32F4xx_HAL_Driver/Src/stm32f4xx_hal_tim_ex.c.obj
                0x000000000800a116                HAL_TIMEx_BreakCallback
 .text.UART_EndRxTransfer
                0x000000000800a118       0x5c CMakeFiles/FreshmanProject-stm32.elf.dir/Drivers/STM32F4xx_HAL_Driver/Src/stm32f4xx_hal_uart.c.obj
 .text.UART_Transmit_IT
                0x000000000800a174       0x60 CMakeFiles/FreshmanProject-stm32.elf.dir/Drivers/STM32F4xx_HAL_Driver/Src/stm32f4xx_hal_uart.c.obj
 .text.UART_SetConfig
                0x000000000800a1d4      0x110 CMakeFiles/FreshmanProject-stm32.elf.dir/Drivers/STM32F4xx_HAL_Driver/Src/stm32f4xx_hal_uart.c.obj
 .text.UART_WaitOnFlagUntilTimeout
                0x000000000800a2e4       0x84 CMakeFiles/FreshmanProject-stm32.elf.dir/Drivers/STM32F4xx_HAL_Driver/Src/stm32f4xx_hal_uart.c.obj
 .text.HAL_UART_Init
                0x000000000800a368       0x5e CMakeFiles/FreshmanProject-stm32.elf.dir/Drivers/STM32F4xx_HAL_Driver/Src/stm32f4xx_hal_uart.c.obj
                0x000000000800a368                HAL_UART_Init
 .text.HAL_HalfDuplex_Init
                0x000000000800a3c6       0x6a CMakeFiles/FreshmanProject-stm32.elf.dir/Drivers/STM32F4xx_HAL_Driver/Src/stm32f4xx_hal_uart.c.obj
                0x000000000800a3c6                HAL_HalfDuplex_Init
 .text.HAL_UART_Transmit
                0x000000000800a430       0xd8 CMakeFiles/FreshmanProject-stm32.elf.dir/Drivers/STM32F4xx_HAL_Driver/Src/stm32f4xx_hal_uart.c.obj
                0x000000000800a430                HAL_UART_Transmit
 .text.HAL_UART_Receive
                0x000000000800a508       0xe4 CMakeFiles/FreshmanProject-stm32.elf.dir/Drivers/STM32F4xx_HAL_Driver/Src/stm32f4xx_hal_uart.c.obj
                0x000000000800a508                HAL_UART_Receive
 .text.HAL_UART_TxCpltCallback
                0x000000000800a5ec        0x2 CMakeFiles/FreshmanProject-stm32.elf.dir/Drivers/STM32F4xx_HAL_Driver/Src/stm32f4xx_hal_uart.c.obj
                0x000000000800a5ec                HAL_UART_TxCpltCallback
 .text.UART_EndTransmit_IT
                0x000000000800a5ee       0x1a CMakeFiles/FreshmanProject-stm32.elf.dir/Drivers/STM32F4xx_HAL_Driver/Src/stm32f4xx_hal_uart.c.obj
 .text.HAL_UART_RxCpltCallback
                0x000000000800a608        0x2 CMakeFiles/FreshmanProject-stm32.elf.dir/Drivers/STM32F4xx_HAL_Driver/Src/stm32f4xx_hal_uart.c.obj
                0x000000000800a608                HAL_UART_RxCpltCallback
 .text.HAL_UART_ErrorCallback
                0x000000000800a60a        0x2 CMakeFiles/FreshmanProject-stm32.elf.dir/Drivers/STM32F4xx_HAL_Driver/Src/stm32f4xx_hal_uart.c.obj
                0x000000000800a60a                HAL_UART_ErrorCallback
 .text.UART_DMAAbortOnError
                0x000000000800a60c       0x10 CMakeFiles/FreshmanProject-stm32.elf.dir/Drivers/STM32F4xx_HAL_Driver/Src/stm32f4xx_hal_uart.c.obj
 .text.HAL_UARTEx_RxEventCallback
                0x000000000800a61c        0x2 CMakeFiles/FreshmanProject-stm32.elf.dir/Drivers/STM32F4xx_HAL_Driver/Src/stm32f4xx_hal_uart.c.obj
                0x000000000800a61c                HAL_UARTEx_RxEventCallback
 .text.UART_Receive_IT
                0x000000000800a61e       0xe2 CMakeFiles/FreshmanProject-stm32.elf.dir/Drivers/STM32F4xx_HAL_Driver/Src/stm32f4xx_hal_uart.c.obj
 .text.HAL_UART_IRQHandler
                0x000000000800a700      0x27c CMakeFiles/FreshmanProject-stm32.elf.dir/Drivers/STM32F4xx_HAL_Driver/Src/stm32f4xx_hal_uart.c.obj
                0x000000000800a700                HAL_UART_IRQHandler
 .text.HAL_HalfDuplex_EnableTransmitter
                0x000000000800a97c       0x36 CMakeFiles/FreshmanProject-stm32.elf.dir/Drivers/STM32F4xx_HAL_Driver/Src/stm32f4xx_hal_uart.c.obj
                0x000000000800a97c                HAL_HalfDuplex_EnableTransmitter
 .text.HAL_HalfDuplex_EnableReceiver
                0x000000000800a9b2       0x36 CMakeFiles/FreshmanProject-stm32.elf.dir/Drivers/STM32F4xx_HAL_Driver/Src/stm32f4xx_hal_uart.c.obj
                0x000000000800a9b2                HAL_HalfDuplex_EnableReceiver
 .text.SysTick_Handler
                0x000000000800a9e8       0x18 CMakeFiles/FreshmanProject-stm32.elf.dir/Middlewares/Third_Party/FreeRTOS/Source/CMSIS_RTOS_V2/cmsis_os2.c.obj
                0x000000000800a9e8                SysTick_Handler
 .text.osKernelInitialize
                0x000000000800aa00       0x24 CMakeFiles/FreshmanProject-stm32.elf.dir/Middlewares/Third_Party/FreeRTOS/Source/CMSIS_RTOS_V2/cmsis_os2.c.obj
                0x000000000800aa00                osKernelInitialize
 .text.osKernelStart
                0x000000000800aa24       0x38 CMakeFiles/FreshmanProject-stm32.elf.dir/Middlewares/Third_Party/FreeRTOS/Source/CMSIS_RTOS_V2/cmsis_os2.c.obj
                0x000000000800aa24                osKernelStart
 .text.osThreadNew
                0x000000000800aa5c       0xbe CMakeFiles/FreshmanProject-stm32.elf.dir/Middlewares/Third_Party/FreeRTOS/Source/CMSIS_RTOS_V2/cmsis_os2.c.obj
                0x000000000800aa5c                osThreadNew
 .text.osDelay  0x000000000800ab1a       0x1c CMakeFiles/FreshmanProject-stm32.elf.dir/Middlewares/Third_Party/FreeRTOS/Source/CMSIS_RTOS_V2/cmsis_os2.c.obj
                0x000000000800ab1a                osDelay
 *fill*         0x000000000800ab36        0x2 
 .text.vApplicationGetIdleTaskMemory
                0x000000000800ab38       0x18 CMakeFiles/FreshmanProject-stm32.elf.dir/Middlewares/Third_Party/FreeRTOS/Source/CMSIS_RTOS_V2/cmsis_os2.c.obj
                0x000000000800ab38                vApplicationGetIdleTaskMemory
 .text.vApplicationGetTimerTaskMemory
                0x000000000800ab50       0x18 CMakeFiles/FreshmanProject-stm32.elf.dir/Middlewares/Third_Party/FreeRTOS/Source/CMSIS_RTOS_V2/cmsis_os2.c.obj
                0x000000000800ab50                vApplicationGetTimerTaskMemory
 .text.vListInitialise
                0x000000000800ab68       0x16 CMakeFiles/FreshmanProject-stm32.elf.dir/Middlewares/Third_Party/FreeRTOS/Source/list.c.obj
                0x000000000800ab68                vListInitialise
 .text.vListInitialiseItem
                0x000000000800ab7e        0x6 CMakeFiles/FreshmanProject-stm32.elf.dir/Middlewares/Third_Party/FreeRTOS/Source/list.c.obj
                0x000000000800ab7e                vListInitialiseItem
 .text.vListInsertEnd
                0x000000000800ab84       0x16 CMakeFiles/FreshmanProject-stm32.elf.dir/Middlewares/Third_Party/FreeRTOS/Source/list.c.obj
                0x000000000800ab84                vListInsertEnd
 .text.vListInsert
                0x000000000800ab9a       0x32 CMakeFiles/FreshmanProject-stm32.elf.dir/Middlewares/Third_Party/FreeRTOS/Source/list.c.obj
                0x000000000800ab9a                vListInsert
 .text.uxListRemove
                0x000000000800abcc       0x26 CMakeFiles/FreshmanProject-stm32.elf.dir/Middlewares/Third_Party/FreeRTOS/Source/list.c.obj
                0x000000000800abcc                uxListRemove
 *fill*         0x000000000800abf2        0x2 
 .text.prvTaskExitError
                0x000000000800abf4       0x40 CMakeFiles/FreshmanProject-stm32.elf.dir/Middlewares/Third_Party/FreeRTOS/Source/portable/GCC/ARM_CM4F/port.c.obj
 .text.prvPortStartFirstTask
                0x000000000800ac34       0x28 CMakeFiles/FreshmanProject-stm32.elf.dir/Middlewares/Third_Party/FreeRTOS/Source/portable/GCC/ARM_CM4F/port.c.obj
 .text.vPortEnableVFP
                0x000000000800ac5c       0x14 CMakeFiles/FreshmanProject-stm32.elf.dir/Middlewares/Third_Party/FreeRTOS/Source/portable/GCC/ARM_CM4F/port.c.obj
 .text.pxPortInitialiseStack
                0x000000000800ac70       0x2c CMakeFiles/FreshmanProject-stm32.elf.dir/Middlewares/Third_Party/FreeRTOS/Source/portable/GCC/ARM_CM4F/port.c.obj
                0x000000000800ac70                pxPortInitialiseStack
 *fill*         0x000000000800ac9c        0x4 
 .text.SVC_Handler
                0x000000000800aca0       0x24 CMakeFiles/FreshmanProject-stm32.elf.dir/Middlewares/Third_Party/FreeRTOS/Source/portable/GCC/ARM_CM4F/port.c.obj
                0x000000000800aca0                SVC_Handler
 .text.vPortEnterCritical
                0x000000000800acc4       0x44 CMakeFiles/FreshmanProject-stm32.elf.dir/Middlewares/Third_Party/FreeRTOS/Source/portable/GCC/ARM_CM4F/port.c.obj
                0x000000000800acc4                vPortEnterCritical
 .text.vPortExitCritical
                0x000000000800ad08       0x2c CMakeFiles/FreshmanProject-stm32.elf.dir/Middlewares/Third_Party/FreeRTOS/Source/portable/GCC/ARM_CM4F/port.c.obj
                0x000000000800ad08                vPortExitCritical
 *fill*         0x000000000800ad34        0xc 
 .text.PendSV_Handler
                0x000000000800ad40       0x64 CMakeFiles/FreshmanProject-stm32.elf.dir/Middlewares/Third_Party/FreeRTOS/Source/portable/GCC/ARM_CM4F/port.c.obj
                0x000000000800ad40                PendSV_Handler
 .text.xPortSysTickHandler
                0x000000000800ada4       0x2c CMakeFiles/FreshmanProject-stm32.elf.dir/Middlewares/Third_Party/FreeRTOS/Source/portable/GCC/ARM_CM4F/port.c.obj
                0x000000000800ada4                xPortSysTickHandler
 .text.vPortSetupTimerInterrupt
                0x000000000800add0       0x28 CMakeFiles/FreshmanProject-stm32.elf.dir/Middlewares/Third_Party/FreeRTOS/Source/portable/GCC/ARM_CM4F/port.c.obj
                0x000000000800add0                vPortSetupTimerInterrupt
 .text.xPortStartScheduler
                0x000000000800adf8      0x118 CMakeFiles/FreshmanProject-stm32.elf.dir/Middlewares/Third_Party/FreeRTOS/Source/portable/GCC/ARM_CM4F/port.c.obj
                0x000000000800adf8                xPortStartScheduler
 .text.vPortValidateInterruptPriority
                0x000000000800af10       0x5c CMakeFiles/FreshmanProject-stm32.elf.dir/Middlewares/Third_Party/FreeRTOS/Source/portable/GCC/ARM_CM4F/port.c.obj
                0x000000000800af10                vPortValidateInterruptPriority
 .text.prvHeapInit
                0x000000000800af6c       0x64 CMakeFiles/FreshmanProject-stm32.elf.dir/Middlewares/Third_Party/FreeRTOS/Source/portable/MemMang/heap_4.c.obj
 .text.prvInsertBlockIntoFreeList
                0x000000000800afd0       0x64 CMakeFiles/FreshmanProject-stm32.elf.dir/Middlewares/Third_Party/FreeRTOS/Source/portable/MemMang/heap_4.c.obj
 .text.pvPortMalloc
                0x000000000800b034      0x104 CMakeFiles/FreshmanProject-stm32.elf.dir/Middlewares/Third_Party/FreeRTOS/Source/portable/MemMang/heap_4.c.obj
                0x000000000800b034                pvPortMalloc
 .text.vPortFree
                0x000000000800b138       0x7c CMakeFiles/FreshmanProject-stm32.elf.dir/Middlewares/Third_Party/FreeRTOS/Source/portable/MemMang/heap_4.c.obj
                0x000000000800b138                vPortFree
 .text.prvGetDisinheritPriorityAfterTimeout
                0x000000000800b1b4       0x10 CMakeFiles/FreshmanProject-stm32.elf.dir/Middlewares/Third_Party/FreeRTOS/Source/queue.c.obj
 .text.prvIsQueueFull
                0x000000000800b1c4       0x1e CMakeFiles/FreshmanProject-stm32.elf.dir/Middlewares/Third_Party/FreeRTOS/Source/queue.c.obj
 .text.prvIsQueueEmpty
                0x000000000800b1e2       0x1a CMakeFiles/FreshmanProject-stm32.elf.dir/Middlewares/Third_Party/FreeRTOS/Source/queue.c.obj
 .text.prvCopyDataToQueue
                0x000000000800b1fc       0x76 CMakeFiles/FreshmanProject-stm32.elf.dir/Middlewares/Third_Party/FreeRTOS/Source/queue.c.obj
 .text.prvCopyDataFromQueue
                0x000000000800b272       0x24 CMakeFiles/FreshmanProject-stm32.elf.dir/Middlewares/Third_Party/FreeRTOS/Source/queue.c.obj
 .text.prvUnlockQueue
                0x000000000800b296       0x6e CMakeFiles/FreshmanProject-stm32.elf.dir/Middlewares/Third_Party/FreeRTOS/Source/queue.c.obj
 .text.xQueueGenericReset
                0x000000000800b304       0x84 CMakeFiles/FreshmanProject-stm32.elf.dir/Middlewares/Third_Party/FreeRTOS/Source/queue.c.obj
                0x000000000800b304                xQueueGenericReset
 .text.prvInitialiseNewQueue
                0x000000000800b388       0x22 CMakeFiles/FreshmanProject-stm32.elf.dir/Middlewares/Third_Party/FreeRTOS/Source/queue.c.obj
 .text.xQueueGenericCreateStatic
                0x000000000800b3aa       0x94 CMakeFiles/FreshmanProject-stm32.elf.dir/Middlewares/Third_Party/FreeRTOS/Source/queue.c.obj
                0x000000000800b3aa                xQueueGenericCreateStatic
 .text.xQueueGenericCreate
                0x000000000800b43e       0x48 CMakeFiles/FreshmanProject-stm32.elf.dir/Middlewares/Third_Party/FreeRTOS/Source/queue.c.obj
                0x000000000800b43e                xQueueGenericCreate
 .text.xQueueGenericSend
                0x000000000800b486      0x188 CMakeFiles/FreshmanProject-stm32.elf.dir/Middlewares/Third_Party/FreeRTOS/Source/queue.c.obj
                0x000000000800b486                xQueueGenericSend
 .text.prvInitialiseMutex
                0x000000000800b60e       0x18 CMakeFiles/FreshmanProject-stm32.elf.dir/Middlewares/Third_Party/FreeRTOS/Source/queue.c.obj
 .text.xQueueCreateMutex
                0x000000000800b626       0x16 CMakeFiles/FreshmanProject-stm32.elf.dir/Middlewares/Third_Party/FreeRTOS/Source/queue.c.obj
                0x000000000800b626                xQueueCreateMutex
 .text.xQueueGenericSendFromISR
                0x000000000800b63c       0xce CMakeFiles/FreshmanProject-stm32.elf.dir/Middlewares/Third_Party/FreeRTOS/Source/queue.c.obj
                0x000000000800b63c                xQueueGenericSendFromISR
 .text.xQueueReceive
                0x000000000800b70a      0x15e CMakeFiles/FreshmanProject-stm32.elf.dir/Middlewares/Third_Party/FreeRTOS/Source/queue.c.obj
                0x000000000800b70a                xQueueReceive
 .text.xQueueSemaphoreTake
                0x000000000800b868      0x1a6 CMakeFiles/FreshmanProject-stm32.elf.dir/Middlewares/Third_Party/FreeRTOS/Source/queue.c.obj
                0x000000000800b868                xQueueSemaphoreTake
 *fill*         0x000000000800ba0e        0x2 
 .text.vQueueAddToRegistry
                0x000000000800ba10       0x28 CMakeFiles/FreshmanProject-stm32.elf.dir/Middlewares/Third_Party/FreeRTOS/Source/queue.c.obj
                0x000000000800ba10                vQueueAddToRegistry
 .text.vQueueWaitForMessageRestricted
                0x000000000800ba38       0x52 CMakeFiles/FreshmanProject-stm32.elf.dir/Middlewares/Third_Party/FreeRTOS/Source/queue.c.obj
                0x000000000800ba38                vQueueWaitForMessageRestricted
 *fill*         0x000000000800ba8a        0x2 
 .text.prvResetNextTaskUnblockTime
                0x000000000800ba8c       0x2c CMakeFiles/FreshmanProject-stm32.elf.dir/Middlewares/Third_Party/FreeRTOS/Source/tasks.c.obj
 .text.prvInitialiseNewTask
                0x000000000800bab8      0x102 CMakeFiles/FreshmanProject-stm32.elf.dir/Middlewares/Third_Party/FreeRTOS/Source/tasks.c.obj
 *fill*         0x000000000800bbba        0x2 
 .text.prvInitialiseTaskLists
                0x000000000800bbbc       0x68 CMakeFiles/FreshmanProject-stm32.elf.dir/Middlewares/Third_Party/FreeRTOS/Source/tasks.c.obj
 .text.prvAddNewTaskToReadyList
                0x000000000800bc24       0xac CMakeFiles/FreshmanProject-stm32.elf.dir/Middlewares/Third_Party/FreeRTOS/Source/tasks.c.obj
 .text.prvDeleteTCB
                0x000000000800bcd0       0x40 CMakeFiles/FreshmanProject-stm32.elf.dir/Middlewares/Third_Party/FreeRTOS/Source/tasks.c.obj
 .text.prvCheckTasksWaitingTermination
                0x000000000800bd10       0x4c CMakeFiles/FreshmanProject-stm32.elf.dir/Middlewares/Third_Party/FreeRTOS/Source/tasks.c.obj
 .text.prvIdleTask
                0x000000000800bd5c       0x28 CMakeFiles/FreshmanProject-stm32.elf.dir/Middlewares/Third_Party/FreeRTOS/Source/tasks.c.obj
 .text.prvAddCurrentTaskToDelayedList
                0x000000000800bd84       0x7c CMakeFiles/FreshmanProject-stm32.elf.dir/Middlewares/Third_Party/FreeRTOS/Source/tasks.c.obj
 .text.xTaskCreateStatic
                0x000000000800be00       0x7a CMakeFiles/FreshmanProject-stm32.elf.dir/Middlewares/Third_Party/FreeRTOS/Source/tasks.c.obj
                0x000000000800be00                xTaskCreateStatic
 .text.xTaskCreate
                0x000000000800be7a       0x66 CMakeFiles/FreshmanProject-stm32.elf.dir/Middlewares/Third_Party/FreeRTOS/Source/tasks.c.obj
                0x000000000800be7a                xTaskCreate
 .text.vTaskStartScheduler
                0x000000000800bee0       0xac CMakeFiles/FreshmanProject-stm32.elf.dir/Middlewares/Third_Party/FreeRTOS/Source/tasks.c.obj
                0x000000000800bee0                vTaskStartScheduler
 .text.vTaskSuspendAll
                0x000000000800bf8c       0x10 CMakeFiles/FreshmanProject-stm32.elf.dir/Middlewares/Third_Party/FreeRTOS/Source/tasks.c.obj
                0x000000000800bf8c                vTaskSuspendAll
 .text.xTaskGetTickCount
                0x000000000800bf9c        0xc CMakeFiles/FreshmanProject-stm32.elf.dir/Middlewares/Third_Party/FreeRTOS/Source/tasks.c.obj
                0x000000000800bf9c                xTaskGetTickCount
 .text.xTaskIncrementTick
                0x000000000800bfa8      0x118 CMakeFiles/FreshmanProject-stm32.elf.dir/Middlewares/Third_Party/FreeRTOS/Source/tasks.c.obj
                0x000000000800bfa8                xTaskIncrementTick
 .text.xTaskResumeAll
                0x000000000800c0c0       0xf8 CMakeFiles/FreshmanProject-stm32.elf.dir/Middlewares/Third_Party/FreeRTOS/Source/tasks.c.obj
                0x000000000800c0c0                xTaskResumeAll
 .text.vTaskDelay
                0x000000000800c1b8       0x4c CMakeFiles/FreshmanProject-stm32.elf.dir/Middlewares/Third_Party/FreeRTOS/Source/tasks.c.obj
                0x000000000800c1b8                vTaskDelay
 .text.vTaskSwitchContext
                0x000000000800c204       0xa4 CMakeFiles/FreshmanProject-stm32.elf.dir/Middlewares/Third_Party/FreeRTOS/Source/tasks.c.obj
                0x000000000800c204                vTaskSwitchContext
 .text.vTaskPlaceOnEventList
                0x000000000800c2a8       0x30 CMakeFiles/FreshmanProject-stm32.elf.dir/Middlewares/Third_Party/FreeRTOS/Source/tasks.c.obj
                0x000000000800c2a8                vTaskPlaceOnEventList
 .text.vTaskPlaceOnEventListRestricted
                0x000000000800c2d8       0x38 CMakeFiles/FreshmanProject-stm32.elf.dir/Middlewares/Third_Party/FreeRTOS/Source/tasks.c.obj
                0x000000000800c2d8                vTaskPlaceOnEventListRestricted
 .text.xTaskRemoveFromEventList
                0x000000000800c310       0x8c CMakeFiles/FreshmanProject-stm32.elf.dir/Middlewares/Third_Party/FreeRTOS/Source/tasks.c.obj
                0x000000000800c310                xTaskRemoveFromEventList
 .text.vTaskInternalSetTimeOutState
                0x000000000800c39c       0x18 CMakeFiles/FreshmanProject-stm32.elf.dir/Middlewares/Third_Party/FreeRTOS/Source/tasks.c.obj
                0x000000000800c39c                vTaskInternalSetTimeOutState
 .text.xTaskCheckForTimeOut
                0x000000000800c3b4       0x84 CMakeFiles/FreshmanProject-stm32.elf.dir/Middlewares/Third_Party/FreeRTOS/Source/tasks.c.obj
                0x000000000800c3b4                xTaskCheckForTimeOut
 .text.vTaskMissedYield
                0x000000000800c438        0xc CMakeFiles/FreshmanProject-stm32.elf.dir/Middlewares/Third_Party/FreeRTOS/Source/tasks.c.obj
                0x000000000800c438                vTaskMissedYield
 .text.xTaskGetSchedulerState
                0x000000000800c444       0x20 CMakeFiles/FreshmanProject-stm32.elf.dir/Middlewares/Third_Party/FreeRTOS/Source/tasks.c.obj
                0x000000000800c444                xTaskGetSchedulerState
 .text.xTaskPriorityInherit
                0x000000000800c464       0x98 CMakeFiles/FreshmanProject-stm32.elf.dir/Middlewares/Third_Party/FreeRTOS/Source/tasks.c.obj
                0x000000000800c464                xTaskPriorityInherit
 .text.xTaskPriorityDisinherit
                0x000000000800c4fc       0x90 CMakeFiles/FreshmanProject-stm32.elf.dir/Middlewares/Third_Party/FreeRTOS/Source/tasks.c.obj
                0x000000000800c4fc                xTaskPriorityDisinherit
 .text.vTaskPriorityDisinheritAfterTimeout
                0x000000000800c58c       0xa0 CMakeFiles/FreshmanProject-stm32.elf.dir/Middlewares/Third_Party/FreeRTOS/Source/tasks.c.obj
                0x000000000800c58c                vTaskPriorityDisinheritAfterTimeout
 .text.pvTaskIncrementMutexHeldCount
                0x000000000800c62c       0x1c CMakeFiles/FreshmanProject-stm32.elf.dir/Middlewares/Third_Party/FreeRTOS/Source/tasks.c.obj
                0x000000000800c62c                pvTaskIncrementMutexHeldCount
 .text.prvGetNextExpireTime
                0x000000000800c648       0x20 CMakeFiles/FreshmanProject-stm32.elf.dir/Middlewares/Third_Party/FreeRTOS/Source/timers.c.obj
 .text.prvInsertTimerInActiveList
                0x000000000800c668       0x48 CMakeFiles/FreshmanProject-stm32.elf.dir/Middlewares/Third_Party/FreeRTOS/Source/timers.c.obj
 .text.prvCheckForValidListAndQueue
                0x000000000800c6b0       0x70 CMakeFiles/FreshmanProject-stm32.elf.dir/Middlewares/Third_Party/FreeRTOS/Source/timers.c.obj
 .text.xTimerCreateTimerTask
                0x000000000800c720       0x64 CMakeFiles/FreshmanProject-stm32.elf.dir/Middlewares/Third_Party/FreeRTOS/Source/timers.c.obj
                0x000000000800c720                xTimerCreateTimerTask
 .text.xTimerGenericCommand
                0x000000000800c784       0x6c CMakeFiles/FreshmanProject-stm32.elf.dir/Middlewares/Third_Party/FreeRTOS/Source/timers.c.obj
                0x000000000800c784                xTimerGenericCommand
 .text.prvSwitchTimerLists
                0x000000000800c7f0       0x7c CMakeFiles/FreshmanProject-stm32.elf.dir/Middlewares/Third_Party/FreeRTOS/Source/timers.c.obj
 .text.prvSampleTimeNow
                0x000000000800c86c       0x2c CMakeFiles/FreshmanProject-stm32.elf.dir/Middlewares/Third_Party/FreeRTOS/Source/timers.c.obj
 .text.prvProcessExpiredTimer
                0x000000000800c898       0x6c CMakeFiles/FreshmanProject-stm32.elf.dir/Middlewares/Third_Party/FreeRTOS/Source/timers.c.obj
 .text.prvProcessTimerOrBlockTask
                0x000000000800c904       0x74 CMakeFiles/FreshmanProject-stm32.elf.dir/Middlewares/Third_Party/FreeRTOS/Source/timers.c.obj
 .text.prvProcessReceivedCommands
                0x000000000800c978      0x10c CMakeFiles/FreshmanProject-stm32.elf.dir/Middlewares/Third_Party/FreeRTOS/Source/timers.c.obj
 .text.prvTimerTask
                0x000000000800ca84       0x16 CMakeFiles/FreshmanProject-stm32.elf.dir/Middlewares/Third_Party/FreeRTOS/Source/timers.c.obj
 .text.Mpu6050_writeReg
                0x000000000800ca9a       0x26 CMakeFiles/FreshmanProject-stm32.elf.dir/UC/Mpu6050.c.obj
                0x000000000800ca9a                Mpu6050_writeReg
 .text.MPU_Set_Gyro_Fsr
                0x000000000800cac0       0x10 CMakeFiles/FreshmanProject-stm32.elf.dir/UC/Mpu6050.c.obj
                0x000000000800cac0                MPU_Set_Gyro_Fsr
 .text.MPU_Set_Accel_Fsr
                0x000000000800cad0       0x10 CMakeFiles/FreshmanProject-stm32.elf.dir/UC/Mpu6050.c.obj
                0x000000000800cad0                MPU_Set_Accel_Fsr
 .text.MPU_Set_LPF
                0x000000000800cae0       0x34 CMakeFiles/FreshmanProject-stm32.elf.dir/UC/Mpu6050.c.obj
                0x000000000800cae0                MPU_Set_LPF
 .text.MPU_Set_Rate
                0x000000000800cb14       0x38 CMakeFiles/FreshmanProject-stm32.elf.dir/UC/Mpu6050.c.obj
                0x000000000800cb14                MPU_Set_Rate
 .text.Mpu6050_readReg
                0x000000000800cb4c       0x26 CMakeFiles/FreshmanProject-stm32.elf.dir/UC/Mpu6050.c.obj
                0x000000000800cb4c                Mpu6050_readReg
 *fill*         0x000000000800cb72        0x2 
 .text.Mpu6050_Init
                0x000000000800cb74       0xe0 CMakeFiles/FreshmanProject-stm32.elf.dir/UC/Mpu6050.c.obj
                0x000000000800cb74                Mpu6050_Init
 .text.MPU6050_readLen
                0x000000000800cc54       0x1e CMakeFiles/FreshmanProject-stm32.elf.dir/UC/Mpu6050.c.obj
                0x000000000800cc54                MPU6050_readLen
 *fill*         0x000000000800cc72        0x2 
 .text.Mpu6050_getGyroscope
                0x000000000800cc74       0x9c CMakeFiles/FreshmanProject-stm32.elf.dir/UC/Mpu6050.c.obj
                0x000000000800cc74                Mpu6050_getGyroscope
 .text.Mpu6050_getAccelerometer
                0x000000000800cd10       0x9c CMakeFiles/FreshmanProject-stm32.elf.dir/UC/Mpu6050.c.obj
                0x000000000800cd10                Mpu6050_getAccelerometer
 .text.Mpup6050_update
                0x000000000800cdac      0x2c4 CMakeFiles/FreshmanProject-stm32.elf.dir/UC/Mpu6050.c.obj
                0x000000000800cdac                Mpup6050_update
 .text.Serial_Servo_Create
                0x000000000800d070       0x22 CMakeFiles/FreshmanProject-stm32.elf.dir/UC/Serial_Servo.c.obj
                0x000000000800d070                Serial_Servo_Create
 *fill*         0x000000000800d092        0x2 
 .text.Serial_Servo_WriteCmd
                0x000000000800d094       0xa0 CMakeFiles/FreshmanProject-stm32.elf.dir/UC/Serial_Servo.c.obj
                0x000000000800d094                Serial_Servo_WriteCmd
 .text.Serial_Servo_ReadCmd
                0x000000000800d134       0xc4 CMakeFiles/FreshmanProject-stm32.elf.dir/UC/Serial_Servo.c.obj
                0x000000000800d134                Serial_Servo_ReadCmd
 .text.Serial_Servo_Set_Mode
                0x000000000800d1f8       0x2a CMakeFiles/FreshmanProject-stm32.elf.dir/UC/Serial_Servo.c.obj
                0x000000000800d1f8                Serial_Servo_Set_Mode
 .text.Serial_Servo_Move
                0x000000000800d222       0x5c CMakeFiles/FreshmanProject-stm32.elf.dir/UC/Serial_Servo.c.obj
                0x000000000800d222                Serial_Servo_Move
 .text.Serial_Servo_SetLoadOrUnload
                0x000000000800d27e       0x1a CMakeFiles/FreshmanProject-stm32.elf.dir/UC/Serial_Servo.c.obj
                0x000000000800d27e                Serial_Servo_SetLoadOrUnload
 .text.Serial_Servo_SetLimit
                0x000000000800d298       0x3a CMakeFiles/FreshmanProject-stm32.elf.dir/UC/Serial_Servo.c.obj
                0x000000000800d298                Serial_Servo_SetLimit
 .text.Serial_Servo_ReadPosition
                0x000000000800d2d2       0x28 CMakeFiles/FreshmanProject-stm32.elf.dir/UC/Serial_Servo.c.obj
                0x000000000800d2d2                Serial_Servo_ReadPosition
 *fill*         0x000000000800d2fa        0x2 
 .text.Servos_ReadPos
                0x000000000800d2fc       0x1c CMakeFiles/FreshmanProject-stm32.elf.dir/UC/USER_main.c.obj
 .text.arm_disable_executor
                0x000000000800d318       0xac CMakeFiles/FreshmanProject-stm32.elf.dir/UC/USER_main.c.obj
 .text.arm_enable_executor
                0x000000000800d3c4      0x100 CMakeFiles/FreshmanProject-stm32.elf.dir/UC/USER_main.c.obj
 .text.StartServoTask
                0x000000000800d4c4      0x1d0 CMakeFiles/FreshmanProject-stm32.elf.dir/UC/USER_main.c.obj
                0x000000000800d4c4                StartServoTask
 *fill*         0x000000000800d694        0x4 
 .text.StartSensorTask
                0x000000000800d698      0x104 CMakeFiles/FreshmanProject-stm32.elf.dir/UC/USER_main.c.obj
                0x000000000800d698                StartSensorTask
 .text.mapping_param_init
                0x000000000800d79c       0x48 CMakeFiles/FreshmanProject-stm32.elf.dir/UC/mapping.c.obj
                0x000000000800d79c                mapping_param_init
 .text.mapping_limit_i
                0x000000000800d7e4        0xa CMakeFiles/FreshmanProject-stm32.elf.dir/UC/mapping.c.obj
                0x000000000800d7e4                mapping_limit_i
 *fill*         0x000000000800d7ee        0x2 
 .text.mapping_o2i
                0x000000000800d7f0       0x60 CMakeFiles/FreshmanProject-stm32.elf.dir/UC/mapping.c.obj
                0x000000000800d7f0                mapping_o2i
 .text.MAF_init
                0x000000000800d850       0x2c CMakeFiles/FreshmanProject-stm32.elf.dir/UC/moving_average_filter.c.obj
                0x000000000800d850                MAF_init
 .text.MAF_update
                0x000000000800d87c       0x4c CMakeFiles/FreshmanProject-stm32.elf.dir/UC/moving_average_filter.c.obj
                0x000000000800d87c                MAF_update
 .text.RetargetInit
                0x000000000800d8c8       0x20 CMakeFiles/FreshmanProject-stm32.elf.dir/UC/retarget.c.obj
                0x000000000800d8c8                RetargetInit
 .text._isatty  0x000000000800d8e8       0x16 CMakeFiles/FreshmanProject-stm32.elf.dir/UC/retarget.c.obj
                0x000000000800d8e8                _isatty
 *fill*         0x000000000800d8fe        0x2 
 .text._write   0x000000000800d900       0x34 CMakeFiles/FreshmanProject-stm32.elf.dir/UC/retarget.c.obj
                0x000000000800d900                _write
 .text._close   0x000000000800d934       0x18 CMakeFiles/FreshmanProject-stm32.elf.dir/UC/retarget.c.obj
                0x000000000800d934                _close
 .text._lseek   0x000000000800d94c       0x10 CMakeFiles/FreshmanProject-stm32.elf.dir/UC/retarget.c.obj
                0x000000000800d94c                _lseek
 .text._read    0x000000000800d95c       0x30 CMakeFiles/FreshmanProject-stm32.elf.dir/UC/retarget.c.obj
                0x000000000800d95c                _read
 .text._fstat   0x000000000800d98c       0x1a CMakeFiles/FreshmanProject-stm32.elf.dir/UC/retarget.c.obj
                0x000000000800d98c                _fstat
 *fill*         0x000000000800d9a6        0x2 
 .text.startup  0x000000000800d9a8       0x14 /usr/lib/gcc/arm-none-eabi/12.2.1/../../../arm-none-eabi/lib/thumb/v7e-m+fp/hard/libg.a(lib_a-__call_atexit.o)
 *(.glue_7)
 .glue_7        0x000000000800d9bc        0x0 linker stubs
 *(.glue_7t)
 .glue_7t       0x000000000800d9bc        0x0 linker stubs
 *(.eh_frame)
 .eh_frame      0x000000000800d9bc        0x0 /usr/lib/gcc/arm-none-eabi/12.2.1/thumb/v7e-m+fp/hard/crtbegin.o
 *(.init)
 .init          0x000000000800d9bc        0x4 /usr/lib/gcc/arm-none-eabi/12.2.1/thumb/v7e-m+fp/hard/crti.o
                0x000000000800d9bc                _init
 .init          0x000000000800d9c0        0x8 /usr/lib/gcc/arm-none-eabi/12.2.1/thumb/v7e-m+fp/hard/crtn.o
 *(.fini)
 .fini          0x000000000800d9c8        0x4 /usr/lib/gcc/arm-none-eabi/12.2.1/thumb/v7e-m+fp/hard/crti.o
                0x000000000800d9c8                _fini
 .fini          0x000000000800d9cc        0x8 /usr/lib/gcc/arm-none-eabi/12.2.1/thumb/v7e-m+fp/hard/crtn.o
                0x000000000800d9d4                . = ALIGN (0x4)
                0x000000000800d9d4                _etext = .

.vfp11_veneer   0x000000000800d9d4        0x0
 .vfp11_veneer  0x000000000800d9d4        0x0 linker stubs

.v4_bx          0x000000000800d9d4        0x0
 .v4_bx         0x000000000800d9d4        0x0 linker stubs

.iplt           0x000000000800d9d4        0x0
 .iplt          0x000000000800d9d4        0x0 /usr/lib/gcc/arm-none-eabi/12.2.1/thumb/v7e-m+fp/hard/crtbegin.o

.rodata         0x000000000800d9d8      0x5a0
                0x000000000800d9d8                . = ALIGN (0x4)
 *(.rodata)
 .rodata        0x000000000800d9d8       0x20 CMakeFiles/FreshmanProject-stm32.elf.dir/UC/Mpu6050.c.obj
 .rodata        0x000000000800d9f8       0xac CMakeFiles/FreshmanProject-stm32.elf.dir/UC/Serial_Servo.c.obj
 .rodata        0x000000000800daa4        0x4 /usr/lib/gcc/arm-none-eabi/12.2.1/../../../arm-none-eabi/lib/thumb/v7e-m+fp/hard/libg.a(lib_a-impure.o)
                0x000000000800daa4                _global_impure_ptr
 .rodata        0x000000000800daa8       0x20 /usr/lib/gcc/arm-none-eabi/12.2.1/../../../arm-none-eabi/lib/thumb/v7e-m+fp/hard/libg.a(lib_a-vfprintf.o)
 .rodata        0x000000000800dac8      0x128 /usr/lib/gcc/arm-none-eabi/12.2.1/../../../arm-none-eabi/lib/thumb/v7e-m+fp/hard/libg.a(lib_a-mprec.o)
                0x000000000800dad8                __mprec_tens
                0x000000000800dba0                __mprec_tinytens
                0x000000000800dbc8                __mprec_bigtens
 .rodata        0x000000000800dbf0       0x20 /usr/lib/gcc/arm-none-eabi/12.2.1/../../../arm-none-eabi/lib/thumb/v7e-m+fp/hard/libg.a(lib_a-vfiprintf.o)
 .rodata        0x000000000800dc10      0x101 /usr/lib/gcc/arm-none-eabi/12.2.1/../../../arm-none-eabi/lib/thumb/v7e-m+fp/hard/libg.a(lib_a-ctype_.o)
                0x000000000800dc10                _ctype_
 *fill*         0x000000000800dd11        0x7 
 .rodata        0x000000000800dd18       0x30 /usr/lib/gcc/arm-none-eabi/12.2.1/../../../arm-none-eabi/lib/thumb/v7e-m+fp/hard/libm.a(lib_a-e_atan2.o)
 .rodata        0x000000000800dd48       0x40 /usr/lib/gcc/arm-none-eabi/12.2.1/../../../arm-none-eabi/lib/thumb/v7e-m+fp/hard/libm.a(lib_a-s_atan.o)
 *(.rodata*)
 .rodata.str1.4
                0x000000000800dd88       0x16 CMakeFiles/FreshmanProject-stm32.elf.dir/Core/Src/freertos.c.obj
 *fill*         0x000000000800dd9e        0x2 
 .rodata.sensorTask_attributes
                0x000000000800dda0       0x24 CMakeFiles/FreshmanProject-stm32.elf.dir/Core/Src/freertos.c.obj
                0x000000000800dda0                sensorTask_attributes
 .rodata.servoTask_attributes
                0x000000000800ddc4       0x24 CMakeFiles/FreshmanProject-stm32.elf.dir/Core/Src/freertos.c.obj
                0x000000000800ddc4                servoTask_attributes
 .rodata.APBPrescTable
                0x000000000800dde8        0x8 CMakeFiles/FreshmanProject-stm32.elf.dir/Core/Src/system_stm32f4xx.c.obj
                0x000000000800dde8                APBPrescTable
 .rodata.AHBPrescTable
                0x000000000800ddf0       0x10 CMakeFiles/FreshmanProject-stm32.elf.dir/Core/Src/system_stm32f4xx.c.obj
                0x000000000800ddf0                AHBPrescTable
 .rodata.vTaskStartScheduler.str1.4
                0x000000000800de00        0x5 CMakeFiles/FreshmanProject-stm32.elf.dir/Middlewares/Third_Party/FreeRTOS/Source/tasks.c.obj
 *fill*         0x000000000800de05        0x3 
 .rodata.prvCheckForValidListAndQueue.str1.4
                0x000000000800de08        0x5 CMakeFiles/FreshmanProject-stm32.elf.dir/Middlewares/Third_Party/FreeRTOS/Source/timers.c.obj
 *fill*         0x000000000800de0d        0x3 
 .rodata.xTimerCreateTimerTask.str1.4
                0x000000000800de10        0x8 CMakeFiles/FreshmanProject-stm32.elf.dir/Middlewares/Third_Party/FreeRTOS/Source/timers.c.obj
 .rodata.StartServoTask.str1.4
                0x000000000800de18       0x17 CMakeFiles/FreshmanProject-stm32.elf.dir/UC/USER_main.c.obj
 *fill*         0x000000000800de2f        0x1 
 .rodata.StartSensorTask.str1.4
                0x000000000800de30       0x23 CMakeFiles/FreshmanProject-stm32.elf.dir/UC/USER_main.c.obj
 *fill*         0x000000000800de53        0x1 
 .rodata.str1.4
                0x000000000800de54        0x2 /usr/lib/gcc/arm-none-eabi/12.2.1/../../../arm-none-eabi/lib/thumb/v7e-m+fp/hard/libg.a(lib_a-puts.o)
 *fill*         0x000000000800de56        0x2 
 .rodata.str1.4
                0x000000000800de58       0x42 /usr/lib/gcc/arm-none-eabi/12.2.1/../../../arm-none-eabi/lib/thumb/v7e-m+fp/hard/libg.a(lib_a-vfprintf.o)
 *fill*         0x000000000800de9a        0x2 
 .rodata.str1.4
                0x000000000800de9c       0x56 /usr/lib/gcc/arm-none-eabi/12.2.1/../../../arm-none-eabi/lib/thumb/v7e-m+fp/hard/libg.a(lib_a-dtoa.o)
                                         0x5a (size before relaxing)
 *fill*         0x000000000800def2        0x2 
 .rodata.str1.4
                0x000000000800def4       0x33 /usr/lib/gcc/arm-none-eabi/12.2.1/../../../arm-none-eabi/lib/thumb/v7e-m+fp/hard/libg.a(lib_a-mprec.o)
                                         0x47 (size before relaxing)
 .rodata.str1.4
                0x000000000800df27       0x2f /usr/lib/gcc/arm-none-eabi/12.2.1/../../../arm-none-eabi/lib/thumb/v7e-m+fp/hard/libg.a(lib_a-vfiprintf.o)
 *fill*         0x000000000800df27        0x1 
 .rodata.str1.4
                0x000000000800df28       0x3f /usr/lib/gcc/arm-none-eabi/12.2.1/../../../arm-none-eabi/lib/thumb/v7e-m+fp/hard/libg.a(lib_a-assert.o)
                                         0x43 (size before relaxing)
 *fill*         0x000000000800df67        0x1 
 .rodata.str1.4
                0x000000000800df68        0xe /usr/lib/gcc/arm-none-eabi/12.2.1/../../../arm-none-eabi/lib/thumb/v7e-m+fp/hard/libg.a(lib_a-locale.o)
                                         0x12 (size before relaxing)
 .rodata.str1.4
                0x000000000800df76        0x1 /usr/lib/gcc/arm-none-eabi/12.2.1/../../../arm-none-eabi/lib/thumb/v7e-m+fp/hard/libm.a(lib_a-w_asin.o)
                0x000000000800df78                . = ALIGN (0x4)
 *fill*         0x000000000800df76        0x2 

.ARM.extab      0x000000000800df78        0x0
                0x000000000800df78                . = ALIGN (0x4)
 *(.ARM.extab* .gnu.linkonce.armextab.*)
                0x000000000800df78                . = ALIGN (0x4)

.ARM            0x000000000800df78        0x8
                0x000000000800df78                . = ALIGN (0x4)
                0x000000000800df78                __exidx_start = .
 *(.ARM.exidx*)
 .ARM.exidx     0x000000000800df78        0x8 /usr/lib/gcc/arm-none-eabi/12.2.1/thumb/v7e-m+fp/hard/libgcc.a(_udivmoddi4.o)
                0x000000000800df80                __exidx_end = .
                0x000000000800df80                . = ALIGN (0x4)

.rel.dyn        0x000000000800df80        0x0
 .rel.iplt      0x000000000800df80        0x0 /usr/lib/gcc/arm-none-eabi/12.2.1/thumb/v7e-m+fp/hard/crtbegin.o

.preinit_array  0x000000000800df80        0x0
                0x000000000800df80                . = ALIGN (0x4)
                0x000000000800df80                PROVIDE (__preinit_array_start = .)
 *(.preinit_array*)
                0x000000000800df80                PROVIDE (__preinit_array_end = .)
                0x000000000800df80                . = ALIGN (0x4)

.init_array     0x000000000800df80        0x8
                0x000000000800df80                . = ALIGN (0x4)
                0x000000000800df80                PROVIDE (__init_array_start = .)
 *(SORT_BY_NAME(.init_array.*))
 .init_array.00000
                0x000000000800df80        0x4 /usr/lib/gcc/arm-none-eabi/12.2.1/../../../arm-none-eabi/lib/thumb/v7e-m+fp/hard/libg.a(lib_a-__call_atexit.o)
 *(.init_array*)
 .init_array    0x000000000800df84        0x4 /usr/lib/gcc/arm-none-eabi/12.2.1/thumb/v7e-m+fp/hard/crtbegin.o
                0x000000000800df88                PROVIDE (__init_array_end = .)
                0x000000000800df88                . = ALIGN (0x4)

.fini_array     0x000000000800df88        0x4
                0x000000000800df88                . = ALIGN (0x4)
                0x000000000800df88                PROVIDE (__fini_array_start = .)
 *(SORT_BY_NAME(.fini_array.*))
 *(.fini_array*)
 .fini_array    0x000000000800df88        0x4 /usr/lib/gcc/arm-none-eabi/12.2.1/thumb/v7e-m+fp/hard/crtbegin.o
                0x000000000800df8c                PROVIDE (__fini_array_end = .)
                0x000000000800df8c                . = ALIGN (0x4)
                0x000000000800df8c                _sidata = LOADADDR (.data)

.data           0x0000000020000000      0x9c0 load address 0x000000000800df8c
                0x0000000020000000                . = ALIGN (0x4)
                0x0000000020000000                _sdata = .
 *(.data)
 .data          0x0000000020000000      0x430 /usr/lib/gcc/arm-none-eabi/12.2.1/../../../arm-none-eabi/lib/thumb/v7e-m+fp/hard/libg.a(lib_a-impure.o)
                0x0000000020000000                _impure_ptr
 .data          0x0000000020000430      0x410 /usr/lib/gcc/arm-none-eabi/12.2.1/../../../arm-none-eabi/lib/thumb/v7e-m+fp/hard/libg.a(lib_a-mallocr.o)
                0x0000000020000430                __malloc_av_
                0x0000000020000838                __malloc_sbrk_base
                0x000000002000083c                __malloc_trim_threshold
 .data          0x0000000020000840      0x16c /usr/lib/gcc/arm-none-eabi/12.2.1/../../../arm-none-eabi/lib/thumb/v7e-m+fp/hard/libg.a(lib_a-locale.o)
                0x0000000020000840                __global_locale
 .data          0x00000000200009ac        0x1 /usr/lib/gcc/arm-none-eabi/12.2.1/../../../arm-none-eabi/lib/thumb/v7e-m+fp/hard/libm.a(lib_a-s_lib_ver.o)
                0x00000000200009ac                __fdlib_version
 *(.data*)
 *fill*         0x00000000200009ad        0x3 
 .data.SystemCoreClock
                0x00000000200009b0        0x4 CMakeFiles/FreshmanProject-stm32.elf.dir/Core/Src/system_stm32f4xx.c.obj
                0x00000000200009b0                SystemCoreClock
 .data.uwTickFreq
                0x00000000200009b4        0x1 CMakeFiles/FreshmanProject-stm32.elf.dir/Drivers/STM32F4xx_HAL_Driver/Src/stm32f4xx_hal.c.obj
                0x00000000200009b4                uwTickFreq
 *fill*         0x00000000200009b5        0x3 
 .data.uwTickPrio
                0x00000000200009b8        0x4 CMakeFiles/FreshmanProject-stm32.elf.dir/Drivers/STM32F4xx_HAL_Driver/Src/stm32f4xx_hal.c.obj
                0x00000000200009b8                uwTickPrio
 .data.uxCriticalNesting
                0x00000000200009bc        0x4 CMakeFiles/FreshmanProject-stm32.elf.dir/Middlewares/Third_Party/FreeRTOS/Source/portable/GCC/ARM_CM4F/port.c.obj
 *(.RamFunc)
 *(.RamFunc*)
                0x00000000200009c0                . = ALIGN (0x4)
                0x00000000200009c0                _edata = .

.tm_clone_table
                0x00000000200009c0        0x0 load address 0x000000000800e94c
 .tm_clone_table
                0x00000000200009c0        0x0 /usr/lib/gcc/arm-none-eabi/12.2.1/thumb/v7e-m+fp/hard/crtbegin.o
 .tm_clone_table
                0x00000000200009c0        0x0 /usr/lib/gcc/arm-none-eabi/12.2.1/thumb/v7e-m+fp/hard/crtend.o

.igot.plt       0x00000000200009c0        0x0 load address 0x000000000800e94c
 .igot.plt      0x00000000200009c0        0x0 /usr/lib/gcc/arm-none-eabi/12.2.1/thumb/v7e-m+fp/hard/crtbegin.o
                0x00000000200009c0                . = ALIGN (0x4)

.bss            0x00000000200009c0     0x5450 load address 0x000000000800e94c
                0x00000000200009c0                _sbss = .
                0x00000000200009c0                __bss_start__ = _sbss
 *(.bss)
 .bss           0x00000000200009c0       0x1c /usr/lib/gcc/arm-none-eabi/12.2.1/thumb/v7e-m+fp/hard/crtbegin.o
 .bss           0x00000000200009dc       0x34 /usr/lib/gcc/arm-none-eabi/12.2.1/../../../arm-none-eabi/lib/thumb/v7e-m+fp/hard/libg.a(lib_a-mallocr.o)
                0x00000000200009dc                __malloc_top_pad
                0x00000000200009e0                __malloc_current_mallinfo
                0x0000000020000a08                __malloc_max_sbrked_mem
                0x0000000020000a0c                __malloc_max_total_mem
 .bss           0x0000000020000a10        0x4 /usr/lib/gcc/arm-none-eabi/12.2.1/../../../arm-none-eabi/lib/thumb/v7e-m+fp/hard/libg.a(lib_a-reent.o)
                0x0000000020000a10                errno
 *(.bss*)
 .bss.sensorTaskHandle
                0x0000000020000a14        0x4 CMakeFiles/FreshmanProject-stm32.elf.dir/Core/Src/freertos.c.obj
                0x0000000020000a14                sensorTaskHandle
 .bss.servoTaskHandle
                0x0000000020000a18        0x4 CMakeFiles/FreshmanProject-stm32.elf.dir/Core/Src/freertos.c.obj
                0x0000000020000a18                servoTaskHandle
 .bss.sync_mutex
                0x0000000020000a1c        0x4 CMakeFiles/FreshmanProject-stm32.elf.dir/Core/Src/freertos.c.obj
                0x0000000020000a1c                sync_mutex
 .bss.data_mutex
                0x0000000020000a20        0x4 CMakeFiles/FreshmanProject-stm32.elf.dir/Core/Src/freertos.c.obj
                0x0000000020000a20                data_mutex
 .bss.hi2c1     0x0000000020000a24       0x54 CMakeFiles/FreshmanProject-stm32.elf.dir/Core/Src/i2c.c.obj
                0x0000000020000a24                hi2c1
 .bss.htim1     0x0000000020000a78       0x48 CMakeFiles/FreshmanProject-stm32.elf.dir/Core/Src/stm32f4xx_hal_timebase_tim.c.obj
                0x0000000020000a78                htim1
 .bss.__sbrk_heap_end
                0x0000000020000ac0        0x4 CMakeFiles/FreshmanProject-stm32.elf.dir/Core/Src/sysmem.c.obj
 .bss.huart2    0x0000000020000ac4       0x44 CMakeFiles/FreshmanProject-stm32.elf.dir/Core/Src/usart.c.obj
                0x0000000020000ac4                huart2
 .bss.huart1    0x0000000020000b08       0x44 CMakeFiles/FreshmanProject-stm32.elf.dir/Core/Src/usart.c.obj
                0x0000000020000b08                huart1
 .bss.__lock___malloc_recursive_mutex
                0x0000000020000b4c        0x1 CMakeFiles/FreshmanProject-stm32.elf.dir/Core/ThreadSafe/newlib_lock_glue.c.obj
 *fill*         0x0000000020000b4d        0x3 
 .bss.uwTick    0x0000000020000b50        0x4 CMakeFiles/FreshmanProject-stm32.elf.dir/Drivers/STM32F4xx_HAL_Driver/Src/stm32f4xx_hal.c.obj
                0x0000000020000b50                uwTick
 .bss.Timer_Stack.0
                0x0000000020000b54      0x400 CMakeFiles/FreshmanProject-stm32.elf.dir/Middlewares/Third_Party/FreeRTOS/Source/CMSIS_RTOS_V2/cmsis_os2.c.obj
 *fill*         0x0000000020000f54        0x4 
 .bss.Timer_TCB.1
                0x0000000020000f58      0x488 CMakeFiles/FreshmanProject-stm32.elf.dir/Middlewares/Third_Party/FreeRTOS/Source/CMSIS_RTOS_V2/cmsis_os2.c.obj
 .bss.Idle_Stack.2
                0x00000000200013e0      0x200 CMakeFiles/FreshmanProject-stm32.elf.dir/Middlewares/Third_Party/FreeRTOS/Source/CMSIS_RTOS_V2/cmsis_os2.c.obj
 .bss.Idle_TCB.3
                0x00000000200015e0      0x488 CMakeFiles/FreshmanProject-stm32.elf.dir/Middlewares/Third_Party/FreeRTOS/Source/CMSIS_RTOS_V2/cmsis_os2.c.obj
 .bss.KernelState
                0x0000000020001a68        0x4 CMakeFiles/FreshmanProject-stm32.elf.dir/Middlewares/Third_Party/FreeRTOS/Source/CMSIS_RTOS_V2/cmsis_os2.c.obj
 .bss.ulMaxPRIGROUPValue
                0x0000000020001a6c        0x4 CMakeFiles/FreshmanProject-stm32.elf.dir/Middlewares/Third_Party/FreeRTOS/Source/portable/GCC/ARM_CM4F/port.c.obj
 .bss.ucMaxSysCallPriority
                0x0000000020001a70        0x1 CMakeFiles/FreshmanProject-stm32.elf.dir/Middlewares/Third_Party/FreeRTOS/Source/portable/GCC/ARM_CM4F/port.c.obj
 *fill*         0x0000000020001a71        0x3 
 .bss.xBlockAllocatedBit
                0x0000000020001a74        0x4 CMakeFiles/FreshmanProject-stm32.elf.dir/Middlewares/Third_Party/FreeRTOS/Source/portable/MemMang/heap_4.c.obj
 .bss.xNumberOfSuccessfulFrees
                0x0000000020001a78        0x4 CMakeFiles/FreshmanProject-stm32.elf.dir/Middlewares/Third_Party/FreeRTOS/Source/portable/MemMang/heap_4.c.obj
 .bss.xNumberOfSuccessfulAllocations
                0x0000000020001a7c        0x4 CMakeFiles/FreshmanProject-stm32.elf.dir/Middlewares/Third_Party/FreeRTOS/Source/portable/MemMang/heap_4.c.obj
 .bss.xMinimumEverFreeBytesRemaining
                0x0000000020001a80        0x4 CMakeFiles/FreshmanProject-stm32.elf.dir/Middlewares/Third_Party/FreeRTOS/Source/portable/MemMang/heap_4.c.obj
 .bss.xFreeBytesRemaining
                0x0000000020001a84        0x4 CMakeFiles/FreshmanProject-stm32.elf.dir/Middlewares/Third_Party/FreeRTOS/Source/portable/MemMang/heap_4.c.obj
 .bss.pxEnd     0x0000000020001a88        0x4 CMakeFiles/FreshmanProject-stm32.elf.dir/Middlewares/Third_Party/FreeRTOS/Source/portable/MemMang/heap_4.c.obj
 .bss.xStart    0x0000000020001a8c        0x8 CMakeFiles/FreshmanProject-stm32.elf.dir/Middlewares/Third_Party/FreeRTOS/Source/portable/MemMang/heap_4.c.obj
 .bss.ucHeap    0x0000000020001a94     0x3c00 CMakeFiles/FreshmanProject-stm32.elf.dir/Middlewares/Third_Party/FreeRTOS/Source/portable/MemMang/heap_4.c.obj
 .bss.xQueueRegistry