Archive member included to satisfy reference by file (symbol)

/usr/lib/gcc/arm-none-eabi/12.2.1/thumb/v7e-m+fp/hard/libgcc.a(_arm_addsubdf3.o)
                              CMakeFiles/FreshmanProject-stm32.elf.dir/UC/Mpu6050.c.obj (__aeabi_dadd)
/usr/lib/gcc/arm-none-eabi/12.2.1/thumb/v7e-m+fp/hard/libgcc.a(_arm_muldivdf3.o)
                              CMakeFiles/FreshmanProject-stm32.elf.dir/UC/Mpu6050.c.obj (__aeabi_ddiv)
/usr/lib/gcc/arm-none-eabi/12.2.1/thumb/v7e-m+fp/hard/libgcc.a(_arm_truncdfsf2.o)
                              CMakeFiles/FreshmanProject-stm32.elf.dir/UC/Mpu6050.c.obj (__aeabi_d2f)
/usr/lib/gcc/arm-none-eabi/12.2.1/thumb/v7e-m+fp/hard/libgcc.a(_aeabi_uldivmod.o)
                              CMakeFiles/FreshmanProject-stm32.elf.dir/Drivers/STM32F4xx_HAL_Driver/Src/stm32f4xx_hal_rcc.c.obj (__aeabi_uldivmod)
/usr/lib/gcc/arm-none-eabi/12.2.1/thumb/v7e-m+fp/hard/libgcc.a(_udivmoddi4.o)
                              /usr/lib/gcc/arm-none-eabi/12.2.1/thumb/v7e-m+fp/hard/libgcc.a(_aeabi_uldivmod.o) (__udivmoddi4)
/usr/lib/gcc/arm-none-eabi/12.2.1/thumb/v7e-m+fp/hard/libgcc.a(_dvmd_tls.o)
                              /usr/lib/gcc/arm-none-eabi/12.2.1/thumb/v7e-m+fp/hard/libgcc.a(_aeabi_uldivmod.o) (__aeabi_ldiv0)
/usr/lib/gcc/arm-none-eabi/12.2.1/../../../arm-none-eabi/lib/thumb/v7e-m+fp/hard/libc.a(lib_a-atexit.o)
                              /usr/lib/gcc/arm-none-eabi/12.2.1/../../../arm-none-eabi/lib/thumb/v7e-m+fp/hard/crt0.o (atexit)
/usr/lib/gcc/arm-none-eabi/12.2.1/../../../arm-none-eabi/lib/thumb/v7e-m+fp/hard/libc.a(lib_a-errno.o)
                              CMakeFiles/FreshmanProject-stm32.elf.dir/Core/Src/syscalls.c.obj (__errno)
/usr/lib/gcc/arm-none-eabi/12.2.1/../../../arm-none-eabi/lib/thumb/v7e-m+fp/hard/libc.a(lib_a-exit.o)
                              /usr/lib/gcc/arm-none-eabi/12.2.1/../../../arm-none-eabi/lib/thumb/v7e-m+fp/hard/crt0.o (exit)
/usr/lib/gcc/arm-none-eabi/12.2.1/../../../arm-none-eabi/lib/thumb/v7e-m+fp/hard/libc.a(lib_a-fini.o)
                              /usr/lib/gcc/arm-none-eabi/12.2.1/../../../arm-none-eabi/lib/thumb/v7e-m+fp/hard/crt0.o (__libc_fini_array)
/usr/lib/gcc/arm-none-eabi/12.2.1/../../../arm-none-eabi/lib/thumb/v7e-m+fp/hard/libc.a(lib_a-impure.o)
                              /usr/lib/gcc/arm-none-eabi/12.2.1/../../../arm-none-eabi/lib/thumb/v7e-m+fp/hard/libc.a(lib_a-exit.o) (_global_impure_ptr)
/usr/lib/gcc/arm-none-eabi/12.2.1/../../../arm-none-eabi/lib/thumb/v7e-m+fp/hard/libc.a(lib_a-init.o)
                              /usr/lib/gcc/arm-none-eabi/12.2.1/../../../arm-none-eabi/lib/thumb/v7e-m+fp/hard/crt0.o (__libc_init_array)
/usr/lib/gcc/arm-none-eabi/12.2.1/../../../arm-none-eabi/lib/thumb/v7e-m+fp/hard/libc.a(lib_a-malloc.o)
                              CMakeFiles/FreshmanProject-stm32.elf.dir/UC/Serial_Servo.c.obj (malloc)
/usr/lib/gcc/arm-none-eabi/12.2.1/../../../arm-none-eabi/lib/thumb/v7e-m+fp/hard/libc.a(lib_a-mallocr.o)
                              /usr/lib/gcc/arm-none-eabi/12.2.1/../../../arm-none-eabi/lib/thumb/v7e-m+fp/hard/libc.a(lib_a-malloc.o) (_malloc_r)
/usr/lib/gcc/arm-none-eabi/12.2.1/../../../arm-none-eabi/lib/thumb/v7e-m+fp/hard/libc.a(lib_a-memcpy.o)
                              CMakeFiles/FreshmanProject-stm32.elf.dir/Middlewares/Third_Party/FreeRTOS/Source/CMSIS_RTOS_V2/cmsis_os2.c.obj (memcpy)
/usr/lib/gcc/arm-none-eabi/12.2.1/../../../arm-none-eabi/lib/thumb/v7e-m+fp/hard/libc.a(lib_a-memset.o)
                              /usr/lib/gcc/arm-none-eabi/12.2.1/../../../arm-none-eabi/lib/thumb/v7e-m+fp/hard/crt0.o (memset)
/usr/lib/gcc/arm-none-eabi/12.2.1/../../../arm-none-eabi/lib/thumb/v7e-m+fp/hard/libc.a(lib_a-printf.o)
                              CMakeFiles/FreshmanProject-stm32.elf.dir/UC/USER_main.c.obj (printf)
/usr/lib/gcc/arm-none-eabi/12.2.1/../../../arm-none-eabi/lib/thumb/v7e-m+fp/hard/libc.a(lib_a-puts.o)
                              CMakeFiles/FreshmanProject-stm32.elf.dir/UC/USER_main.c.obj (puts)
/usr/lib/gcc/arm-none-eabi/12.2.1/../../../arm-none-eabi/lib/thumb/v7e-m+fp/hard/libc.a(lib_a-reent.o)
                              CMakeFiles/FreshmanProject-stm32.elf.dir/Middlewares/Third_Party/FreeRTOS/Source/tasks.c.obj (_reclaim_reent)
/usr/lib/gcc/arm-none-eabi/12.2.1/../../../arm-none-eabi/lib/thumb/v7e-m+fp/hard/libc.a(lib_a-sbrkr.o)
                              /usr/lib/gcc/arm-none-eabi/12.2.1/../../../arm-none-eabi/lib/thumb/v7e-m+fp/hard/libc.a(lib_a-mallocr.o) (_sbrk_r)
/usr/lib/gcc/arm-none-eabi/12.2.1/../../../arm-none-eabi/lib/thumb/v7e-m+fp/hard/libc.a(lib_a-setvbuf.o)
                              CMakeFiles/FreshmanProject-stm32.elf.dir/UC/retarget.c.obj (setvbuf)
/usr/lib/gcc/arm-none-eabi/12.2.1/../../../arm-none-eabi/lib/thumb/v7e-m+fp/hard/libc.a(lib_a-strlen.o)
                              /usr/lib/gcc/arm-none-eabi/12.2.1/../../../arm-none-eabi/lib/thumb/v7e-m+fp/hard/libc.a(lib_a-puts.o) (strlen)
[...]
Memory Configuration

Name             Origin             Length             Attributes
RAM              0x0000000020000000 0x0000000000020000 xrw
FLASH            0x0000000008000000 0x0000000000080000 xr
*default*        0x0000000000000000 0xffffffffffffffff

Linker script and memory map

LOAD /usr/lib/gcc/arm-none-eabi/12.2.1/thumb/v7e-m+fp/hard/crti.o
LOAD /usr/lib/gcc/arm-none-eabi/12.2.1/thumb/v7e-m+fp/hard/crtbegin.o
LOAD /usr/lib/gcc/arm-none-eabi/12.2.1/../../../arm-none-eabi/lib/thumb/v7e-m+fp/hard/crt0.o
LOAD CMakeFiles/FreshmanProject-stm32.elf.dir/Core/Src/freertos.c.obj
LOAD CMakeFiles/FreshmanProject-stm32.elf.dir/Core/Src/gpio.c.obj
LOAD CMakeFiles/FreshmanProject-stm32.elf.dir/Core/Src/i2c.c.obj
LOAD CMakeFiles/FreshmanProject-stm32.elf.dir/Core/Src/main.c.obj
LOAD CMakeFiles/FreshmanProject-stm32.elf.dir/Core/Src/stm32f4xx_hal_msp.c.obj
LOAD CMakeFiles/FreshmanProject-stm32.elf.dir/Core/Src/stm32f4xx_hal_timebase_tim.c.obj
LOAD CMakeFiles/FreshmanProject-stm32.elf.dir/Core/Src/stm32f4xx_it.c.obj
LOAD CMakeFiles/FreshmanProject-stm32.elf.dir/Core/Src/syscalls.c.obj
LOAD CMakeFiles/FreshmanProject-stm32.elf.dir/Core/Src/sysmem.c.obj
LOAD CMakeFiles/FreshmanProject-stm32.elf.dir/Core/Src/system_stm32f4xx.c.obj
LOAD CMakeFiles/FreshmanProject-stm32.elf.dir/Core/Src/tim.c.obj
LOAD CMakeFiles/FreshmanProject-stm32.elf.dir/Core/Src/usart.c.obj
LOAD CMakeFiles/FreshmanProject-stm32.elf.dir/Core/Startup/startup_stm32f411ceux.s.obj
LOAD CMakeFiles/FreshmanProject-stm32.elf.dir/Core/ThreadSafe/newlib_lock_glue.c.obj
LOAD CMakeFiles/FreshmanProject-stm32.elf.dir/Drivers/STM32F4xx_HAL_Driver/Src/stm32f4xx_hal.c.obj
LOAD CMakeFiles/FreshmanProject-stm32.elf.dir/Drivers/STM32F4xx_HAL_Driver/Src/stm32f4xx_hal_cortex.c.obj
LOAD CMakeFiles/FreshmanProject-stm32.elf.dir/Drivers/STM32F4xx_HAL_Driver/Src/stm32f4xx_hal_dma.c.obj
LOAD CMakeFiles/FreshmanProject-stm32.elf.dir/Drivers/STM32F4xx_HAL_Driver/Src/stm32f4xx_hal_dma_ex.c.obj
LOAD CMakeFiles/FreshmanProject-stm32.elf.dir/Drivers/STM32F4xx_HAL_Driver/Src/stm32f4xx_hal_exti.c.obj
LOAD CMakeFiles/FreshmanProject-stm32.elf.dir/Drivers/STM32F4xx_HAL_Driver/Src/stm32f4xx_hal_flash.c.obj
LOAD CMakeFiles/FreshmanProject-stm32.elf.dir/Drivers/STM32F4xx_HAL_Driver/Src/stm32f4xx_hal_flash_ex.c.obj
LOAD CMakeFiles/FreshmanProject-stm32.elf.dir/Drivers/STM32F4xx_HAL_Driver/Src/stm32f4xx_hal_flash_ramfunc.c.obj
LOAD CMakeFiles/FreshmanProject-stm32.elf.dir/Drivers/STM32F4xx_HAL_Driver/Src/stm32f4xx_hal_gpio.c.obj
LOAD CMakeFiles/FreshmanProject-stm32.elf.dir/Drivers/STM32F4xx_HAL_Driver/Src/stm32f4xx_hal_i2c.c.obj
LOAD CMakeFiles/FreshmanProject-stm32.elf.dir/Drivers/STM32F4xx_HAL_Driver/Src/stm32f4xx_hal_i2c_ex.c.obj
LOAD CMakeFiles/FreshmanProject-stm32.elf.dir/Drivers/STM32F4xx_HAL_Driver/Src/stm32f4xx_hal_pwr.c.obj
LOAD CMakeFiles/FreshmanProject-stm32.elf.dir/Drivers/STM32F4xx_HAL_Driver/Src/stm32f4xx_hal_pwr_ex.c.obj
LOAD CMakeFiles/FreshmanProject-stm32.elf.dir/Drivers/STM32F4xx_HAL_Driver/Src/stm32f4xx_hal_rcc.c.obj
LOAD CMakeFiles/FreshmanProject-stm32.elf.dir/Drivers/STM32F4xx_HAL_Driver/Src/stm32f4xx_hal_rcc_ex.c.obj
LOAD CMakeFiles/FreshmanProject-stm32.elf.dir/Drivers/STM32F4xx_HAL_Driver/Src/stm32f4xx_hal_tim.c.obj
LOAD CMakeFiles/FreshmanProject-stm32.elf.dir/Drivers/STM32F4xx_HAL_Driver/Src/stm32f4xx_hal_tim_ex.c.obj
LOAD CMakeFiles/FreshmanProject-stm32.elf.dir/Drivers/STM32F4xx_HAL_Driver/Src/stm32f4xx_hal_uart.c.obj
LOAD CMakeFiles/FreshmanProject-stm32.elf.dir/Middlewares/Third_Party/FreeRTOS/Source/CMSIS_RTOS_V2/cmsis_os2.c.obj
LOAD CMakeFiles/FreshmanProject-stm32.elf.dir/Middlewares/Third_Party/FreeRTOS/Source/croutine.c.obj
LOAD CMakeFiles/FreshmanProject-stm32.elf.dir/Middlewares/Third_Party/FreeRTOS/Source/event_groups.c.obj
LOAD CMakeFiles/FreshmanProject-stm32.elf.dir/Middlewares/Third_Party/FreeRTOS/Source/list.c.obj
LOAD CMakeFiles/FreshmanProject-stm32.elf.dir/Middlewares/Third_Party/FreeRTOS/Source/portable/GCC/ARM_CM4F/port.c.obj
LOAD CMakeFiles/FreshmanProject-stm32.elf.dir/Middlewares/Third_Party/FreeRTOS/Source/portable/MemMang/heap_4.c.obj
LOAD CMakeFiles/FreshmanProject-stm32.elf.dir/Middlewares/Third_Party/FreeRTOS/Source/queue.c.obj
LOAD CMakeFiles/FreshmanProject-stm32.elf.dir/Middlewares/Third_Party/FreeRTOS/Source/stream_buffer.c.obj
LOAD CMakeFiles/FreshmanProject-stm32.elf.dir/Middlewares/Third_Party/FreeRTOS/Source/tasks.c.obj
LOAD CMakeFiles/FreshmanProject-stm32.elf.dir/Middlewares/Third_Party/FreeRTOS/Source/timers.c.obj
LOAD CMakeFiles/FreshmanProject-stm32.elf.dir/UC/Mpu6050.c.obj
LOAD CMakeFiles/FreshmanProject-stm32.elf.dir/UC/Serial_Servo.c.obj
LOAD CMakeFiles/FreshmanProject-stm32.elf.dir/UC/USER_main.c.obj
LOAD CMakeFiles/FreshmanProject-stm32.elf.dir/UC/mapping.c.obj
LOAD CMakeFiles/FreshmanProject-stm32.elf.dir/UC/moving_average_filter.c.obj
LOAD CMakeFiles/FreshmanProject-stm32.elf.dir/UC/retarget.c.obj
LOAD CMakeFiles/FreshmanProject-stm32.elf.dir/UC/sys_delay.c.obj
LOAD CMakeFiles/FreshmanProject-stm32.elf.dir/UC/uart_rx_it.c.obj
START GROUP
LOAD /usr/lib/gcc/arm-none-eabi/12.2.1/thumb/v7e-m+fp/hard/libgcc.a
LOAD /usr/lib/gcc/arm-none-eabi/12.2.1/../../../arm-none-eabi/lib/thumb/v7e-m+fp/hard/libc.a
END GROUP
LOAD /usr/lib/gcc/arm-none-eabi/12.2.1/thumb/v7e-m+fp/hard/crtend.o
LOAD /usr/lib/gcc/arm-none-eabi/12.2.1/thumb/v7e-m+fp/hard/crtn.o
                0x0000000020020000                _estack = (ORIGIN (RAM) + LENGTH (RAM))
                0x0000000000000200                _Min_Heap_Size = 0x200
                0x0000000000000400                _Min_Stack_Size = 0x400

.isr_vector     0x0000000008000000      0x198
                0x0000000008000000                . = ALIGN (0x4)
 *(.isr_vector)
 .isr_vector    0x0000000008000000      0x198 CMakeFiles/FreshmanProject-stm32.elf.dir/Core/Startup/startup_stm32f411ceux.s.obj
                0x0000000008000000                g_pfnVectors
                0x0000000008000198                . = ALIGN (0x4)

.text           0x00000000080001c0     0xd660
                0x00000000080001c0                . = ALIGN (0x4)
 *(.text)
 .text          0x00000000080001c0       0x88 /usr/lib/gcc/arm-none-eabi/12.2.1/thumb/v7e-m+fp/hard/crtbegin.o
 .text          0x0000000008000248      0x378 /usr/lib/gcc/arm-none-eabi/12.2.1/thumb/v7e-m+fp/hard/libgcc.a(_arm_addsubdf3.o)
                0x0000000008000248                __aeabi_drsub
                0x0000000008000250                __aeabi_dsub
                0x0000000008000250                __subdf3
                0x0000000008000254                __adddf3
                0x0000000008000254                __aeabi_dadd
                0x00000000080004cc                __aeabi_ui2d
                0x00000000080004cc                __floatunsidf
                0x00000000080004ec                __floatsidf
                0x00000000080004ec                __aeabi_i2d
                0x0000000008000510                __extendsfdf2
                0x0000000008000510                __aeabi_f2d
                0x0000000008000554                __aeabi_ul2d
                0x0000000008000554                __floatundidf
                0x0000000008000564                __floatdidf
                0x0000000008000564                __aeabi_l2d
 .text          0x00000000080005c0      0x424 /usr/lib/gcc/arm-none-eabi/12.2.1/thumb/v7e-m+fp/hard/libgcc.a(_arm_muldivdf3.o)
                0x00000000080005c0                __aeabi_dmul
                0x00000000080005c0                __muldf3
                0x0000000008000814                __aeabi_ddiv
                0x0000000008000814                __divdf3
 .text          0x00000000080009e4       0xa0 /usr/lib/gcc/arm-none-eabi/12.2.1/thumb/v7e-m+fp/hard/libgcc.a(_arm_truncdfsf2.o)
                0x00000000080009e4                __aeabi_d2f
                0x00000000080009e4                __truncdfsf2
 .text          0x0000000008000a84       0x30 /usr/lib/gcc/arm-none-eabi/12.2.1/thumb/v7e-m+fp/hard/libgcc.a(_aeabi_uldivmod.o)
                0x0000000008000a84                __aeabi_uldivmod
 .text          0x0000000008000ab4      0x2bc /usr/lib/gcc/arm-none-eabi/12.2.1/thumb/v7e-m+fp/hard/libgcc.a(_udivmoddi4.o)
                0x0000000008000ab4                __udivmoddi4
 .text          0x0000000008000d70        0x4 /usr/lib/gcc/arm-none-eabi/12.2.1/thumb/v7e-m+fp/hard/libgcc.a(_dvmd_tls.o)
                0x0000000008000d70                __aeabi_ldiv0
                0x0000000008000d70                __aeabi_idiv0
 .text          0x0000000008000d74        0xc /usr/lib/gcc/arm-none-eabi/12.2.1/../../../arm-none-eabi/lib/thumb/v7e-m+fp/hard/libc.a(lib_a-atexit.o)
                0x0000000008000d74                atexit
 .text          0x0000000008000d80        0xc /usr/lib/gcc/arm-none-eabi/12.2.1/../../../arm-none-eabi/lib/thumb/v7e-m+fp/hard/libc.a(lib_a-errno.o)
                0x0000000008000d80                __errno
 .text          0x0000000008000d8c       0x2c /usr/lib/gcc/arm-none-eabi/12.2.1/../../../arm-none-eabi/lib/thumb/v7e-m+fp/hard/libc.a(lib_a-fini.o)
                0x0000000008000d8c                __libc_fini_array
 .text          0x0000000008000db8       0x48 /usr/lib/gcc/arm-none-eabi/12.2.1/../../../arm-none-eabi/lib/thumb/v7e-m+fp/hard/libc.a(lib_a-init.o)
                0x0000000008000db8                __libc_init_array
 .text          0x0000000008000e00       0x20 /usr/lib/gcc/arm-none-eabi/12.2.1/../../../arm-none-eabi/lib/thumb/v7e-m+fp/hard/libc.a(lib_a-malloc.o)
                0x0000000008000e00                malloc
                0x0000000008000e10                free
 .text          0x0000000008000e20      0x554 /usr/lib/gcc/arm-none-eabi/12.2.1/../../../arm-none-eabi/lib/thumb/v7e-m+fp/hard/libc.a(lib_a-mallocr.o)
                0x0000000008000e20                _malloc_r
 .text          0x0000000008001374      0x134 /usr/lib/gcc/arm-none-eabi/12.2.1/../../../arm-none-eabi/lib/thumb/v7e-m+fp/hard/libc.a(lib_a-memcpy.o)
                0x0000000008001374                memcpy
 .text          0x00000000080014a8       0xa4 /usr/lib/gcc/arm-none-eabi/12.2.1/../../../arm-none-eabi/lib/thumb/v7e-m+fp/hard/libc.a(lib_a-memset.o)
                0x00000000080014a8                memset
 .text          0x000000000800154c       0x48 /usr/lib/gcc/arm-none-eabi/12.2.1/../../../arm-none-eabi/lib/thumb/v7e-m+fp/hard/libc.a(lib_a-printf.o)
                0x000000000800154c                _printf_r
                0x000000000800156c                printf
 .text          0x0000000008001594       0x78 /usr/lib/gcc/arm-none-eabi/12.2.1/../../../arm-none-eabi/lib/thumb/v7e-m+fp/hard/libc.a(lib_a-puts.o)
                0x0000000008001594                _puts_r
                0x00000000080015fc                puts
 .text          0x000000000800160c       0xd8 /usr/lib/gcc/arm-none-eabi/12.2.1/../../../arm-none-eabi/lib/thumb/v7e-m+fp/hard/libc.a(lib_a-reent.o)
                0x000000000800160c                cleanup_glue
                0x0000000008001654                _reclaim_reent
 .text          0x00000000080016e4       0x24 /usr/lib/gcc/arm-none-eabi/12.2.1/../../../arm-none-eabi/lib/thumb/v7e-m+fp/hard/libc.a(lib_a-sbrkr.o)
                0x00000000080016e4                _sbrk_r
 .text          0x0000000008001708      0x174 /usr/lib/gcc/arm-none-eabi/12.2.1/../../../arm-none-eabi/lib/thumb/v7e-m+fp/hard/libc.a(lib_a-setvbuf.o)
                0x0000000008001708                setvbuf
 *fill*         0x000000000800187c        0x4 
 .text          0x0000000008001880       0xdc /usr/lib/gcc/arm-none-eabi/12.2.1/../../../arm-none-eabi/lib/thumb/v7e-m+fp/hard/libc.a(lib_a-strlen.o)
                0x0000000008001880                strlen
 *fill*         0x000000000800195c        0x4 
 .text          0x0000000008001960     0x159c /usr/lib/gcc/arm-none-eabi/12.2.1/../../../arm-none-eabi/lib/thumb/v7e-m+fp/hard/libc.a(lib_a-vfprintf.o)
                0x0000000008001960                _vfprintf_r
                0x0000000008002e74                vfprintf
 .text          0x0000000008002efc       0xd4 /usr/lib/gcc/arm-none-eabi/12.2.1/../../../arm-none-eabi/lib/thumb/v7e-m+fp/hard/libc.a(lib_a-wsetup.o)
                0x0000000008002efc                __swsetup_r
 .text          0x0000000008002fd0       0x68 /usr/lib/gcc/arm-none-eabi/12.2.1/../../../arm-none-eabi/lib/thumb/v7e-m+fp/hard/libc.a(lib_a-__atexit.o)
                0x0000000008002fd0                __register_exitproc
 .text          0x0000000008003038     0x1064 /usr/lib/gcc/arm-none-eabi/12.2.1/../../../arm-none-eabi/lib/thumb/v7e-m+fp/hard/libc.a(lib_a-dtoa.o)
                0x0000000008003160                _dtoa_r
 .text          0x000000000800409c      0x1ac /usr/lib/gcc/arm-none-eabi/12.2.1/../../../arm-none-eabi/lib/thumb/v7e-m+fp/hard/libc.a(lib_a-fflush.o)
                0x000000000800409c                __sflush_r
                0x00000000080041cc                _fflush_r
                0x00000000080041f8                fflush
 .text          0x0000000008004248      0x218 /usr/lib/gcc/arm-none-eabi/12.2.1/../../../arm-none-eabi/lib/thumb/v7e-m+fp/hard/libc.a(lib_a-findfp.o)
                0x000000000800424c                _cleanup_r
                0x0000000008004334                __sfmoreglue
                0x0000000008004364                __sfp
                0x000000000800440c                _cleanup
                0x0000000008004420                __sinit
                0x0000000008004428                __sfp_lock_acquire
                0x000000000800442c                __sfp_lock_release
                0x0000000008004430                __sinit_lock_acquire
                0x0000000008004434                __sinit_lock_release
                0x0000000008004438                __fp_lock_all
                0x000000000800444c                __fp_unlock_all
 .text          0x0000000008004460      0x2ac /usr/lib/gcc/arm-none-eabi/12.2.1/../../../arm-none-eabi/lib/thumb/v7e-m+fp/hard/libc.a(lib_a-freer.o)
                0x0000000008004460                _malloc_trim_r
                0x0000000008004500                _free_r
 .text          0x000000000800470c      0x2f0 /usr/lib/gcc/arm-none-eabi/12.2.1/../../../arm-none-eabi/lib/thumb/v7e-m+fp/hard/libc.a(lib_a-fvwrite.o)
                0x000000000800470c                __sfvwrite_r
 .text          0x00000000080049fc       0x88 /usr/lib/gcc/arm-none-eabi/12.2.1/../../../arm-none-eabi/lib/thumb/v7e-m+fp/hard/libc.a(lib_a-fwalk.o)
                0x00000000080049fc                _fwalk
                0x0000000008004a3c                _fwalk_reent
 .text          0x0000000008004a84       0x14 /usr/lib/gcc/arm-none-eabi/12.2.1/../../../arm-none-eabi/lib/thumb/v7e-m+fp/hard/libc.a(lib_a-localeconv.o)
                0x0000000008004a84                __localeconv_l
                0x0000000008004a88                _localeconv_r
                0x0000000008004a90                localeconv
 .text          0x0000000008004a98      0x140 /usr/lib/gcc/arm-none-eabi/12.2.1/../../../arm-none-eabi/lib/thumb/v7e-m+fp/hard/libc.a(lib_a-makebuf.o)
                0x0000000008004a98                __smakebuf_r
                0x0000000008004b78                __swhatbuf_r
 *fill*         0x0000000008004bd8        0x8 
 .text          0x0000000008004be0       0xa0 /usr/lib/gcc/arm-none-eabi/12.2.1/../../../arm-none-eabi/lib/thumb/v7e-m+fp/hard/libc.a(lib_a-memchr.o)
                0x0000000008004be0                memchr
 .text          0x0000000008004c80       0xf8 /usr/lib/gcc/arm-none-eabi/12.2.1/../../../arm-none-eabi/lib/thumb/v7e-m+fp/hard/libc.a(lib_a-memmove.o)
                0x0000000008004c80                memmove
 .text          0x0000000008004d78      0xaa0 /usr/lib/gcc/arm-none-eabi/12.2.1/../../../arm-none-eabi/lib/thumb/v7e-m+fp/hard/libc.a(lib_a-mprec.o)
                0x0000000008004d78                _Balloc
                0x0000000008004dc4                _Bfree
                0x0000000008004dd8                __multadd
                0x0000000008004e80                __s2b
                0x0000000008004f34                __hi0bits
                0x0000000008004f74                __lo0bits
                0x0000000008004fd4                __i2b
                0x0000000008005030                __multiply
                0x000000000800518c                __pow5mult
                0x000000000800524c                __lshift
                0x000000000800533c                __mcmp
                0x0000000008005380                __mdiff
                0x00000000080054cc                __ulp
                0x000000000800552c                __b2d
                0x00000000080055ec                __d2b
                0x00000000080056bc                __ratio
                0x0000000008005718                _mprec_log10
                0x0000000008005758                __copybits
                0x00000000080057b4                __any_on
 .text          0x0000000008005818      0x3d8 /usr/lib/gcc/arm-none-eabi/12.2.1/../../../arm-none-eabi/lib/thumb/v7e-m+fp/hard/libc.a(lib_a-reallocr.o)
                0x0000000008005818                _realloc_r
 .text          0x0000000008005bf0       0x90 /usr/lib/gcc/arm-none-eabi/12.2.1/../../../arm-none-eabi/lib/thumb/v7e-m+fp/hard/libc.a(lib_a-stdio.o)
                0x0000000008005bf0                __sread
                0x0000000008005c14                __seofread
                0x0000000008005c18                __swrite
                0x0000000008005c58                __sseek
                0x0000000008005c78                __sclose
 .text          0x0000000008005c80      0xd44 /usr/lib/gcc/arm-none-eabi/12.2.1/../../../arm-none-eabi/lib/thumb/v7e-m+fp/hard/libc.a(lib_a-vfiprintf.o)
                0x0000000008005cf8                __sprint_r
                0x0000000008005d10                _vfiprintf_r
                0x000000000800693c                vfiprintf
 .text          0x00000000080069c4       0x2c /usr/lib/gcc/arm-none-eabi/12.2.1/../../../arm-none-eabi/lib/thumb/v7e-m+fp/hard/libc.a(lib_a-writer.o)
                0x00000000080069c4                _write_r
 .text          0x00000000080069f0       0x4c /usr/lib/gcc/arm-none-eabi/12.2.1/../../../arm-none-eabi/lib/thumb/v7e-m+fp/hard/libc.a(lib_a-assert.o)
                0x00000000080069f0                __assert_func
                0x0000000008006a30                __assert
 .text          0x0000000008006a3c       0x60 /usr/lib/gcc/arm-none-eabi/12.2.1/../../../arm-none-eabi/lib/thumb/v7e-m+fp/hard/libc.a(lib_a-callocr.o)
                0x0000000008006a3c                _calloc_r
 .text          0x0000000008006a9c       0x24 /usr/lib/gcc/arm-none-eabi/12.2.1/../../../arm-none-eabi/lib/thumb/v7e-m+fp/hard/libc.a(lib_a-closer.o)
                0x0000000008006a9c                _close_r
 .text          0x0000000008006ac0       0xd4 /usr/lib/gcc/arm-none-eabi/12.2.1/../../../arm-none-eabi/lib/thumb/v7e-m+fp/hard/libc.a(lib_a-fclose.o)
                0x0000000008006b24                _fclose_r
                0x0000000008006b58                fclose
 .text          0x0000000008006b94       0x44 /usr/lib/gcc/arm-none-eabi/12.2.1/../../../arm-none-eabi/lib/thumb/v7e-m+fp/hard/libc.a(lib_a-fiprintf.o)
                0x0000000008006b94                _fiprintf_r
                0x0000000008006bb0                fiprintf
 .text          0x0000000008006bd8      0x118 /usr/lib/gcc/arm-none-eabi/12.2.1/../../../arm-none-eabi/lib/thumb/v7e-m+fp/hard/libc.a(lib_a-fputwc.o)
                0x0000000008006bd8                __fputwc
                0x0000000008006c80                _fputwc_r
                0x0000000008006ca8                fputwc
 .text          0x0000000008006cf0       0x2c /usr/lib/gcc/arm-none-eabi/12.2.1/../../../arm-none-eabi/lib/thumb/v7e-m+fp/hard/libc.a(lib_a-fstatr.o)
                0x0000000008006cf0                _fstat_r
 .text          0x0000000008006d1c       0x24 /usr/lib/gcc/arm-none-eabi/12.2.1/../../../arm-none-eabi/lib/thumb/v7e-m+fp/hard/libc.a(lib_a-isattyr.o)
                0x0000000008006d1c                _isatty_r
 .text          0x0000000008006d40       0x8c /usr/lib/gcc/arm-none-eabi/12.2.1/../../../arm-none-eabi/lib/thumb/v7e-m+fp/hard/libc.a(lib_a-locale.o)
                0x0000000008006d40                _setlocale_r
                0x0000000008006d80                __locale_mb_cur_max
                0x0000000008006d8c                setlocale
 .text          0x0000000008006dcc       0x2c /usr/lib/gcc/arm-none-eabi/12.2.1/../../../arm-none-eabi/lib/thumb/v7e-m+fp/hard/libc.a(lib_a-lseekr.o)
                0x0000000008006dcc                _lseek_r
 .text          0x0000000008006df8       0x40 /usr/lib/gcc/arm-none-eabi/12.2.1/../../../arm-none-eabi/lib/thumb/v7e-m+fp/hard/libc.a(lib_a-mbtowc_r.o)
                0x0000000008006df8                _mbtowc_r
                0x0000000008006e0c                __ascii_mbtowc
 .text          0x0000000008006e38       0x2c /usr/lib/gcc/arm-none-eabi/12.2.1/../../../arm-none-eabi/lib/thumb/v7e-m+fp/hard/libc.a(lib_a-readr.o)
                0x0000000008006e38                _read_r
 *fill*         0x0000000008006e64       0x1c 
 .text          0x0000000008006e80      0x2dc /usr/lib/gcc/arm-none-eabi/12.2.1/../../../arm-none-eabi/lib/thumb/v7e-m+fp/hard/libc.a(lib_a-strcmp.o)
                0x0000000008006e88                strcmp
 .text          0x000000000800715c       0xc8 /usr/lib/gcc/arm-none-eabi/12.2.1/../../../arm-none-eabi/lib/thumb/v7e-m+fp/hard/libc.a(lib_a-wbuf.o)
                0x000000000800715c                __swbuf_r
                0x000000000800720c                __swbuf
 .text          0x0000000008007224       0x88 /usr/lib/gcc/arm-none-eabi/12.2.1/../../../arm-none-eabi/lib/thumb/v7e-m+fp/hard/libc.a(lib_a-wcrtomb.o)
                0x0000000008007224                _wcrtomb_r
                0x0000000008007260                wcrtomb
 .text          0x00000000080072ac       0x30 /usr/lib/gcc/arm-none-eabi/12.2.1/../../../arm-none-eabi/lib/thumb/v7e-m+fp/hard/libc.a(lib_a-wctomb_r.o)
                0x00000000080072ac                _wctomb_r
                0x00000000080072c0                __ascii_wctomb
 .text          0x00000000080072dc       0x10 /usr/lib/gcc/arm-none-eabi/12.2.1/../../../arm-none-eabi/lib/thumb/v7e-m+fp/hard/libc.a(lib_a-abort.o)
                0x00000000080072dc                abort
 .text          0x00000000080072ec      0x288 /usr/lib/gcc/arm-none-eabi/12.2.1/../../../arm-none-eabi/lib/thumb/v7e-m+fp/hard/libc.a(lib_a-signal.o)
                0x00000000080072ec                _init_signal_r
                0x000000000800731c                _signal_r
                0x0000000008007368                _raise_r
                0x00000000080073c0                __sigtramp_r
                0x0000000008007424                raise
                0x0000000008007480                signal
                0x00000000080074d4                _init_signal
                0x000000000800750c                __sigtramp
 .text          0x0000000008007574       0x30 /usr/lib/gcc/arm-none-eabi/12.2.1/../../../arm-none-eabi/lib/thumb/v7e-m+fp/hard/libc.a(lib_a-signalr.o)
                0x0000000008007574                _kill_r
                0x00000000080075a0                _getpid_r
 .text          0x00000000080075a4      0x110 /usr/lib/gcc/arm-none-eabi/12.2.1/thumb/v7e-m+fp/hard/libgcc.a(_arm_cmpdf2.o)
                0x00000000080075a4                __gtdf2
                0x00000000080075a4                __gedf2
                0x00000000080075ac                __ltdf2
                0x00000000080075ac                __ledf2
                0x00000000080075b4                __cmpdf2
                0x00000000080075b4                __eqdf2
                0x00000000080075b4                __nedf2
                0x0000000008007630                __aeabi_cdrcmple
                0x0000000008007640                __aeabi_cdcmple
                0x0000000008007640                __aeabi_cdcmpeq
                0x0000000008007650                __aeabi_dcmpeq
                0x0000000008007664                __aeabi_dcmplt
                0x0000000008007678                __aeabi_dcmple
                0x000000000800768c                __aeabi_dcmpge
                0x00000000080076a0                __aeabi_dcmpgt
 .text          0x00000000080076b4       0x2c /usr/lib/gcc/arm-none-eabi/12.2.1/thumb/v7e-m+fp/hard/libgcc.a(_arm_unorddf2.o)
                0x00000000080076b4                __aeabi_dcmpun
                0x00000000080076b4                __unorddf2
 .text          0x00000000080076e0       0x50 /usr/lib/gcc/arm-none-eabi/12.2.1/thumb/v7e-m+fp/hard/libgcc.a(_arm_fixdfsi.o)
                0x00000000080076e0                __fixdfsi
                0x00000000080076e0                __aeabi_d2iz
 .text          0x0000000008007730       0x78 /usr/lib/gcc/arm-none-eabi/12.2.1/../../../arm-none-eabi/lib/thumb/v7e-m+fp/hard/libm.a(lib_a-w_asin.o)
                0x0000000008007730                asin
 .text          0x00000000080077a8        0x4 /usr/lib/gcc/arm-none-eabi/12.2.1/../../../arm-none-eabi/lib/thumb/v7e-m+fp/hard/libm.a(lib_a-w_atan2.o)
                0x00000000080077a8                atan2
 .text          0x00000000080077ac       0x74 /usr/lib/gcc/arm-none-eabi/12.2.1/../../../arm-none-eabi/lib/thumb/v7e-m+fp/hard/libm.a(lib_a-w_sqrt.o)
                0x00000000080077ac                sqrt
 .text          0x0000000008007820      0x4a4 /usr/lib/gcc/arm-none-eabi/12.2.1/../../../arm-none-eabi/lib/thumb/v7e-m+fp/hard/libm.a(lib_a-e_asin.o)
                0x0000000008007820                __ieee754_asin
 *fill*         0x0000000008007cc4        0x4 
 .text          0x0000000008007cc8      0x1a8 /usr/lib/gcc/arm-none-eabi/12.2.1/../../../arm-none-eabi/lib/thumb/v7e-m+fp/hard/libm.a(lib_a-e_atan2.o)
                0x0000000008007cc8                __ieee754_atan2
 .text          0x0000000008007e70      0x198 /usr/lib/gcc/arm-none-eabi/12.2.1/../../../arm-none-eabi/lib/thumb/v7e-m+fp/hard/libm.a(lib_a-e_sqrt.o)
                0x0000000008007e70                __ieee754_sqrt
 .text          0x0000000008008008      0x334 /usr/lib/gcc/arm-none-eabi/12.2.1/../../../arm-none-eabi/lib/thumb/v7e-m+fp/hard/libm.a(lib_a-s_atan.o)
                0x0000000008008008                atan
 .text          0x000000000800833c       0x14 /usr/lib/gcc/arm-none-eabi/12.2.1/../../../arm-none-eabi/lib/thumb/v7e-m+fp/hard/libm.a(lib_a-s_fabs.o)
                0x000000000800833c                fabs
 .text          0x0000000008008350       0x10 /usr/lib/gcc/arm-none-eabi/12.2.1/../../../arm-none-eabi/lib/thumb/v7e-m+fp/hard/libm.a(lib_a-s_nan.o)
                0x0000000008008350                nan
 *(.text*)
 .text.MX_FREERTOS_Init
                0x0000000008008360       0x3c CMakeFiles/FreshmanProject-stm32.elf.dir/Core/Src/freertos.c.obj
                0x0000000008008360                MX_FREERTOS_Init
 .text.MX_GPIO_Init
                0x000000000800839c       0x94 CMakeFiles/FreshmanProject-stm32.elf.dir/Core/Src/gpio.c.obj
                0x000000000800839c                MX_GPIO_Init
 .text.MX_I2C1_Init
                0x0000000008008430       0x3c CMakeFiles/FreshmanProject-stm32.elf.dir/Core/Src/i2c.c.obj
                0x0000000008008430                MX_I2C1_Init
 .text.HAL_I2C_MspInit
                0x000000000800846c       0x70 CMakeFiles/FreshmanProject-stm32.elf.dir/Core/Src/i2c.c.obj
                0x000000000800846c                HAL_I2C_MspInit
 .text.HAL_TIM_PeriodElapsedCallback
                0x00000000080084dc       0x18 CMakeFiles/FreshmanProject-stm32.elf.dir/Core/Src/main.c.obj
                0x00000000080084dc                HAL_TIM_PeriodElapsedCallback
 .text.Error_Handler
                0x00000000080084f4        0x4 CMakeFiles/FreshmanProject-stm32.elf.dir/Core/Src/main.c.obj
                0x00000000080084f4                Error_Handler
 .text.SystemClock_Config
                0x00000000080084f8       0xa0 CMakeFiles/FreshmanProject-stm32.elf.dir/Core/Src/main.c.obj
                0x00000000080084f8                SystemClock_Config
 .text.main     0x0000000008008598       0x50 CMakeFiles/FreshmanProject-stm32.elf.dir/Core/Src/main.c.obj
                0x0000000008008598                main
 .text.HAL_MspInit
                0x00000000080085e8       0x44 CMakeFiles/FreshmanProject-stm32.elf.dir/Core/Src/stm32f4xx_hal_msp.c.obj
                0x00000000080085e8                HAL_MspInit
 .text.HAL_InitTick
                0x000000000800862c       0x94 CMakeFiles/FreshmanProject-stm32.elf.dir/Core/Src/stm32f4xx_hal_timebase_tim.c.obj
                0x000000000800862c                HAL_InitTick
 .text.NMI_Handler
                0x00000000080086c0        0x2 CMakeFiles/FreshmanProject-stm32.elf.dir/Core/Src/stm32f4xx_it.c.obj
                0x00000000080086c0                NMI_Handler
 .text.HardFault_Handler
                0x00000000080086c2        0x2 CMakeFiles/FreshmanProject-stm32.elf.dir/Core/Src/stm32f4xx_it.c.obj
                0x00000000080086c2                HardFault_Handler
 .text.MemManage_Handler
                0x00000000080086c4        0x2 CMakeFiles/FreshmanProject-stm32.elf.dir/Core/Src/stm32f4xx_it.c.obj
                0x00000000080086c4                MemManage_Handler
 .text.BusFault_Handler
                0x00000000080086c6        0x2 CMakeFiles/FreshmanProject-stm32.elf.dir/Core/Src/stm32f4xx_it.c.obj
                0x00000000080086c6                BusFault_Handler
 .text.UsageFault_Handler
                0x00000000080086c8        0x2 CMakeFiles/FreshmanProject-stm32.elf.dir/Core/Src/stm32f4xx_it.c.obj
                0x00000000080086c8                UsageFault_Handler
 .text.DebugMon_Handler
                0x00000000080086ca        0x2 CMakeFiles/FreshmanProject-stm32.elf.dir/Core/Src/stm32f4xx_it.c.obj
                0x00000000080086ca                DebugMon_Handler
 .text.TIM1_UP_TIM10_IRQHandler
                0x00000000080086cc       0x10 CMakeFiles/FreshmanProject-stm32.elf.dir/Core/Src/stm32f4xx_it.c.obj
                0x00000000080086cc                TIM1_UP_TIM10_IRQHandler
 .text.USART1_IRQHandler
                0x00000000080086dc       0x10 CMakeFiles/FreshmanProject-stm32.elf.dir/Core/Src/stm32f4xx_it.c.obj
                0x00000000080086dc                USART1_IRQHandler
 .text.USART6_IRQHandler
                0x00000000080086ec       0x10 CMakeFiles/FreshmanProject-stm32.elf.dir/Core/Src/stm32f4xx_it.c.obj
                0x00000000080086ec                USART6_IRQHandler
 .text._getpid  0x00000000080086fc        0x4 CMakeFiles/FreshmanProject-stm32.elf.dir/Core/Src/syscalls.c.obj
                0x00000000080086fc                _getpid
 .text._kill    0x0000000008008700       0x10 CMakeFiles/FreshmanProject-stm32.elf.dir/Core/Src/syscalls.c.obj
                0x0000000008008700                _kill
 .text._exit    0x0000000008008710        0xc CMakeFiles/FreshmanProject-stm32.elf.dir/Core/Src/syscalls.c.obj
                0x0000000008008710                _exit
 .text._sbrk    0x000000000800871c       0x48 CMakeFiles/FreshmanProject-stm32.elf.dir/Core/Src/sysmem.c.obj
                0x000000000800871c                _sbrk
 .text.SystemInit
                0x0000000008008764       0x14 CMakeFiles/FreshmanProject-stm32.elf.dir/Core/Src/system_stm32f4xx.c.obj
                0x0000000008008764                SystemInit
 .text.HAL_TIM_Base_MspInit
                0x0000000008008778       0x30 CMakeFiles/FreshmanProject-stm32.elf.dir/Core/Src/tim.c.obj
                0x0000000008008778                HAL_TIM_Base_MspInit
 .text.HAL_TIM_MspPostInit
                0x00000000080087a8       0x58 CMakeFiles/FreshmanProject-stm32.elf.dir/Core/Src/tim.c.obj
                0x00000000080087a8                HAL_TIM_MspPostInit
 .text.MX_TIM3_Init
                0x0000000008008800       0xb0 CMakeFiles/FreshmanProject-stm32.elf.dir/Core/Src/tim.c.obj
                0x0000000008008800                MX_TIM3_Init
 .text.MX_USART1_UART_Init
                0x00000000080088b0       0x34 CMakeFiles/FreshmanProject-stm32.elf.dir/Core/Src/usart.c.obj
                0x00000000080088b0                MX_USART1_UART_Init
 .text.MX_USART2_UART_Init
                0x00000000080088e4       0x34 CMakeFiles/FreshmanProject-stm32.elf.dir/Core/Src/usart.c.obj
                0x00000000080088e4                MX_USART2_UART_Init
 .text.MX_USART6_UART_Init
                0x0000000008008918       0x34 CMakeFiles/FreshmanProject-stm32.elf.dir/Core/Src/usart.c.obj
                0x0000000008008918                MX_USART6_UART_Init
 .text.HAL_UART_MspInit
                0x000000000800894c      0x134 CMakeFiles/FreshmanProject-stm32.elf.dir/Core/Src/usart.c.obj
                0x000000000800894c                HAL_UART_MspInit
 .text.Reset_Handler
                0x0000000008008a80       0x50 CMakeFiles/FreshmanProject-stm32.elf.dir/Core/Startup/startup_stm32f411ceux.s.obj
                0x0000000008008a80                Reset_Handler
 .text.Default_Handler
                0x0000000008008ad0        0x2 CMakeFiles/FreshmanProject-stm32.elf.dir/Core/Startup/startup_stm32f411ceux.s.obj
                0x0000000008008ad0                RTC_Alarm_IRQHandler
                0x0000000008008ad0                EXTI2_IRQHandler
                0x0000000008008ad0                SPI4_IRQHandler
                0x0000000008008ad0                TIM1_CC_IRQHandler
                0x0000000008008ad0                DMA2_Stream5_IRQHandler
                0x0000000008008ad0                DMA1_Stream5_IRQHandler
                0x0000000008008ad0                PVD_IRQHandler
                0x0000000008008ad0                SDIO_IRQHandler
                0x0000000008008ad0                TAMP_STAMP_IRQHandler
                0x0000000008008ad0                EXTI3_IRQHandler
                0x0000000008008ad0                I2C3_ER_IRQHandler
                0x0000000008008ad0                EXTI0_IRQHandler
                0x0000000008008ad0                I2C2_EV_IRQHandler
                0x0000000008008ad0                DMA1_Stream2_IRQHandler
                0x0000000008008ad0                FPU_IRQHandler
                0x0000000008008ad0                DMA2_Stream2_IRQHandler
                0x0000000008008ad0                SPI1_IRQHandler
                0x0000000008008ad0                TIM1_BRK_TIM9_IRQHandler
                0x0000000008008ad0                DMA2_Stream3_IRQHandler
                0x0000000008008ad0                DMA2_Stream0_IRQHandler
                0x0000000008008ad0                TIM4_IRQHandler
                0x0000000008008ad0                I2C1_EV_IRQHandler
                0x0000000008008ad0                DMA1_Stream6_IRQHandler
                0x0000000008008ad0                DMA1_Stream1_IRQHandler
                0x0000000008008ad0                TIM3_IRQHandler
                0x0000000008008ad0                RCC_IRQHandler
                0x0000000008008ad0                Default_Handler
                0x0000000008008ad0                EXTI15_10_IRQHandler
                0x0000000008008ad0                ADC_IRQHandler
                0x0000000008008ad0                DMA1_Stream7_IRQHandler
                0x0000000008008ad0                SPI5_IRQHandler
                0x0000000008008ad0                TIM5_IRQHandler
                0x0000000008008ad0                DMA2_Stream7_IRQHandler
                0x0000000008008ad0                I2C3_EV_IRQHandler
                0x0000000008008ad0                EXTI9_5_IRQHandler
                0x0000000008008ad0                RTC_WKUP_IRQHandler
                0x0000000008008ad0                SPI2_IRQHandler
                0x0000000008008ad0                DMA1_Stream0_IRQHandler
                0x0000000008008ad0                EXTI4_IRQHandler
                0x0000000008008ad0                WWDG_IRQHandler
                0x0000000008008ad0                TIM2_IRQHandler
                0x0000000008008ad0                OTG_FS_WKUP_IRQHandler
                0x0000000008008ad0                TIM1_TRG_COM_TIM11_IRQHandler
                0x0000000008008ad0                EXTI1_IRQHandler
                0x0000000008008ad0                USART2_IRQHandler
                0x0000000008008ad0                I2C2_ER_IRQHandler
                0x0000000008008ad0                DMA2_Stream1_IRQHandler
                0x0000000008008ad0                FLASH_IRQHandler
                0x0000000008008ad0                DMA2_Stream4_IRQHandler
                0x0000000008008ad0                OTG_FS_IRQHandler
                0x0000000008008ad0                SPI3_IRQHandler
                0x0000000008008ad0                DMA1_Stream4_IRQHandler
                0x0000000008008ad0                I2C1_ER_IRQHandler
                0x0000000008008ad0                DMA2_Stream6_IRQHandler
                0x0000000008008ad0                DMA1_Stream3_IRQHandler
 .text.stm32_lock_acquire
                0x0000000008008ad2       0x20 CMakeFiles/FreshmanProject-stm32.elf.dir/Core/ThreadSafe/newlib_lock_glue.c.obj
 .text.stm32_lock_release
                0x0000000008008af2       0x20 CMakeFiles/FreshmanProject-stm32.elf.dir/Core/ThreadSafe/newlib_lock_glue.c.obj
 *fill*         0x0000000008008b12        0x2 
 .text.__malloc_lock
                0x0000000008008b14       0x10 CMakeFiles/FreshmanProject-stm32.elf.dir/Core/ThreadSafe/newlib_lock_glue.c.obj
                0x0000000008008b14                __malloc_lock
 .text.__malloc_unlock
                0x0000000008008b24       0x10 CMakeFiles/FreshmanProject-stm32.elf.dir/Core/ThreadSafe/newlib_lock_glue.c.obj
                0x0000000008008b24                __malloc_unlock
 .text.HAL_Init
                0x0000000008008b34       0x34 CMakeFiles/FreshmanProject-stm32.elf.dir/Drivers/STM32F4xx_HAL_Driver/Src/stm32f4xx_hal.c.obj
                0x0000000008008b34                HAL_Init
 .text.HAL_IncTick
                0x0000000008008b68       0x18 CMakeFiles/FreshmanProject-stm32.elf.dir/Drivers/STM32F4xx_HAL_Driver/Src/stm32f4xx_hal.c.obj
                0x0000000008008b68                HAL_IncTick
 .text.HAL_GetTick
                0x0000000008008b80        0xc CMakeFiles/FreshmanProject-stm32.elf.dir/Drivers/STM32F4xx_HAL_Driver/Src/stm32f4xx_hal.c.obj
                0x0000000008008b80                HAL_GetTick
 .text.__NVIC_SetPriority
                0x0000000008008b8c       0x28 CMakeFiles/FreshmanProject-stm32.elf.dir/Drivers/STM32F4xx_HAL_Driver/Src/stm32f4xx_hal_cortex.c.obj
 .text.NVIC_EncodePriority
                0x0000000008008bb4       0x3e CMakeFiles/FreshmanProject-stm32.elf.dir/Drivers/STM32F4xx_HAL_Driver/Src/stm32f4xx_hal_cortex.c.obj
 *fill*         0x0000000008008bf2        0x2 
 .text.HAL_NVIC_SetPriorityGrouping
                0x0000000008008bf4       0x24 CMakeFiles/FreshmanProject-stm32.elf.dir/Drivers/STM32F4xx_HAL_Driver/Src/stm32f4xx_hal_cortex.c.obj
                0x0000000008008bf4                HAL_NVIC_SetPriorityGrouping
 .text.HAL_NVIC_SetPriority
                0x0000000008008c18       0x20 CMakeFiles/FreshmanProject-stm32.elf.dir/Drivers/STM32F4xx_HAL_Driver/Src/stm32f4xx_hal_cortex.c.obj
                0x0000000008008c18                HAL_NVIC_SetPriority
 .text.HAL_NVIC_EnableIRQ
                0x0000000008008c38       0x1c CMakeFiles/FreshmanProject-stm32.elf.dir/Drivers/STM32F4xx_HAL_Driver/Src/stm32f4xx_hal_cortex.c.obj
                0x0000000008008c38                HAL_NVIC_EnableIRQ
 .text.HAL_DMA_Abort
                0x0000000008008c54       0x94 CMakeFiles/FreshmanProject-stm32.elf.dir/Drivers/STM32F4xx_HAL_Driver/Src/stm32f4xx_hal_dma.c.obj
                0x0000000008008c54                HAL_DMA_Abort
 .text.HAL_DMA_Abort_IT
                0x0000000008008ce8       0x26 CMakeFiles/FreshmanProject-stm32.elf.dir/Drivers/STM32F4xx_HAL_Driver/Src/stm32f4xx_hal_dma.c.obj
                0x0000000008008ce8                HAL_DMA_Abort_IT
 *fill*         0x0000000008008d0e        0x2 
 .text.HAL_GPIO_Init
                0x0000000008008d10      0x1c8 CMakeFiles/FreshmanProject-stm32.elf.dir/Drivers/STM32F4xx_HAL_Driver/Src/stm32f4xx_hal_gpio.c.obj
                0x0000000008008d10                HAL_GPIO_Init
 .text.HAL_GPIO_WritePin
                0x0000000008008ed8        0xc CMakeFiles/FreshmanProject-stm32.elf.dir/Drivers/STM32F4xx_HAL_Driver/Src/stm32f4xx_hal_gpio.c.obj
                0x0000000008008ed8                HAL_GPIO_WritePin
 .text.HAL_GPIO_TogglePin
                0x0000000008008ee4       0x12 CMakeFiles/FreshmanProject-stm32.elf.dir/Drivers/STM32F4xx_HAL_Driver/Src/stm32f4xx_hal_gpio.c.obj
                0x0000000008008ee4                HAL_GPIO_TogglePin
 .text.I2C_IsAcknowledgeFailed
                0x0000000008008ef6       0x32 CMakeFiles/FreshmanProject-stm32.elf.dir/Drivers/STM32F4xx_HAL_Driver/Src/stm32f4xx_hal_i2c.c.obj
 .text.I2C_WaitOnFlagUntilTimeout
                0x0000000008008f28       0x7c CMakeFiles/FreshmanProject-stm32.elf.dir/Drivers/STM32F4xx_HAL_Driver/Src/stm32f4xx_hal_i2c.c.obj
 .text.I2C_WaitOnMasterAddressFlagUntilTimeout
                0x0000000008008fa4       0xaa CMakeFiles/FreshmanProject-stm32.elf.dir/Drivers/STM32F4xx_HAL_Driver/Src/stm32f4xx_hal_i2c.c.obj
 .text.I2C_WaitOnTXEFlagUntilTimeout
                0x000000000800904e       0x54 CMakeFiles/FreshmanProject-stm32.elf.dir/Drivers/STM32F4xx_HAL_Driver/Src/stm32f4xx_hal_i2c.c.obj
 *fill*         0x00000000080090a2        0x2 
 .text.I2C_RequestMemoryWrite
                0x00000000080090a4       0xd8 CMakeFiles/FreshmanProject-stm32.elf.dir/Drivers/STM32F4xx_HAL_Driver/Src/stm32f4xx_hal_i2c.c.obj
 .text.I2C_RequestMemoryRead
                0x000000000800917c      0x154 CMakeFiles/FreshmanProject-stm32.elf.dir/Drivers/STM32F4xx_HAL_Driver/Src/stm32f4xx_hal_i2c.c.obj
 .text.I2C_WaitOnBTFFlagUntilTimeout
                0x00000000080092d0       0x54 CMakeFiles/FreshmanProject-stm32.elf.dir/Drivers/STM32F4xx_HAL_Driver/Src/stm32f4xx_hal_i2c.c.obj
 .text.I2C_WaitOnRXNEFlagUntilTimeout
                0x0000000008009324       0x6a CMakeFiles/FreshmanProject-stm32.elf.dir/Drivers/STM32F4xx_HAL_Driver/Src/stm32f4xx_hal_i2c.c.obj
 *fill*         0x000000000800938e        0x2 
 .text.HAL_I2C_Init
                0x0000000008009390      0x1bc CMakeFiles/FreshmanProject-stm32.elf.dir/Drivers/STM32F4xx_HAL_Driver/Src/stm32f4xx_hal_i2c.c.obj
                0x0000000008009390                HAL_I2C_Init
 .text.HAL_I2C_Mem_Write
                0x000000000800954c      0x164 CMakeFiles/FreshmanProject-stm32.elf.dir/Drivers/STM32F4xx_HAL_Driver/Src/stm32f4xx_hal_i2c.c.obj
                0x000000000800954c                HAL_I2C_Mem_Write
 .text.HAL_I2C_Mem_Read
                0x00000000080096b0      0x2e4 CMakeFiles/FreshmanProject-stm32.elf.dir/Drivers/STM32F4xx_HAL_Driver/Src/stm32f4xx_hal_i2c.c.obj
                0x00000000080096b0                HAL_I2C_Mem_Read
 .text.HAL_RCC_OscConfig
                0x0000000008009994      0x3f8 CMakeFiles/FreshmanProject-stm32.elf.dir/Drivers/STM32F4xx_HAL_Driver/Src/stm32f4xx_hal_rcc.c.obj
                0x0000000008009994                HAL_RCC_OscConfig
 .text.HAL_RCC_GetSysClockFreq
                0x0000000008009d8c       0xa8 CMakeFiles/FreshmanProject-stm32.elf.dir/Drivers/STM32F4xx_HAL_Driver/Src/stm32f4xx_hal_rcc.c.obj
                0x0000000008009d8c                HAL_RCC_GetSysClockFreq
 .text.HAL_RCC_ClockConfig
                0x0000000008009e34      0x160 CMakeFiles/FreshmanProject-stm32.elf.dir/Drivers/STM32F4xx_HAL_Driver/Src/stm32f4xx_hal_rcc.c.obj
                0x0000000008009e34                HAL_RCC_ClockConfig
 .text.HAL_RCC_GetHCLKFreq
                0x0000000008009f94        0xc CMakeFiles/FreshmanProject-stm32.elf.dir/Drivers/STM32F4xx_HAL_Driver/Src/stm32f4xx_hal_rcc.c.obj
                0x0000000008009f94                HAL_RCC_GetHCLKFreq
 .text.HAL_RCC_GetPCLK1Freq
                0x0000000008009fa0       0x20 CMakeFiles/FreshmanProject-stm32.elf.dir/Drivers/STM32F4xx_HAL_Driver/Src/stm32f4xx_hal_rcc.c.obj
                0x0000000008009fa0                HAL_RCC_GetPCLK1Freq
 .text.HAL_RCC_GetPCLK2Freq
                0x0000000008009fc0       0x20 CMakeFiles/FreshmanProject-stm32.elf.dir/Drivers/STM32F4xx_HAL_Driver/Src/stm32f4xx_hal_rcc.c.obj
                0x0000000008009fc0                HAL_RCC_GetPCLK2Freq
 .text.HAL_RCC_GetClockConfig
                0x0000000008009fe0       0x3c CMakeFiles/FreshmanProject-stm32.elf.dir/Drivers/STM32F4xx_HAL_Driver/Src/stm32f4xx_hal_rcc.c.obj
                0x0000000008009fe0                HAL_RCC_GetClockConfig
 .text.TIM_OC1_SetConfig
                0x000000000800a01c       0x54 CMakeFiles/FreshmanProject-stm32.elf.dir/Drivers/STM32F4xx_HAL_Driver/Src/stm32f4xx_hal_tim.c.obj
 .text.TIM_OC3_SetConfig
                0x000000000800a070       0x5c CMakeFiles/FreshmanProject-stm32.elf.dir/Drivers/STM32F4xx_HAL_Driver/Src/stm32f4xx_hal_tim.c.obj
 .text.TIM_OC4_SetConfig
                0x000000000800a0cc       0x48 CMakeFiles/FreshmanProject-stm32.elf.dir/Drivers/STM32F4xx_HAL_Driver/Src/stm32f4xx_hal_tim.c.obj
 .text.TIM_TI1_ConfigInputStage
                0x000000000800a114       0x26 CMakeFiles/FreshmanProject-stm32.elf.dir/Drivers/STM32F4xx_HAL_Driver/Src/stm32f4xx_hal_tim.c.obj
 .text.TIM_TI2_ConfigInputStage
                0x000000000800a13a       0x28 CMakeFiles/FreshmanProject-stm32.elf.dir/Drivers/STM32F4xx_HAL_Driver/Src/stm32f4xx_hal_tim.c.obj
 .text.TIM_ITRx_SetConfig
                0x000000000800a162       0x10 CMakeFiles/FreshmanProject-stm32.elf.dir/Drivers/STM32F4xx_HAL_Driver/Src/stm32f4xx_hal_tim.c.obj
 *fill*         0x000000000800a172        0x2 
 .text.HAL_TIM_Base_Start_IT
                0x000000000800a174       0x78 CMakeFiles/FreshmanProject-stm32.elf.dir/Drivers/STM32F4xx_HAL_Driver/Src/stm32f4xx_hal_tim.c.obj
                0x000000000800a174                HAL_TIM_Base_Start_IT
 .text.HAL_TIM_PWM_MspInit
                0x000000000800a1ec        0x2 CMakeFiles/FreshmanProject-stm32.elf.dir/Drivers/STM32F4xx_HAL_Driver/Src/stm32f4xx_hal_tim.c.obj
                0x000000000800a1ec                HAL_TIM_PWM_MspInit
 .text.HAL_TIM_OC_DelayElapsedCallback
                0x000000000800a1ee        0x2 CMakeFiles/FreshmanProject-stm32.elf.dir/Drivers/STM32F4xx_HAL_Driver/Src/stm32f4xx_hal_tim.c.obj
                0x000000000800a1ee                HAL_TIM_OC_DelayElapsedCallback
 .text.HAL_TIM_IC_CaptureCallback
                0x000000000800a1f0        0x2 CMakeFiles/FreshmanProject-stm32.elf.dir/Drivers/STM32F4xx_HAL_Driver/Src/stm32f4xx_hal_tim.c.obj
                0x000000000800a1f0                HAL_TIM_IC_CaptureCallback
 .text.HAL_TIM_PWM_PulseFinishedCallback
                0x000000000800a1f2        0x2 CMakeFiles/FreshmanProject-stm32.elf.dir/Drivers/STM32F4xx_HAL_Driver/Src/stm32f4xx_hal_tim.c.obj
                0x000000000800a1f2                HAL_TIM_PWM_PulseFinishedCallback
 .text.HAL_TIM_TriggerCallback
                0x000000000800a1f4        0x2 CMakeFiles/FreshmanProject-stm32.elf.dir/Drivers/STM32F4xx_HAL_Driver/Src/stm32f4xx_hal_tim.c.obj
                0x000000000800a1f4                HAL_TIM_TriggerCallback
 .text.HAL_TIM_IRQHandler
                0x000000000800a1f6      0x17a CMakeFiles/FreshmanProject-stm32.elf.dir/Drivers/STM32F4xx_HAL_Driver/Src/stm32f4xx_hal_tim.c.obj
                0x000000000800a1f6                HAL_TIM_IRQHandler
 .text.TIM_Base_SetConfig
                0x000000000800a370       0x9c CMakeFiles/FreshmanProject-stm32.elf.dir/Drivers/STM32F4xx_HAL_Driver/Src/stm32f4xx_hal_tim.c.obj
                0x000000000800a370                TIM_Base_SetConfig
 .text.HAL_TIM_Base_Init
                0x000000000800a40c       0x58 CMakeFiles/FreshmanProject-stm32.elf.dir/Drivers/STM32F4xx_HAL_Driver/Src/stm32f4xx_hal_tim.c.obj
                0x000000000800a40c                HAL_TIM_Base_Init
 .text.HAL_TIM_PWM_Init
                0x000000000800a464       0x58 CMakeFiles/FreshmanProject-stm32.elf.dir/Drivers/STM32F4xx_HAL_Driver/Src/stm32f4xx_hal_tim.c.obj
                0x000000000800a464                HAL_TIM_PWM_Init
 .text.TIM_OC2_SetConfig
                0x000000000800a4bc       0x5c CMakeFiles/FreshmanProject-stm32.elf.dir/Drivers/STM32F4xx_HAL_Driver/Src/stm32f4xx_hal_tim.c.obj
                0x000000000800a4bc                TIM_OC2_SetConfig
 .text.HAL_TIM_PWM_ConfigChannel
                0x000000000800a518       0xdc CMakeFiles/FreshmanProject-stm32.elf.dir/Drivers/STM32F4xx_HAL_Driver/Src/stm32f4xx_hal_tim.c.obj
                0x000000000800a518                HAL_TIM_PWM_ConfigChannel
 .text.TIM_ETR_SetConfig
                0x000000000800a5f4       0x1a CMakeFiles/FreshmanProject-stm32.elf.dir/Drivers/STM32F4xx_HAL_Driver/Src/stm32f4xx_hal_tim.c.obj
                0x000000000800a5f4                TIM_ETR_SetConfig
 .text.HAL_TIM_ConfigClockSource
                0x000000000800a60e       0xfe CMakeFiles/FreshmanProject-stm32.elf.dir/Drivers/STM32F4xx_HAL_Driver/Src/stm32f4xx_hal_tim.c.obj
                0x000000000800a60e                HAL_TIM_ConfigClockSource
 .text.TIM_CCxChannelCmd
                0x000000000800a70c       0x1e CMakeFiles/FreshmanProject-stm32.elf.dir/Drivers/STM32F4xx_HAL_Driver/Src/stm32f4xx_hal_tim.c.obj
                0x000000000800a70c                TIM_CCxChannelCmd
 *fill*         0x000000000800a72a        0x2 
 .text.HAL_TIM_PWM_Start
                0x000000000800a72c       0xf0 CMakeFiles/FreshmanProject-stm32.elf.dir/Drivers/STM32F4xx_HAL_Driver/Src/stm32f4xx_hal_tim.c.obj
                0x000000000800a72c                HAL_TIM_PWM_Start
 .text.HAL_TIMEx_MasterConfigSynchronization
                0x000000000800a81c       0x7c CMakeFiles/FreshmanProject-stm32.elf.dir/Drivers/STM32F4xx_HAL_Driver/Src/stm32f4xx_hal_tim_ex.c.obj
                0x000000000800a81c                HAL_TIMEx_MasterConfigSynchronization
 .text.HAL_TIMEx_CommutCallback
                0x000000000800a898        0x2 CMakeFiles/FreshmanProject-stm32.elf.dir/Drivers/STM32F4xx_HAL_Driver/Src/stm32f4xx_hal_tim_ex.c.obj
                0x000000000800a898                HAL_TIMEx_CommutCallback
 .text.HAL_TIMEx_BreakCallback
                0x000000000800a89a        0x2 CMakeFiles/FreshmanProject-stm32.elf.dir/Drivers/STM32F4xx_HAL_Driver/Src/stm32f4xx_hal_tim_ex.c.obj
                0x000000000800a89a                HAL_TIMEx_BreakCallback
 .text.UART_EndRxTransfer
                0x000000000800a89c       0x5c CMakeFiles/FreshmanProject-stm32.elf.dir/Drivers/STM32F4xx_HAL_Driver/Src/stm32f4xx_hal_uart.c.obj
 .text.UART_Transmit_IT
                0x000000000800a8f8       0x60 CMakeFiles/FreshmanProject-stm32.elf.dir/Drivers/STM32F4xx_HAL_Driver/Src/stm32f4xx_hal_uart.c.obj
 .text.UART_SetConfig
                0x000000000800a958      0x110 CMakeFiles/FreshmanProject-stm32.elf.dir/Drivers/STM32F4xx_HAL_Driver/Src/stm32f4xx_hal_uart.c.obj
 .text.UART_WaitOnFlagUntilTimeout
                0x000000000800aa68       0x84 CMakeFiles/FreshmanProject-stm32.elf.dir/Drivers/STM32F4xx_HAL_Driver/Src/stm32f4xx_hal_uart.c.obj
 .text.HAL_UART_Init
                0x000000000800aaec       0x5e CMakeFiles/FreshmanProject-stm32.elf.dir/Drivers/STM32F4xx_HAL_Driver/Src/stm32f4xx_hal_uart.c.obj
                0x000000000800aaec                HAL_UART_Init
 .text.HAL_HalfDuplex_Init
                0x000000000800ab4a       0x6a CMakeFiles/FreshmanProject-stm32.elf.dir/Drivers/STM32F4xx_HAL_Driver/Src/stm32f4xx_hal_uart.c.obj
                0x000000000800ab4a                HAL_HalfDuplex_Init
 .text.HAL_UART_Transmit
                0x000000000800abb4       0xd8 CMakeFiles/FreshmanProject-stm32.elf.dir/Drivers/STM32F4xx_HAL_Driver/Src/stm32f4xx_hal_uart.c.obj
                0x000000000800abb4                HAL_UART_Transmit
 .text.HAL_UART_Receive
                0x000000000800ac8c       0xe4 CMakeFiles/FreshmanProject-stm32.elf.dir/Drivers/STM32F4xx_HAL_Driver/Src/stm32f4xx_hal_uart.c.obj
                0x000000000800ac8c                HAL_UART_Receive
 .text.HAL_UART_TxCpltCallback
                0x000000000800ad70        0x2 CMakeFiles/FreshmanProject-stm32.elf.dir/Drivers/STM32F4xx_HAL_Driver/Src/stm32f4xx_hal_uart.c.obj
                0x000000000800ad70                HAL_UART_TxCpltCallback
 .text.UART_EndTransmit_IT
                0x000000000800ad72       0x1a CMakeFiles/FreshmanProject-stm32.elf.dir/Drivers/STM32F4xx_HAL_Driver/Src/stm32f4xx_hal_uart.c.obj
 .text.HAL_UART_ErrorCallback
                0x000000000800ad8c        0x2 CMakeFiles/FreshmanProject-stm32.elf.dir/Drivers/STM32F4xx_HAL_Driver/Src/stm32f4xx_hal_uart.c.obj
                0x000000000800ad8c                HAL_UART_ErrorCallback
 .text.UART_DMAAbortOnError
                0x000000000800ad8e       0x10 CMakeFiles/FreshmanProject-stm32.elf.dir/Drivers/STM32F4xx_HAL_Driver/Src/stm32f4xx_hal_uart.c.obj
 .text.HAL_UARTEx_RxEventCallback
                0x000000000800ad9e        0x2 CMakeFiles/FreshmanProject-stm32.elf.dir/Drivers/STM32F4xx_HAL_Driver/Src/stm32f4xx_hal_uart.c.obj
                0x000000000800ad9e                HAL_UARTEx_RxEventCallback
 .text.UART_Receive_IT
                0x000000000800ada0       0xe2 CMakeFiles/FreshmanProject-stm32.elf.dir/Drivers/STM32F4xx_HAL_Driver/Src/stm32f4xx_hal_uart.c.obj
 *fill*         0x000000000800ae82        0x2 
 .text.HAL_UART_IRQHandler
                0x000000000800ae84      0x27c CMakeFiles/FreshmanProject-stm32.elf.dir/Drivers/STM32F4xx_HAL_Driver/Src/stm32f4xx_hal_uart.c.obj
                0x000000000800ae84                HAL_UART_IRQHandler
 .text.UART_Start_Receive_IT
                0x000000000800b100       0x3a CMakeFiles/FreshmanProject-stm32.elf.dir/Drivers/STM32F4xx_HAL_Driver/Src/stm32f4xx_hal_uart.c.obj
                0x000000000800b100                UART_Start_Receive_IT
 .text.HAL_UART_Receive_IT
                0x000000000800b13a       0x38 CMakeFiles/FreshmanProject-stm32.elf.dir/Drivers/STM32F4xx_HAL_Driver/Src/stm32f4xx_hal_uart.c.obj
                0x000000000800b13a                HAL_UART_Receive_IT
 .text.SysTick_Handler
                0x000000000800b172       0x18 CMakeFiles/FreshmanProject-stm32.elf.dir/Middlewares/Third_Party/FreeRTOS/Source/CMSIS_RTOS_V2/cmsis_os2.c.obj
                0x000000000800b172                SysTick_Handler
 *fill*         0x000000000800b18a        0x2 
 .text.osKernelInitialize
                0x000000000800b18c       0x24 CMakeFiles/FreshmanProject-stm32.elf.dir/Middlewares/Third_Party/FreeRTOS/Source/CMSIS_RTOS_V2/cmsis_os2.c.obj
                0x000000000800b18c                osKernelInitialize
 .text.osKernelStart
                0x000000000800b1b0       0x38 CMakeFiles/FreshmanProject-stm32.elf.dir/Middlewares/Third_Party/FreeRTOS/Source/CMSIS_RTOS_V2/cmsis_os2.c.obj
                0x000000000800b1b0                osKernelStart
 .text.osThreadNew
                0x000000000800b1e8       0xbe CMakeFiles/FreshmanProject-stm32.elf.dir/Middlewares/Third_Party/FreeRTOS/Source/CMSIS_RTOS_V2/cmsis_os2.c.obj
                0x000000000800b1e8                osThreadNew
 .text.osDelay  0x000000000800b2a6       0x1c CMakeFiles/FreshmanProject-stm32.elf.dir/Middlewares/Third_Party/FreeRTOS/Source/CMSIS_RTOS_V2/cmsis_os2.c.obj
                0x000000000800b2a6                osDelay
 *fill*         0x000000000800b2c2        0x2 
 .text.vApplicationGetIdleTaskMemory
                0x000000000800b2c4       0x18 CMakeFiles/FreshmanProject-stm32.elf.dir/Middlewares/Third_Party/FreeRTOS/Source/CMSIS_RTOS_V2/cmsis_os2.c.obj
                0x000000000800b2c4                vApplicationGetIdleTaskMemory
 .text.vApplicationGetTimerTaskMemory
                0x000000000800b2dc       0x18 CMakeFiles/FreshmanProject-stm32.elf.dir/Middlewares/Third_Party/FreeRTOS/Source/CMSIS_RTOS_V2/cmsis_os2.c.obj
                0x000000000800b2dc                vApplicationGetTimerTaskMemory
 .text.vListInitialise
                0x000000000800b2f4       0x16 CMakeFiles/FreshmanProject-stm32.elf.dir/Middlewares/Third_Party/FreeRTOS/Source/list.c.obj
                0x000000000800b2f4                vListInitialise
 .text.vListInitialiseItem
                0x000000000800b30a        0x6 CMakeFiles/FreshmanProject-stm32.elf.dir/Middlewares/Third_Party/FreeRTOS/Source/list.c.obj
                0x000000000800b30a                vListInitialiseItem
 .text.vListInsertEnd
                0x000000000800b310       0x16 CMakeFiles/FreshmanProject-stm32.elf.dir/Middlewares/Third_Party/FreeRTOS/Source/list.c.obj
                0x000000000800b310                vListInsertEnd
 .text.vListInsert
                0x000000000800b326       0x32 CMakeFiles/FreshmanProject-stm32.elf.dir/Middlewares/Third_Party/FreeRTOS/Source/list.c.obj
                0x000000000800b326                vListInsert
 .text.uxListRemove
                0x000000000800b358       0x26 CMakeFiles/FreshmanProject-stm32.elf.dir/Middlewares/Third_Party/FreeRTOS/Source/list.c.obj
                0x000000000800b358                uxListRemove
 *fill*         0x000000000800b37e        0x2 
 .text.prvTaskExitError
                0x000000000800b380       0x40 CMakeFiles/FreshmanProject-stm32.elf.dir/Middlewares/Third_Party/FreeRTOS/Source/portable/GCC/ARM_CM4F/port.c.obj
 .text.prvPortStartFirstTask
                0x000000000800b3c0       0x28 CMakeFiles/FreshmanProject-stm32.elf.dir/Middlewares/Third_Party/FreeRTOS/Source/portable/GCC/ARM_CM4F/port.c.obj
 .text.vPortEnableVFP
                0x000000000800b3e8       0x14 CMakeFiles/FreshmanProject-stm32.elf.dir/Middlewares/Third_Party/FreeRTOS/Source/portable/GCC/ARM_CM4F/port.c.obj
 .text.pxPortInitialiseStack
                0x000000000800b3fc       0x2c CMakeFiles/FreshmanProject-stm32.elf.dir/Middlewares/Third_Party/FreeRTOS/Source/portable/GCC/ARM_CM4F/port.c.obj
                0x000000000800b3fc                pxPortInitialiseStack
 *fill*         0x000000000800b428        0x8 
 .text.SVC_Handler
                0x000000000800b430       0x24 CMakeFiles/FreshmanProject-stm32.elf.dir/Middlewares/Third_Party/FreeRTOS/Source/portable/GCC/ARM_CM4F/port.c.obj
                0x000000000800b430                SVC_Handler
 .text.vPortEnterCritical
                0x000000000800b454       0x44 CMakeFiles/FreshmanProject-stm32.elf.dir/Middlewares/Third_Party/FreeRTOS/Source/portable/GCC/ARM_CM4F/port.c.obj
                0x000000000800b454                vPortEnterCritical
 .text.vPortExitCritical
                0x000000000800b498       0x2c CMakeFiles/FreshmanProject-stm32.elf.dir/Middlewares/Third_Party/FreeRTOS/Source/portable/GCC/ARM_CM4F/port.c.obj
                0x000000000800b498                vPortExitCritical
 *fill*         0x000000000800b4c4        0xc 
 .text.PendSV_Handler
                0x000000000800b4d0       0x64 CMakeFiles/FreshmanProject-stm32.elf.dir/Middlewares/Third_Party/FreeRTOS/Source/portable/GCC/ARM_CM4F/port.c.obj
                0x000000000800b4d0                PendSV_Handler
 .text.xPortSysTickHandler
                0x000000000800b534       0x2c CMakeFiles/FreshmanProject-stm32.elf.dir/Middlewares/Third_Party/FreeRTOS/Source/portable/GCC/ARM_CM4F/port.c.obj
                0x000000000800b534                xPortSysTickHandler
 .text.vPortSetupTimerInterrupt
                0x000000000800b560       0x28 CMakeFiles/FreshmanProject-stm32.elf.dir/Middlewares/Third_Party/FreeRTOS/Source/portable/GCC/ARM_CM4F/port.c.obj
                0x000000000800b560                vPortSetupTimerInterrupt
 .text.xPortStartScheduler
                0x000000000800b588      0x118 CMakeFiles/FreshmanProject-stm32.elf.dir/Middlewares/Third_Party/FreeRTOS/Source/portable/GCC/ARM_CM4F/port.c.obj
                0x000000000800b588                xPortStartScheduler
 .text.vPortValidateInterruptPriority
                0x000000000800b6a0       0x5c CMakeFiles/FreshmanProject-stm32.elf.dir/Middlewares/Third_Party/FreeRTOS/Source/portable/GCC/ARM_CM4F/port.c.obj
                0x000000000800b6a0                vPortValidateInterruptPriority
 .text.prvHeapInit
                0x000000000800b6fc       0x64 CMakeFiles/FreshmanProject-stm32.elf.dir/Middlewares/Third_Party/FreeRTOS/Source/portable/MemMang/heap_4.c.obj
 .text.prvInsertBlockIntoFreeList
                0x000000000800b760       0x64 CMakeFiles/FreshmanProject-stm32.elf.dir/Middlewares/Third_Party/FreeRTOS/Source/portable/MemMang/heap_4.c.obj
 .text.pvPortMalloc
                0x000000000800b7c4      0x104 CMakeFiles/FreshmanProject-stm32.elf.dir/Middlewares/Third_Party/FreeRTOS/Source/portable/MemMang/heap_4.c.obj
                0x000000000800b7c4                pvPortMalloc
 .text.vPortFree
                0x000000000800b8c8       0x7c CMakeFiles/FreshmanProject-stm32.elf.dir/Middlewares/Third_Party/FreeRTOS/Source/portable/MemMang/heap_4.c.obj
                0x000000000800b8c8                vPortFree
 .text.prvIsQueueFull
                0x000000000800b944       0x1e CMakeFiles/FreshmanProject-stm32.elf.dir/Middlewares/Third_Party/FreeRTOS/Source/queue.c.obj
 .text.prvIsQueueEmpty
                0x000000000800b962       0x1a CMakeFiles/FreshmanProject-stm32.elf.dir/Middlewares/Third_Party/FreeRTOS/Source/queue.c.obj
 .text.prvCopyDataToQueue
                0x000000000800b97c       0x76 CMakeFiles/FreshmanProject-stm32.elf.dir/Middlewares/Third_Party/FreeRTOS/Source/queue.c.obj
 .text.prvCopyDataFromQueue
                0x000000000800b9f2       0x24 CMakeFiles/FreshmanProject-stm32.elf.dir/Middlewares/Third_Party/FreeRTOS/Source/queue.c.obj
 .text.prvUnlockQueue
                0x000000000800ba16       0x6e CMakeFiles/FreshmanProject-stm32.elf.dir/Middlewares/Third_Party/FreeRTOS/Source/queue.c.obj
 .text.xQueueGenericReset
                0x000000000800ba84       0x84 CMakeFiles/FreshmanProject-stm32.elf.dir/Middlewares/Third_Party/FreeRTOS/Source/queue.c.obj
                0x000000000800ba84                xQueueGenericReset
 .text.prvInitialiseNewQueue
                0x000000000800bb08       0x22 CMakeFiles/FreshmanProject-stm32.elf.dir/Middlewares/Third_Party/FreeRTOS/Source/queue.c.obj
 .text.xQueueGenericCreateStatic
                0x000000000800bb2a       0x94 CMakeFiles/FreshmanProject-stm32.elf.dir/Middlewares/Third_Party/FreeRTOS/Source/queue.c.obj
                0x000000000800bb2a                xQueueGenericCreateStatic
 .text.xQueueGenericCreate
                0x000000000800bbbe       0x48 CMakeFiles/FreshmanProject-stm32.elf.dir/Middlewares/Third_Party/FreeRTOS/Source/queue.c.obj
                0x000000000800bbbe                xQueueGenericCreate
 .text.xQueueGenericSend
                0x000000000800bc06      0x188 CMakeFiles/FreshmanProject-stm32.elf.dir/Middlewares/Third_Party/FreeRTOS/Source/queue.c.obj
                0x000000000800bc06                xQueueGenericSend
 .text.prvInitialiseMutex
                0x000000000800bd8e       0x18 CMakeFiles/FreshmanProject-stm32.elf.dir/Middlewares/Third_Party/FreeRTOS/Source/queue.c.obj
 .text.xQueueCreateMutex
                0x000000000800bda6       0x16 CMakeFiles/FreshmanProject-stm32.elf.dir/Middlewares/Third_Party/FreeRTOS/Source/queue.c.obj
                0x000000000800bda6                xQueueCreateMutex
 .text.xQueueGenericSendFromISR
                0x000000000800bdbc       0xce CMakeFiles/FreshmanProject-stm32.elf.dir/Middlewares/Third_Party/FreeRTOS/Source/queue.c.obj
                0x000000000800bdbc                xQueueGenericSendFromISR
 .text.xQueueReceive
                0x000000000800be8a      0x15e CMakeFiles/FreshmanProject-stm32.elf.dir/Middlewares/Third_Party/FreeRTOS/Source/queue.c.obj
                0x000000000800be8a                xQueueReceive
 .text.vQueueAddToRegistry
                0x000000000800bfe8       0x28 CMakeFiles/FreshmanProject-stm32.elf.dir/Middlewares/Third_Party/FreeRTOS/Source/queue.c.obj
                0x000000000800bfe8                vQueueAddToRegistry
 .text.vQueueWaitForMessageRestricted
                0x000000000800c010       0x52 CMakeFiles/FreshmanProject-stm32.elf.dir/Middlewares/Third_Party/FreeRTOS/Source/queue.c.obj
                0x000000000800c010                vQueueWaitForMessageRestricted
 *fill*         0x000000000800c062        0x2 
 .text.prvResetNextTaskUnblockTime
                0x000000000800c064       0x2c CMakeFiles/FreshmanProject-stm32.elf.dir/Middlewares/Third_Party/FreeRTOS/Source/tasks.c.obj
 .text.prvInitialiseNewTask
                0x000000000800c090      0x102 CMakeFiles/FreshmanProject-stm32.elf.dir/Middlewares/Third_Party/FreeRTOS/Source/tasks.c.obj
 *fill*         0x000000000800c192        0x2 
 .text.prvInitialiseTaskLists
                0x000000000800c194       0x68 CMakeFiles/FreshmanProject-stm32.elf.dir/Middlewares/Third_Party/FreeRTOS/Source/tasks.c.obj
 .text.prvAddNewTaskToReadyList
                0x000000000800c1fc       0xac CMakeFiles/FreshmanProject-stm32.elf.dir/Middlewares/Third_Party/FreeRTOS/Source/tasks.c.obj
 .text.prvDeleteTCB
                0x000000000800c2a8       0x40 CMakeFiles/FreshmanProject-stm32.elf.dir/Middlewares/Third_Party/FreeRTOS/Source/tasks.c.obj
 .text.prvCheckTasksWaitingTermination
                0x000000000800c2e8       0x4c CMakeFiles/FreshmanProject-stm32.elf.dir/Middlewares/Third_Party/FreeRTOS/Source/tasks.c.obj
 .text.prvIdleTask
                0x000000000800c334       0x28 CMakeFiles/FreshmanProject-stm32.elf.dir/Middlewares/Third_Party/FreeRTOS/Source/tasks.c.obj
 .text.prvAddCurrentTaskToDelayedList
                0x000000000800c35c       0x7c CMakeFiles/FreshmanProject-stm32.elf.dir/Middlewares/Third_Party/FreeRTOS/Source/tasks.c.obj
 .text.xTaskCreateStatic
                0x000000000800c3d8       0x7a CMakeFiles/FreshmanProject-stm32.elf.dir/Middlewares/Third_Party/FreeRTOS/Source/tasks.c.obj
                0x000000000800c3d8                xTaskCreateStatic
 .text.xTaskCreate
                0x000000000800c452       0x66 CMakeFiles/FreshmanProject-stm32.elf.dir/Middlewares/Third_Party/FreeRTOS/Source/tasks.c.obj
                0x000000000800c452                xTaskCreate
 .text.vTaskStartScheduler
                0x000000000800c4b8       0xac CMakeFiles/FreshmanProject-stm32.elf.dir/Middlewares/Third_Party/FreeRTOS/Source/tasks.c.obj
                0x000000000800c4b8                vTaskStartScheduler
 .text.vTaskSuspendAll
                0x000000000800c564       0x10 CMakeFiles/FreshmanProject-stm32.elf.dir/Middlewares/Third_Party/FreeRTOS/Source/tasks.c.obj
                0x000000000800c564                vTaskSuspendAll
 .text.xTaskGetTickCount
                0x000000000800c574        0xc CMakeFiles/FreshmanProject-stm32.elf.dir/Middlewares/Third_Party/FreeRTOS/Source/tasks.c.obj
                0x000000000800c574                xTaskGetTickCount
 .text.xTaskIncrementTick
                0x000000000800c580      0x118 CMakeFiles/FreshmanProject-stm32.elf.dir/Middlewares/Third_Party/FreeRTOS/Source/tasks.c.obj
                0x000000000800c580                xTaskIncrementTick
 .text.xTaskResumeAll
                0x000000000800c698       0xf8 CMakeFiles/FreshmanProject-stm32.elf.dir/Middlewares/Third_Party/FreeRTOS/Source/tasks.c.obj
                0x000000000800c698                xTaskResumeAll
 .text.vTaskDelay
                0x000000000800c790       0x4c CMakeFiles/FreshmanProject-stm32.elf.dir/Middlewares/Third_Party/FreeRTOS/Source/tasks.c.obj
                0x000000000800c790                vTaskDelay
 .text.vTaskSwitchContext
                0x000000000800c7dc       0xa4 CMakeFiles/FreshmanProject-stm32.elf.dir/Middlewares/Third_Party/FreeRTOS/Source/tasks.c.obj
                0x000000000800c7dc                vTaskSwitchContext
 .text.vTaskPlaceOnEventList
                0x000000000800c880       0x30 CMakeFiles/FreshmanProject-stm32.elf.dir/Middlewares/Third_Party/FreeRTOS/Source/tasks.c.obj
                0x000000000800c880                vTaskPlaceOnEventList
 .text.vTaskPlaceOnEventListRestricted
                0x000000000800c8b0       0x38 CMakeFiles/FreshmanProject-stm32.elf.dir/Middlewares/Third_Party/FreeRTOS/Source/tasks.c.obj
                0x000000000800c8b0                vTaskPlaceOnEventListRestricted
 .text.xTaskRemoveFromEventList
                0x000000000800c8e8       0x8c CMakeFiles/FreshmanProject-stm32.elf.dir/Middlewares/Third_Party/FreeRTOS/Source/tasks.c.obj
                0x000000000800c8e8                xTaskRemoveFromEventList
 .text.vTaskInternalSetTimeOutState
                0x000000000800c974       0x18 CMakeFiles/FreshmanProject-stm32.elf.dir/Middlewares/Third_Party/FreeRTOS/Source/tasks.c.obj
                0x000000000800c974                vTaskInternalSetTimeOutState
 .text.xTaskCheckForTimeOut
                0x000000000800c98c       0x84 CMakeFiles/FreshmanProject-stm32.elf.dir/Middlewares/Third_Party/FreeRTOS/Source/tasks.c.obj
                0x000000000800c98c                xTaskCheckForTimeOut
 .text.vTaskMissedYield
                0x000000000800ca10        0xc CMakeFiles/FreshmanProject-stm32.elf.dir/Middlewares/Third_Party/FreeRTOS/Source/tasks.c.obj
                0x000000000800ca10                vTaskMissedYield
 .text.xTaskGetSchedulerState
                0x000000000800ca1c       0x20 CMakeFiles/FreshmanProject-stm32.elf.dir/Middlewares/Third_Party/FreeRTOS/Source/tasks.c.obj
                0x000000000800ca1c                xTaskGetSchedulerState
 .text.xTaskPriorityDisinherit
                0x000000000800ca3c       0x90 CMakeFiles/FreshmanProject-stm32.elf.dir/Middlewares/Third_Party/FreeRTOS/Source/tasks.c.obj
                0x000000000800ca3c                xTaskPriorityDisinherit
 .text.prvGetNextExpireTime
                0x000000000800cacc       0x20 CMakeFiles/FreshmanProject-stm32.elf.dir/Middlewares/Third_Party/FreeRTOS/Source/timers.c.obj
 .text.prvInsertTimerInActiveList
                0x000000000800caec       0x48 CMakeFiles/FreshmanProject-stm32.elf.dir/Middlewares/Third_Party/FreeRTOS/Source/timers.c.obj
 .text.prvCheckForValidListAndQueue
                0x000000000800cb34       0x70 CMakeFiles/FreshmanProject-stm32.elf.dir/Middlewares/Third_Party/FreeRTOS/Source/timers.c.obj
 .text.xTimerCreateTimerTask
                0x000000000800cba4       0x64 CMakeFiles/FreshmanProject-stm32.elf.dir/Middlewares/Third_Party/FreeRTOS/Source/timers.c.obj
                0x000000000800cba4                xTimerCreateTimerTask
 .text.xTimerGenericCommand
                0x000000000800cc08       0x6c CMakeFiles/FreshmanProject-stm32.elf.dir/Middlewares/Third_Party/FreeRTOS/Source/timers.c.obj
                0x000000000800cc08                xTimerGenericCommand
 .text.prvSwitchTimerLists
                0x000000000800cc74       0x7c CMakeFiles/FreshmanProject-stm32.elf.dir/Middlewares/Third_Party/FreeRTOS/Source/timers.c.obj
 .text.prvSampleTimeNow
                0x000000000800ccf0       0x2c CMakeFiles/FreshmanProject-stm32.elf.dir/Middlewares/Third_Party/FreeRTOS/Source/timers.c.obj
 .text.prvProcessExpiredTimer
                0x000000000800cd1c       0x6c CMakeFiles/FreshmanProject-stm32.elf.dir/Middlewares/Third_Party/FreeRTOS/Source/timers.c.obj
 .text.prvProcessTimerOrBlockTask
                0x000000000800cd88       0x74 CMakeFiles/FreshmanProject-stm32.elf.dir/Middlewares/Third_Party/FreeRTOS/Source/timers.c.obj
 .text.prvProcessReceivedCommands
                0x000000000800cdfc      0x10c CMakeFiles/FreshmanProject-stm32.elf.dir/Middlewares/Third_Party/FreeRTOS/Source/timers.c.obj
 .text.prvTimerTask
                0x000000000800cf08       0x16 CMakeFiles/FreshmanProject-stm32.elf.dir/Middlewares/Third_Party/FreeRTOS/Source/timers.c.obj
 .text.Mpu6050_writeReg
                0x000000000800cf1e       0x26 CMakeFiles/FreshmanProject-stm32.elf.dir/UC/Mpu6050.c.obj
                0x000000000800cf1e                Mpu6050_writeReg
 .text.MPU_Set_Gyro_Fsr
                0x000000000800cf44       0x10 CMakeFiles/FreshmanProject-stm32.elf.dir/UC/Mpu6050.c.obj
                0x000000000800cf44                MPU_Set_Gyro_Fsr
 .text.MPU_Set_Accel_Fsr
                0x000000000800cf54       0x10 CMakeFiles/FreshmanProject-stm32.elf.dir/UC/Mpu6050.c.obj
                0x000000000800cf54                MPU_Set_Accel_Fsr
 .text.MPU_Set_LPF
                0x000000000800cf64       0x34 CMakeFiles/FreshmanProject-stm32.elf.dir/UC/Mpu6050.c.obj
                0x000000000800cf64                MPU_Set_LPF
 .text.MPU_Set_Rate
                0x000000000800cf98       0x38 CMakeFiles/FreshmanProject-stm32.elf.dir/UC/Mpu6050.c.obj
                0x000000000800cf98                MPU_Set_Rate
 .text.Mpu6050_readReg
                0x000000000800cfd0       0x26 CMakeFiles/FreshmanProject-stm32.elf.dir/UC/Mpu6050.c.obj
                0x000000000800cfd0                Mpu6050_readReg
 *fill*         0x000000000800cff6        0x2 
 .text.Mpu6050_Init
                0x000000000800cff8       0xe0 CMakeFiles/FreshmanProject-stm32.elf.dir/UC/Mpu6050.c.obj
                0x000000000800cff8                Mpu6050_Init
 .text.MPU6050_readLen
                0x000000000800d0d8       0x1e CMakeFiles/FreshmanProject-stm32.elf.dir/UC/Mpu6050.c.obj
                0x000000000800d0d8                MPU6050_readLen
 *fill*         0x000000000800d0f6        0x2 
 .text.Mpu6050_getGyroscope
                0x000000000800d0f8       0x9c CMakeFiles/FreshmanProject-stm32.elf.dir/UC/Mpu6050.c.obj
                0x000000000800d0f8                Mpu6050_getGyroscope
 .text.Mpu6050_getAccelerometer
                0x000000000800d194       0x9c CMakeFiles/FreshmanProject-stm32.elf.dir/UC/Mpu6050.c.obj
                0x000000000800d194                Mpu6050_getAccelerometer
 .text.Mpup6050_update
                0x000000000800d230      0x2c4 CMakeFiles/FreshmanProject-stm32.elf.dir/UC/Mpu6050.c.obj
                0x000000000800d230                Mpup6050_update
 *fill*         0x000000000800d4f4        0x4 
 .text.StartSensorTask
                0x000000000800d4f8      0x11c CMakeFiles/FreshmanProject-stm32.elf.dir/UC/USER_main.c.obj
                0x000000000800d4f8                StartSensorTask
 .text.HAL_UART_RxCpltCallback
                0x000000000800d614       0x88 CMakeFiles/FreshmanProject-stm32.elf.dir/UC/USER_main.c.obj
                0x000000000800d614                HAL_UART_RxCpltCallback
 .text.MAF_init
                0x000000000800d69c       0x2c CMakeFiles/FreshmanProject-stm32.elf.dir/UC/moving_average_filter.c.obj
                0x000000000800d69c                MAF_init
 .text.MAF_update
                0x000000000800d6c8       0x4c CMakeFiles/FreshmanProject-stm32.elf.dir/UC/moving_average_filter.c.obj
                0x000000000800d6c8                MAF_update
 .text.RetargetInit
                0x000000000800d714       0x20 CMakeFiles/FreshmanProject-stm32.elf.dir/UC/retarget.c.obj
                0x000000000800d714                RetargetInit
 .text._isatty  0x000000000800d734       0x16 CMakeFiles/FreshmanProject-stm32.elf.dir/UC/retarget.c.obj
                0x000000000800d734                _isatty
 *fill*         0x000000000800d74a        0x2 
 .text._write   0x000000000800d74c       0x34 CMakeFiles/FreshmanProject-stm32.elf.dir/UC/retarget.c.obj
                0x000000000800d74c                _write
 .text._close   0x000000000800d780       0x18 CMakeFiles/FreshmanProject-stm32.elf.dir/UC/retarget.c.obj
                0x000000000800d780                _close
 .text._lseek   0x000000000800d798       0x10 CMakeFiles/FreshmanProject-stm32.elf.dir/UC/retarget.c.obj
                0x000000000800d798                _lseek
 .text._read    0x000000000800d7a8       0x30 CMakeFiles/FreshmanProject-stm32.elf.dir/UC/retarget.c.obj
                0x000000000800d7a8                _read
 .text._fstat   0x000000000800d7d8       0x1a CMakeFiles/FreshmanProject-stm32.elf.dir/UC/retarget.c.obj
                0x000000000800d7d8                _fstat
 *fill*         0x000000000800d7f2        0x2 
 .text.startup  0x000000000800d7f4       0x14 /usr/lib/gcc/arm-none-eabi/12.2.1/../../../arm-none-eabi/lib/thumb/v7e-m+fp/hard/libc.a(lib_a-__call_atexit.o)
 *(.glue_7)
 .glue_7        0x000000000800d808        0x0 linker stubs
 *(.glue_7t)
 .glue_7t       0x000000000800d808        0x0 linker stubs
 *(.eh_frame)
 .eh_frame      0x000000000800d808        0x0 /usr/lib/gcc/arm-none-eabi/12.2.1/thumb/v7e-m+fp/hard/crtbegin.o
 *(.init)
 .init          0x000000000800d808        0x4 /usr/lib/gcc/arm-none-eabi/12.2.1/thumb/v7e-m+fp/hard/crti.o
                0x000000000800d808                _init
 .init          0x000000000800d80c        0x8 /usr/lib/gcc/arm-none-eabi/12.2.1/thumb/v7e-m+fp/hard/crtn.o
 *(.fini)
 .fini          0x000000000800d814        0x4 /usr/lib/gcc/arm-none-eabi/12.2.1/thumb/v7e-m+fp/hard/crti.o
                0x000000000800d814                _fini
 .fini          0x000000000800d818        0x8 /usr/lib/gcc/arm-none-eabi/12.2.1/thumb/v7e-m+fp/hard/crtn.o
                0x000000000800d820                . = ALIGN (0x4)
                0x000000000800d820                _etext = .

.vfp11_veneer   0x000000000800d820        0x0
 .vfp11_veneer  0x000000000800d820        0x0 linker stubs

.v4_bx          0x000000000800d820        0x0
 .v4_bx         0x000000000800d820        0x0 linker stubs

.iplt           0x000000000800d820        0x0
 .iplt          0x000000000800d820        0x0 /usr/lib/gcc/arm-none-eabi/12.2.1/thumb/v7e-m+fp/hard/crtbegin.o

.rodata         0x000000000800d820      0x4bc
                0x000000000800d820                . = ALIGN (0x4)
 *(.rodata)
 .rodata        0x000000000800d820       0x20 CMakeFiles/FreshmanProject-stm32.elf.dir/UC/Mpu6050.c.obj
 .rodata        0x000000000800d840        0x4 /usr/lib/gcc/arm-none-eabi/12.2.1/../../../arm-none-eabi/lib/thumb/v7e-m+fp/hard/libc.a(lib_a-impure.o)
                0x000000000800d840                _global_impure_ptr
 .rodata        0x000000000800d844       0x20 /usr/lib/gcc/arm-none-eabi/12.2.1/../../../arm-none-eabi/lib/thumb/v7e-m+fp/hard/libc.a(lib_a-vfprintf.o)
 *fill*         0x000000000800d864        0x4 
 .rodata        0x000000000800d868      0x128 /usr/lib/gcc/arm-none-eabi/12.2.1/../../../arm-none-eabi/lib/thumb/v7e-m+fp/hard/libc.a(lib_a-mprec.o)
                0x000000000800d878                __mprec_tens
                0x000000000800d940                __mprec_tinytens
                0x000000000800d968                __mprec_bigtens
 .rodata        0x000000000800d990       0x20 /usr/lib/gcc/arm-none-eabi/12.2.1/../../../arm-none-eabi/lib/thumb/v7e-m+fp/hard/libc.a(lib_a-vfiprintf.o)
 .rodata        0x000000000800d9b0      0x101 /usr/lib/gcc/arm-none-eabi/12.2.1/../../../arm-none-eabi/lib/thumb/v7e-m+fp/hard/libc.a(lib_a-ctype_.o)
                0x000000000800d9b0                _ctype_
 *fill*         0x000000000800dab1        0x7 
 .rodata        0x000000000800dab8       0x30 /usr/lib/gcc/arm-none-eabi/12.2.1/../../../arm-none-eabi/lib/thumb/v7e-m+fp/hard/libm.a(lib_a-e_atan2.o)
 .rodata        0x000000000800dae8       0x40 /usr/lib/gcc/arm-none-eabi/12.2.1/../../../arm-none-eabi/lib/thumb/v7e-m+fp/hard/libm.a(lib_a-s_atan.o)
 *(.rodata*)
 .rodata.str1.4
                0x000000000800db28       0x16 CMakeFiles/FreshmanProject-stm32.elf.dir/Core/Src/freertos.c.obj
 *fill*         0x000000000800db3e        0x2 
 .rodata.sensorTask_attributes
                0x000000000800db40       0x24 CMakeFiles/FreshmanProject-stm32.elf.dir/Core/Src/freertos.c.obj
                0x000000000800db40                sensorTask_attributes
 .rodata.APBPrescTable
                0x000000000800db64        0x8 CMakeFiles/FreshmanProject-stm32.elf.dir/Core/Src/system_stm32f4xx.c.obj
                0x000000000800db64                APBPrescTable
 .rodata.AHBPrescTable
                0x000000000800db6c       0x10 CMakeFiles/FreshmanProject-stm32.elf.dir/Core/Src/system_stm32f4xx.c.obj
                0x000000000800db6c                AHBPrescTable
 .rodata.vTaskStartScheduler.str1.4
                0x000000000800db7c        0x5 CMakeFiles/FreshmanProject-stm32.elf.dir/Middlewares/Third_Party/FreeRTOS/Source/tasks.c.obj
 *fill*         0x000000000800db81        0x3 
 .rodata.prvCheckForValidListAndQueue.str1.4
                0x000000000800db84        0x5 CMakeFiles/FreshmanProject-stm32.elf.dir/Middlewares/Third_Party/FreeRTOS/Source/timers.c.obj
 *fill*         0x000000000800db89        0x3 
 .rodata.xTimerCreateTimerTask.str1.4
                0x000000000800db8c        0x8 CMakeFiles/FreshmanProject-stm32.elf.dir/Middlewares/Third_Party/FreeRTOS/Source/timers.c.obj
 .rodata.StartSensorTask.str1.4
                0x000000000800db94       0x23 CMakeFiles/FreshmanProject-stm32.elf.dir/UC/USER_main.c.obj
 *fill*         0x000000000800dbb7        0x1 
 .rodata.str1.4
                0x000000000800dbb8        0x2 /usr/lib/gcc/arm-none-eabi/12.2.1/../../../arm-none-eabi/lib/thumb/v7e-m+fp/hard/libc.a(lib_a-puts.o)
 *fill*         0x000000000800dbba        0x2 
 .rodata.str1.4
                0x000000000800dbbc       0x42 /usr/lib/gcc/arm-none-eabi/12.2.1/../../../arm-none-eabi/lib/thumb/v7e-m+fp/hard/libc.a(lib_a-vfprintf.o)
 *fill*         0x000000000800dbfe        0x2 
 .rodata.str1.4
                0x000000000800dc00       0x56 /usr/lib/gcc/arm-none-eabi/12.2.1/../../../arm-none-eabi/lib/thumb/v7e-m+fp/hard/libc.a(lib_a-dtoa.o)
                                         0x5a (size before relaxing)
 *fill*         0x000000000800dc56        0x2 
 .rodata.str1.4
                0x000000000800dc58       0x33 /usr/lib/gcc/arm-none-eabi/12.2.1/../../../arm-none-eabi/lib/thumb/v7e-m+fp/hard/libc.a(lib_a-mprec.o)
                                         0x47 (size before relaxing)
 .rodata.str1.4
                0x000000000800dc8b       0x2f /usr/lib/gcc/arm-none-eabi/12.2.1/../../../arm-none-eabi/lib/thumb/v7e-m+fp/hard/libc.a(lib_a-vfiprintf.o)
 *fill*         0x000000000800dc8b        0x1 
 .rodata.str1.4
                0x000000000800dc8c       0x3f /usr/lib/gcc/arm-none-eabi/12.2.1/../../../arm-none-eabi/lib/thumb/v7e-m+fp/hard/libc.a(lib_a-assert.o)
                                         0x43 (size before relaxing)
 *fill*         0x000000000800dccb        0x1 
 .rodata.str1.4
                0x000000000800dccc        0xe /usr/lib/gcc/arm-none-eabi/12.2.1/../../../arm-none-eabi/lib/thumb/v7e-m+fp/hard/libc.a(lib_a-locale.o)
                                         0x12 (size before relaxing)
 .rodata.str1.4
                0x000000000800dcda        0x1 /usr/lib/gcc/arm-none-eabi/12.2.1/../../../arm-none-eabi/lib/thumb/v7e-m+fp/hard/libm.a(lib_a-w_asin.o)
                0x000000000800dcdc                . = ALIGN (0x4)
 *fill*         0x000000000800dcda        0x2 

.ARM.extab      0x000000000800dcdc        0x0
                0x000000000800dcdc                . = ALIGN (0x4)
 *(.ARM.extab* .gnu.linkonce.armextab.*)
                0x000000000800dcdc                . = ALIGN (0x4)

.ARM            0x000000000800dcdc        0x8
                0x000000000800dcdc                . = ALIGN (0x4)
                0x000000000800dcdc                __exidx_start = .
 *(.ARM.exidx*)
 .ARM.exidx     0x000000000800dcdc        0x8 /usr/lib/gcc/arm-none-eabi/12.2.1/thumb/v7e-m+fp/hard/libgcc.a(_udivmoddi4.o)
                0x000000000800dce4                __exidx_end = .
                0x000000000800dce4                . = ALIGN (0x4)

.rel.dyn        0x000000000800dce4        0x0
 .rel.iplt      0x000000000800dce4        0x0 /usr/lib/gcc/arm-none-eabi/12.2.1/thumb/v7e-m+fp/hard/crtbegin.o

.preinit_array  0x000000000800dce4        0x0
                0x000000000800dce4                . = ALIGN (0x4)
                0x000000000800dce4                PROVIDE (__preinit_array_start = .)
 *(.preinit_array*)
                0x000000000800dce4                PROVIDE (__preinit_array_end = .)
                0x000000000800dce4                . = ALIGN (0x4)

.init_array     0x000000000800dce4        0x8
                0x000000000800dce4                . = ALIGN (0x4)
                0x000000000800dce4                PROVIDE (__init_array_start = .)
 *(SORT_BY_NAME(.init_array.*))
 .init_array.00000
                0x000000000800dce4        0x4 /usr/lib/gcc/arm-none-eabi/12.2.1/../../../arm-none-eabi/lib/thumb/v7e-m+fp/hard/libc.a(lib_a-__call_atexit.o)
 *(.init_array*)
 .init_array    0x000000000800dce8        0x4 /usr/lib/gcc/arm-none-eabi/12.2.1/thumb/v7e-m+fp/hard/crtbegin.o
                0x000000000800dcec                PROVIDE (__init_array_end = .)
                0x000000000800dcec                . = ALIGN (0x4)

.fini_array     0x000000000800dcec        0x4
                0x000000000800dcec                . = ALIGN (0x4)
                0x000000000800dcec                PROVIDE (__fini_array_start = .)
 *(SORT_BY_NAME(.fini_array.*))
 *(.fini_array*)
 .fini_array    0x000000000800dcec        0x4 /usr/lib/gcc/arm-none-eabi/12.2.1/thumb/v7e-m+fp/hard/crtbegin.o
                0x000000000800dcf0                PROVIDE (__fini_array_end = .)
                0x000000000800dcf0                . = ALIGN (0x4)
                0x000000000800dcf0                _sidata = LOADADDR (.data)

.data           0x0000000020000000      0x9c0 load address 0x000000000800dcf0
                0x0000000020000000                . = ALIGN (0x4)
                0x0000000020000000                _sdata = .
 *(.data)
 .data          0x0000000020000000      0x430 /usr/lib/gcc/arm-none-eabi/12.2.1/../../../arm-none-eabi/lib/thumb/v7e-m+fp/hard/libc.a(lib_a-impure.o)
                0x0000000020000000                _impure_ptr
 .data          0x0000000020000430      0x410 /usr/lib/gcc/arm-none-eabi/12.2.1/../../../arm-none-eabi/lib/thumb/v7e-m+fp/hard/libc.a(lib_a-mallocr.o)
                0x0000000020000430                __malloc_av_
                0x0000000020000838                __malloc_sbrk_base
                0x000000002000083c                __malloc_trim_threshold
 .data          0x0000000020000840      0x16c /usr/lib/gcc/arm-none-eabi/12.2.1/../../../arm-none-eabi/lib/thumb/v7e-m+fp/hard/libc.a(lib_a-locale.o)
                0x0000000020000840                __global_locale
 .data          0x00000000200009ac        0x1 /usr/lib/gcc/arm-none-eabi/12.2.1/../../../arm-none-eabi/lib/thumb/v7e-m+fp/hard/libm.a(lib_a-s_lib_ver.o)
                0x00000000200009ac                __fdlib_version
 *(.data*)
 *fill*         0x00000000200009ad        0x3 
 .data.SystemCoreClock
                0x00000000200009b0        0x4 CMakeFiles/FreshmanProject-stm32.elf.dir/Core/Src/system_stm32f4xx.c.obj
                0x00000000200009b0                SystemCoreClock
 .data.uwTickFreq
                0x00000000200009b4        0x1 CMakeFiles/FreshmanProject-stm32.elf.dir/Drivers/STM32F4xx_HAL_Driver/Src/stm32f4xx_hal.c.obj
                0x00000000200009b4                uwTickFreq
 *fill*         0x00000000200009b5        0x3 
 .data.uwTickPrio
                0x00000000200009b8        0x4 CMakeFiles/FreshmanProject-stm32.elf.dir/Drivers/STM32F4xx_HAL_Driver/Src/stm32f4xx_hal.c.obj
                0x00000000200009b8                uwTickPrio
 .data.uxCriticalNesting
                0x00000000200009bc        0x4 CMakeFiles/FreshmanProject-stm32.elf.dir/Middlewares/Third_Party/FreeRTOS/Source/portable/GCC/ARM_CM4F/port.c.obj
 *(.RamFunc)
 *(.RamFunc*)
                0x00000000200009c0                . = ALIGN (0x4)
                0x00000000200009c0                _edata = .

.tm_clone_table
                0x00000000200009c0        0x0 load address 0x000000000800e6b0
 .tm_clone_table
                0x00000000200009c0        0x0 /usr/lib/gcc/arm-none-eabi/12.2.1/thumb/v7e-m+fp/hard/crtbegin.o
 .tm_clone_table
                0x00000000200009c0        0x0 /usr/lib/gcc/arm-none-eabi/12.2.1/thumb/v7e-m+fp/hard/crtend.o

.igot.plt       0x00000000200009c0        0x0 load address 0x000000000800e6b0
 .igot.plt      0x00000000200009c0        0x0 /usr/lib/gcc/arm-none-eabi/12.2.1/thumb/v7e-m+fp/hard/crtbegin.o
                0x00000000200009c0                . = ALIGN (0x4)

.bss            0x00000000200009c0     0x5458 load address 0x000000000800e6b0
                0x00000000200009c0                _sbss = .
                0x00000000200009c0                __bss_start__ = _sbss
 *(.bss)
 .bss           0x00000000200009c0       0x1c /usr/lib/gcc/arm-none-eabi/12.2.1/thumb/v7e-m+fp/hard/crtbegin.o
 .bss           0x00000000200009dc       0x34 /usr/lib/gcc/arm-none-eabi/12.2.1/../../../arm-none-eabi/lib/thumb/v7e-m+fp/hard/libc.a(lib_a-mallocr.o)
                0x00000000200009dc                __malloc_top_pad
                0x00000000200009e0                __malloc_current_mallinfo
                0x0000000020000a08                __malloc_max_sbrked_mem
                0x0000000020000a0c                __malloc_max_total_mem
 .bss           0x0000000020000a10        0x4 /usr/lib/gcc/arm-none-eabi/12.2.1/../../../arm-none-eabi/lib/thumb/v7e-m+fp/hard/libc.a(lib_a-reent.o)
                0x0000000020000a10                errno
 *(.bss*)
 .bss.sensorTaskHandle
                0x0000000020000a14        0x4 CMakeFiles/FreshmanProject-stm32.elf.dir/Core/Src/freertos.c.obj
                0x0000000020000a14                sensorTaskHandle
 .bss.sync_mutex
                0x0000000020000a18        0x4 CMakeFiles/FreshmanProject-stm32.elf.dir/Core/Src/freertos.c.obj
                0x0000000020000a18                sync_mutex
 .bss.data_mutex
                0x0000000020000a1c        0x4 CMakeFiles/FreshmanProject-stm32.elf.dir/Core/Src/freertos.c.obj
                0x0000000020000a1c                data_mutex
 .bss.hi2c1     0x0000000020000a20       0x54 CMakeFiles/FreshmanProject-stm32.elf.dir/Core/Src/i2c.c.obj
                0x0000000020000a20                hi2c1
 .bss.htim1     0x0000000020000a74       0x48 CMakeFiles/FreshmanProject-stm32.elf.dir/Core/Src/stm32f4xx_hal_timebase_tim.c.obj
                0x0000000020000a74                htim1
 .bss.__sbrk_heap_end
                0x0000000020000abc        0x4 CMakeFiles/FreshmanProject-stm32.elf.dir/Core/Src/sysmem.c.obj
 .bss.htim3     0x0000000020000ac0       0x48 CMakeFiles/FreshmanProject-stm32.elf.dir/Core/Src/tim.c.obj
                0x0000000020000ac0                htim3
 .bss.huart6    0x0000000020000b08       0x44 CMakeFiles/FreshmanProject-stm32.elf.dir/Core/Src/usart.c.obj
                0x0000000020000b08                huart6
 .bss.huart2    0x0000000020000b4c       0x44 CMakeFiles/FreshmanProject-stm32.elf.dir/Core/Src/usart.c.obj
                0x0000000020000b4c                huart2
 .bss.huart1    0x0000000020000b90       0x44 CMakeFiles/FreshmanProject-stm32.elf.dir/Core/Src/usart.c.obj
                0x0000000020000b90                huart1
 .bss.__lock___malloc_recursive_mutex
                0x0000000020000bd4        0x1 CMakeFiles/FreshmanProject-stm32.elf.dir/Core/ThreadSafe/newlib_lock_glue.c.obj
 *fill*         0x0000000020000bd5        0x3 
 .bss.uwTick    0x0000000020000bd8        0x4 CMakeFiles/FreshmanProject-stm32.elf.dir/Drivers/STM32F4xx_HAL_Driver/Src/stm32f4xx_hal.c.obj
                0x0000000020000bd8                uwTick
 .bss.Timer_Stack.0
                0x0000000020000bdc      0x400 CMakeFiles/FreshmanProject-stm32.elf.dir/Middlewares/Third_Party/FreeRTOS/Source/CMSIS_RTOS_V2/cmsis_os2.c.obj
 *fill*         0x0000000020000fdc        0x4 
 .bss.Timer_TCB.1
                0x0000000020000fe0      0x488 CMakeFiles/FreshmanProject-stm32.elf.dir/Middlewares/Third_Party/FreeRTOS/Source/CMSIS_RTOS_V2/cmsis_os2.c.obj
 .bss.Idle_Stack.2
                0x0000000020001468      0x200 CMakeFiles/FreshmanProject-stm32.elf.dir/Middlewares/Third_Party/FreeRTOS/Source/CMSIS_RTOS_V2/cmsis_os2.c.obj
 .bss.Idle_TCB.3
                0x0000000020001668      0x488 CMakeFiles/FreshmanProject-stm32.elf.dir/Middlewares/Third_Party/FreeRTOS/Source/CMSIS_RTOS_V2/cmsis_os2.c.obj
 .bss.KernelState
                0x0000000020001af0        0x4 CMakeFiles/FreshmanProject-stm32.elf.dir/Middlewares/Third_Party/FreeRTOS/Source/CMSIS_RTOS_V2/cmsis_os2.c.obj
 .bss.ulMaxPRIGROUPValue
                0x0000000020001af4        0x4 CMakeFiles/FreshmanProject-stm32.elf.dir/Middlewares/Third_Party/FreeRTOS/Source/portable/GCC/ARM_CM4F/port.c.obj
 .bss.ucMaxSysCallPriority
                0x0000000020001af8        0x1 CMakeFiles/FreshmanProject-stm32.elf.dir/Middlewares/Third_Party/FreeRTOS/Source/portable/GCC/ARM_CM4F/port.c.obj
 *fill*         0x0000000020001af9        0x3 
 .bss.xBlockAllocatedBit
                0x0000000020001afc        0x4 CMakeFiles/FreshmanProject-stm32.elf.dir/Middlewares/Third_Party/FreeRTOS/Source/portable/MemMang/heap_4.c.obj
 .bss.xNumberOfSuccessfulFrees
                0x0000000020001b00        0x4 CMakeFiles/FreshmanProject-stm32.elf.dir/Middlewares/Third_Party/FreeRTOS/Source/portable/MemMang/heap_4.c.obj
 .bss.xNumberOfSuccessfulAllocations
                0x0000000020001b04        0x4 CMakeFiles/FreshmanProject-stm32.elf.dir/Middlewares/Third_Party/FreeRTOS/Source/portable/MemMang/heap_4.c.obj
 .bss.xMinimumEverFreeBytesRemaining
                0x0000000020001b08        0x4 CMakeFiles/FreshmanProject-stm32.elf.dir/Middlewares/Third_Party/FreeRTOS/Source/portable/MemMang/heap_4.c.obj
 .bss.xFreeBytesRemaining
                0x0000000020001b0c        0x4 CMakeFiles/FreshmanProject-stm32.elf.dir/Middlewares/Third_Party/FreeRTOS/Source/portable/MemMang/heap_4.c.obj
 .bss.pxEnd     0x0000000020001b10        0x4 CMakeFiles/FreshmanProject-stm32.elf.dir/Middlewares/Third_Party/FreeRTOS/Source/portable/MemMang/heap_4.c.obj
 .bss.xStart    0x0000000020001b14        0x8 CMakeFiles/FreshmanProject-stm32.elf.dir/Middlewares/Third_Party/FreeRTOS/Source/portable/MemMang/heap_4.c.obj
 .bss.ucHeap    0x0000000020001b1c     0x3c00 CMakeFiles/FreshmanProject-stm32.elf.dir/Middlewares/Third_Party/FreeRTOS/Source/portable/MemMang/heap_4.c.obj
 .bss.xQueueRegistry
                0x000000002000571c       0x40 CMakeFiles/FreshmanProject-stm32.elf.dir/Middlewares/Third_Party/FreeRTOS/Source/queue.c.obj
                0x000000002000571c                xQueueRegistry
 .bss.uxSchedulerSuspended
                0x000000002000575c        0x4 CMakeFiles/FreshmanProject-stm32.elf.dir/Middlewares/Third_Party/FreeRTOS/Source/tasks.c.obj
 .bss.xIdleTaskHandle
                0x0000000020005760        0x4 CMakeFiles/FreshmanProject-stm32.elf.dir/Middlewares/Third_Party/FreeRTOS/Source/tasks.c.obj
 .bss.xNextTaskUnblockTime